ARM Linker, 5.03 [Build 24] [MDK-ARM Lite]

==============================================================================

Section Cross References

    startup_stm32f405xx.o(STACK) refers (Special) to heapauxi.o(.text) for __use_two_region_memory
    startup_stm32f405xx.o(HEAP) refers (Special) to heapauxi.o(.text) for __use_two_region_memory
    startup_stm32f405xx.o(RESET) refers (Special) to heapauxi.o(.text) for __use_two_region_memory
    startup_stm32f405xx.o(RESET) refers to startup_stm32f405xx.o(STACK) for __initial_sp
    startup_stm32f405xx.o(RESET) refers to startup_stm32f405xx.o(.text) for Reset_Handler
    startup_stm32f405xx.o(RESET) refers to stm32f4xx_it.o(i.NMI_Handler) for NMI_Handler
    startup_stm32f405xx.o(RESET) refers to stm32f4xx_it.o(i.HardFault_Handler) for HardFault_Handler
    startup_stm32f405xx.o(RESET) refers to stm32f4xx_it.o(i.MemManage_Handler) for MemManage_Handler
    startup_stm32f405xx.o(RESET) refers to stm32f4xx_it.o(i.BusFault_Handler) for BusFault_Handler
    startup_stm32f405xx.o(RESET) refers to stm32f4xx_it.o(i.UsageFault_Handler) for UsageFault_Handler
    startup_stm32f405xx.o(RESET) refers to port.o(.emb_text) for SVC_Handler
    startup_stm32f405xx.o(RESET) refers to stm32f4xx_it.o(i.DebugMon_Handler) for DebugMon_Handler
    startup_stm32f405xx.o(RESET) refers to port.o(i.SysTick_Handler) for SysTick_Handler
    startup_stm32f405xx.o(RESET) refers to stm32f4xx_it.o(i.TIM2_IRQHandler) for TIM2_IRQHandler
    startup_stm32f405xx.o(RESET) refers to stm32f4xx_it.o(i.TIM4_IRQHandler) for TIM4_IRQHandler
    startup_stm32f405xx.o(RESET) refers to stm32f4xx_it.o(i.DMA2_Stream0_IRQHandler) for DMA2_Stream0_IRQHandler
    startup_stm32f405xx.o(.text) refers (Special) to heapauxi.o(.text) for __use_two_region_memory
    startup_stm32f405xx.o(.text) refers to system_stm32f4xx.o(i.SystemInit) for SystemInit
    startup_stm32f405xx.o(.text) refers to __main.o(!!!main) for __main
    startup_stm32f405xx.o(.text) refers to startup_stm32f405xx.o(HEAP) for Heap_Mem
    startup_stm32f405xx.o(.text) refers to startup_stm32f405xx.o(STACK) for Stack_Mem
    fonts.o(.data) refers to fonts.o(.constdata) for Font7x10
    st7789.o(i.ST7789_DrawCircle) refers to stm32f4xx_hal_gpio.o(i.HAL_GPIO_WritePin) for HAL_GPIO_WritePin
    st7789.o(i.ST7789_DrawCircle) refers to st7789.o(i.ST7789_DrawPixel) for ST7789_DrawPixel
    st7789.o(i.ST7789_DrawFilledCircle) refers to stm32f4xx_hal_gpio.o(i.HAL_GPIO_WritePin) for HAL_GPIO_WritePin
    st7789.o(i.ST7789_DrawFilledCircle) refers to st7789.o(i.ST7789_DrawPixel) for ST7789_DrawPixel
    st7789.o(i.ST7789_DrawFilledCircle) refers to st7789.o(i.ST7789_DrawLine) for ST7789_DrawLine
    st7789.o(i.ST7789_DrawFilledRectangle) refers to stm32f4xx_hal_gpio.o(i.HAL_GPIO_WritePin) for HAL_GPIO_WritePin
    st7789.o(i.ST7789_DrawFilledRectangle) refers to st7789.o(i.ST7789_DrawLine) for ST7789_DrawLine
    st7789.o(i.ST7789_DrawFilledTriangle) refers to stm32f4xx_hal_gpio.o(i.HAL_GPIO_WritePin) for HAL_GPIO_WritePin
    st7789.o(i.ST7789_DrawFilledTriangle) refers to st7789.o(i.ST7789_DrawLine) for ST7789_DrawLine
    st7789.o(i.ST7789_DrawImage) refers to stm32f4xx_hal_gpio.o(i.HAL_GPIO_WritePin) for HAL_GPIO_WritePin
    st7789.o(i.ST7789_DrawImage) refers to st7789.o(i.ST7789_SetAddressWindow) for ST7789_SetAddressWindow
    st7789.o(i.ST7789_DrawImage) refers to st7789.o(i.ST7789_WriteData) for ST7789_WriteData
    st7789.o(i.ST7789_DrawLine) refers to st7789.o(i.ST7789_DrawPixel) for ST7789_DrawPixel
    st7789.o(i.ST7789_DrawPixel) refers to st7789.o(i.ST7789_SetAddressWindow) for ST7789_SetAddressWindow
    st7789.o(i.ST7789_DrawPixel) refers to stm32f4xx_hal_gpio.o(i.HAL_GPIO_WritePin) for HAL_GPIO_WritePin
    st7789.o(i.ST7789_DrawPixel) refers to st7789.o(i.ST7789_WriteData) for ST7789_WriteData
    st7789.o(i.ST7789_DrawPixel_4px) refers to stm32f4xx_hal_gpio.o(i.HAL_GPIO_WritePin) for HAL_GPIO_WritePin
    st7789.o(i.ST7789_DrawPixel_4px) refers to st7789.o(i.ST7789_Fill) for ST7789_Fill
    st7789.o(i.ST7789_DrawRectangle) refers to stm32f4xx_hal_gpio.o(i.HAL_GPIO_WritePin) for HAL_GPIO_WritePin
    st7789.o(i.ST7789_DrawRectangle) refers to st7789.o(i.ST7789_DrawLine) for ST7789_DrawLine
    st7789.o(i.ST7789_DrawTriangle) refers to stm32f4xx_hal_gpio.o(i.HAL_GPIO_WritePin) for HAL_GPIO_WritePin
    st7789.o(i.ST7789_DrawTriangle) refers to st7789.o(i.ST7789_DrawLine) for ST7789_DrawLine
    st7789.o(i.ST7789_Fill) refers to stm32f4xx_hal_gpio.o(i.HAL_GPIO_WritePin) for HAL_GPIO_WritePin
    st7789.o(i.ST7789_Fill) refers to st7789.o(i.ST7789_SetAddressWindow) for ST7789_SetAddressWindow
    st7789.o(i.ST7789_Fill) refers to st7789.o(i.ST7789_WriteData) for ST7789_WriteData
    st7789.o(i.ST7789_Fill_Color) refers to stm32f4xx_hal_gpio.o(i.HAL_GPIO_WritePin) for HAL_GPIO_WritePin
[...]
    i.NMI_Handler                            0x080025e2   Section        0  stm32f4xx_it.o(i.NMI_Handler)
    i.SPI_EndRxTxTransaction                 0x080025e4   Section        0  stm32f4xx_hal_spi.o(i.SPI_EndRxTxTransaction)
    SPI_EndRxTxTransaction                   0x080025e5   Thumb Code   102  stm32f4xx_hal_spi.o(i.SPI_EndRxTxTransaction)
    i.SPI_WaitFlagStateUntilTimeout          0x08002654   Section        0  stm32f4xx_hal_spi.o(i.SPI_WaitFlagStateUntilTimeout)
    SPI_WaitFlagStateUntilTimeout            0x08002655   Thumb Code   178  stm32f4xx_hal_spi.o(i.SPI_WaitFlagStateUntilTimeout)
    i.ST7789_Fill_Color                      0x0800270c   Section        0  st7789.o(i.ST7789_Fill_Color)
    i.ST7789_Init                            0x08002770   Section        0  st7789.o(i.ST7789_Init)
    i.ST7789_SetAddressWindow                0x080028f4   Section        0  st7789.o(i.ST7789_SetAddressWindow)
    ST7789_SetAddressWindow                  0x080028f5   Thumb Code   114  st7789.o(i.ST7789_SetAddressWindow)
    i.ST7789_SetRotation                     0x0800296c   Section        0  st7789.o(i.ST7789_SetRotation)
    i.ST7789_WriteChar                       0x0800299c   Section        0  st7789.o(i.ST7789_WriteChar)
    i.ST7789_WriteCommand                    0x08002a4c   Section        0  st7789.o(i.ST7789_WriteCommand)
    ST7789_WriteCommand                      0x08002a4d   Thumb Code    50  st7789.o(i.ST7789_WriteCommand)
    i.ST7789_WriteData                       0x08002a88   Section        0  st7789.o(i.ST7789_WriteData)
    ST7789_WriteData                         0x08002a89   Thumb Code    90  st7789.o(i.ST7789_WriteData)
    i.ST7789_WriteSmallData                  0x08002aec   Section        0  st7789.o(i.ST7789_WriteSmallData)
    ST7789_WriteSmallData                    0x08002aed   Thumb Code    50  st7789.o(i.ST7789_WriteSmallData)
    i.ST7789_WriteString                     0x08002b28   Section        0  st7789.o(i.ST7789_WriteString)
    i.StartTask01                            0x08002b9c   Section        0  main.o(i.StartTask01)
    i.StartTask02                            0x08002c00   Section        0  main.o(i.StartTask02)
    i.StartTask03                            0x08002c1c   Section        0  main.o(i.StartTask03)
    i.SysTick_Handler                        0x08002c74   Section        0  port.o(i.SysTick_Handler)
    i.SystemClock_Config                     0x08002ca0   Section        0  main.o(i.SystemClock_Config)
    i.SystemInit                             0x08002d34   Section        0  system_stm32f4xx.o(i.SystemInit)
    i.TIM2_IRQHandler                        0x08002d44   Section        0  stm32f4xx_it.o(i.TIM2_IRQHandler)
    i.TIM4_IRQHandler                        0x08002d50   Section        0  stm32f4xx_it.o(i.TIM4_IRQHandler)
    i.TIM_Base_SetConfig                     0x08002d5c   Section        0  stm32f4xx_hal_tim.o(i.TIM_Base_SetConfig)
    i.TIM_ETR_SetConfig                      0x08002e34   Section        0  stm32f4xx_hal_tim.o(i.TIM_ETR_SetConfig)
    i.TIM_ITRx_SetConfig                     0x08002e48   Section        0  stm32f4xx_hal_tim.o(i.TIM_ITRx_SetConfig)
    TIM_ITRx_SetConfig                       0x08002e49   Thumb Code    16  stm32f4xx_hal_tim.o(i.TIM_ITRx_SetConfig)
    i.TIM_TI1_ConfigInputStage               0x08002e58   Section        0  stm32f4xx_hal_tim.o(i.TIM_TI1_ConfigInputStage)
    TIM_TI1_ConfigInputStage                 0x08002e59   Thumb Code    34  stm32f4xx_hal_tim.o(i.TIM_TI1_ConfigInputStage)
    i.TIM_TI2_ConfigInputStage               0x08002e7a   Section        0  stm32f4xx_hal_tim.o(i.TIM_TI2_ConfigInputStage)
    TIM_TI2_ConfigInputStage                 0x08002e7b   Thumb Code    36  stm32f4xx_hal_tim.o(i.TIM_TI2_ConfigInputStage)
    i.UsageFault_Handler                     0x08002e9e   Section        0  stm32f4xx_it.o(i.UsageFault_Handler)
    i.__NVIC_SetPriority                     0x08002ea0   Section        0  stm32f4xx_hal_cortex.o(i.__NVIC_SetPriority)
    __NVIC_SetPriority                       0x08002ea1   Thumb Code    22  stm32f4xx_hal_cortex.o(i.__NVIC_SetPriority)
    i.inHandlerMode                          0x08002ec0   Section        0  cmsis_os.o(i.inHandlerMode)
    inHandlerMode                            0x08002ec1   Thumb Code    12  cmsis_os.o(i.inHandlerMode)
    i.main                                   0x08002ecc   Section        0  main.o(i.main)
    i.makeFreeRtosPriority                   0x08002f58   Section        0  cmsis_os.o(i.makeFreeRtosPriority)
    makeFreeRtosPriority                     0x08002f59   Thumb Code    12  cmsis_os.o(i.makeFreeRtosPriority)
    i.osDelay                                0x08002f64   Section        0  cmsis_os.o(i.osDelay)
    i.osKernelStart                          0x08002f72   Section        0  cmsis_os.o(i.osKernelStart)
    i.osMessageCreate                        0x08002f7c   Section        0  cmsis_os.o(i.osMessageCreate)
    i.osMessageGet                           0x08002fa4   Section        0  cmsis_os.o(i.osMessageGet)
    i.osMessagePut                           0x08003038   Section        0  cmsis_os.o(i.osMessagePut)
    i.osThreadCreate                         0x08003094   Section        0  cmsis_os.o(i.osThreadCreate)
    i.prvAddCurrentTaskToDelayedList         0x080030e8   Section        0  tasks.o(i.prvAddCurrentTaskToDelayedList)
    prvAddCurrentTaskToDelayedList           0x080030e9   Thumb Code   102  tasks.o(i.prvAddCurrentTaskToDelayedList)
    i.prvAddNewTaskToReadyList               0x08003158   Section        0  tasks.o(i.prvAddNewTaskToReadyList)
    prvAddNewTaskToReadyList                 0x08003159   Thumb Code   194  tasks.o(i.prvAddNewTaskToReadyList)
    i.prvCopyDataFromQueue                   0x08003228   Section        0  queue.o(i.prvCopyDataFromQueue)
    prvCopyDataFromQueue                     0x08003229   Thumb Code    38  queue.o(i.prvCopyDataFromQueue)
    i.prvCopyDataToQueue                     0x0800324e   Section        0  queue.o(i.prvCopyDataToQueue)
    prvCopyDataToQueue                       0x0800324f   Thumb Code   108  queue.o(i.prvCopyDataToQueue)
    i.prvDeleteTCB                           0x080032ba   Section        0  tasks.o(i.prvDeleteTCB)
    prvDeleteTCB                             0x080032bb   Thumb Code    52  tasks.o(i.prvDeleteTCB)
    i.prvHeapInit                            0x080032f0   Section        0  heap_4.o(i.prvHeapInit)
    prvHeapInit                              0x080032f1   Thumb Code    66  heap_4.o(i.prvHeapInit)
    i.prvIdleTask                            0x0800333c   Section        0  tasks.o(i.prvIdleTask)
    prvIdleTask                              0x0800333d   Thumb Code    82  tasks.o(i.prvIdleTask)
    i.prvInitialiseNewQueue                  0x0800339c   Section        0  queue.o(i.prvInitialiseNewQueue)
    prvInitialiseNewQueue                    0x0800339d   Thumb Code    22  queue.o(i.prvInitialiseNewQueue)
    i.prvInitialiseNewTask                   0x080033b2   Section        0  tasks.o(i.prvInitialiseNewTask)
    prvInitialiseNewTask                     0x080033b3   Thumb Code   152  tasks.o(i.prvInitialiseNewTask)
    i.prvInsertBlockIntoFreeList             0x0800344c   Section        0  heap_4.o(i.prvInsertBlockIntoFreeList)
    prvInsertBlockIntoFreeList               0x0800344d   Thumb Code    72  heap_4.o(i.prvInsertBlockIntoFreeList)
    i.prvIsQueueEmpty                        0x08003498   Section        0  queue.o(i.prvIsQueueEmpty)
    prvIsQueueEmpty                          0x08003499   Thumb Code    28  queue.o(i.prvIsQueueEmpty)
    i.prvResetNextTaskUnblockTime            0x080034b4   Section        0  tasks.o(i.prvResetNextTaskUnblockTime)
    prvResetNextTaskUnblockTime              0x080034b5   Thumb Code    26  tasks.o(i.prvResetNextTaskUnblockTime)
    i.prvTaskExitError                       0x080034d4   Section        0  port.o(i.prvTaskExitError)
    prvTaskExitError                         0x080034d5   Thumb Code    28  port.o(i.prvTaskExitError)
    i.prvUnlockQueue                         0x080034f4   Section        0  queue.o(i.prvUnlockQueue)
    prvUnlockQueue                           0x080034f5   Thumb Code   106  queue.o(i.prvUnlockQueue)
    i.pvPortMalloc                           0x08003560   Section        0  heap_4.o(i.pvPortMalloc)
    i.pxPortInitialiseStack                  0x0800363c   Section        0  port.o(i.pxPortInitialiseStack)
    i.uxListRemove                           0x08003668   Section        0  list.o(i.uxListRemove)
    i.vApplicationGetIdleTaskMemory          0x08003690   Section        0  freertos.o(i.vApplicationGetIdleTaskMemory)
    i.vListInitialise                        0x080036a4   Section        0  list.o(i.vListInitialise)
    i.vListInitialiseItem                    0x080036ba   Section        0  list.o(i.vListInitialiseItem)
    i.vListInsert                            0x080036c0   Section        0  list.o(i.vListInsert)
    i.vListInsertEnd                         0x080036f0   Section        0  list.o(i.vListInsertEnd)
    i.vPortEnterCritical                     0x08003708   Section        0  port.o(i.vPortEnterCritical)
    i.vPortExitCritical                      0x08003748   Section        0  port.o(i.vPortExitCritical)
    i.vPortFree                              0x08003770   Section        0  heap_4.o(i.vPortFree)
    i.vPortSetupTimerInterrupt               0x080037d4   Section        0  port.o(i.vPortSetupTimerInterrupt)
    i.vPortValidateInterruptPriority         0x080037f8   Section        0  port.o(i.vPortValidateInterruptPriority)
    i.vTaskDelay                             0x0800384c   Section        0  tasks.o(i.vTaskDelay)
    i.vTaskInternalSetTimeOutState           0x08003898   Section        0  tasks.o(i.vTaskInternalSetTimeOutState)
    i.vTaskMissedYield                       0x080038a8   Section        0  tasks.o(i.vTaskMissedYield)
    i.vTaskPlaceOnEventList                  0x080038b4   Section        0  tasks.o(i.vTaskPlaceOnEventList)
    i.vTaskStartScheduler                    0x080038e4   Section        0  tasks.o(i.vTaskStartScheduler)
    i.vTaskSuspendAll                        0x08003950   Section        0  tasks.o(i.vTaskSuspendAll)
    i.vTaskSwitchContext                     0x08003960   Section        0  tasks.o(i.vTaskSwitchContext)
    i.xPortStartScheduler                    0x080039bc   Section        0  port.o(i.xPortStartScheduler)
    i.xQueueGenericCreate                    0x08003ab4   Section        0  queue.o(i.xQueueGenericCreate)
    i.xQueueGenericCreateStatic              0x08003af6   Section        0  queue.o(i.xQueueGenericCreateStatic)
    i.xQueueGenericReset                     0x08003b5c   Section        0  queue.o(i.xQueueGenericReset)
    i.xQueueGenericSend                      0x08003be4   Section        0  queue.o(i.xQueueGenericSend)
    i.xQueueGenericSendFromISR               0x08003d44   Section        0  queue.o(i.xQueueGenericSendFromISR)
    i.xQueueReceive                          0x08003e04   Section        0  queue.o(i.xQueueReceive)
    i.xQueueReceiveFromISR                   0x08003f3c   Section        0  queue.o(i.xQueueReceiveFromISR)
    i.xTaskCheckForTimeOut                   0x08003fd8   Section        0  tasks.o(i.xTaskCheckForTimeOut)
    i.xTaskCreate                            0x0800404c   Section        0  tasks.o(i.xTaskCreate)
    i.xTaskCreateStatic                      0x080040a6   Section        0  tasks.o(i.xTaskCreateStatic)
    i.xTaskGetSchedulerState                 0x080040fc   Section        0  tasks.o(i.xTaskGetSchedulerState)
    i.xTaskIncrementTick                     0x08004118   Section        0  tasks.o(i.xTaskIncrementTick)
    i.xTaskPriorityDisinherit                0x080041e4   Section        0  tasks.o(i.xTaskPriorityDisinherit)
    i.xTaskRemoveFromEventList               0x0800427c   Section        0  tasks.o(i.xTaskRemoveFromEventList)
    i.xTaskResumeAll                         0x080042f0   Section        0  tasks.o(i.xTaskResumeAll)
    x$fpl$fpinit                             0x080043b4   Section       10  fpinit.o(x$fpl$fpinit)
    $v0                                      0x080043b4   Number         0  fpinit.o(x$fpl$fpinit)
    .constdata                               0x080043be   Section     1900  fonts.o(.constdata)
    Font7x10                                 0x080043be   Data        1900  fonts.o(.constdata)
    .constdata                               0x08004b2c   Section      100  main.o(.constdata)
    .constdata                               0x08004b90   Section        8  stm32f4xx_hal_dma.o(.constdata)
    flagBitshiftOffset                       0x08004b90   Data           8  stm32f4xx_hal_dma.o(.constdata)
    .constdata                               0x08004b98   Section       16  system_stm32f4xx.o(.constdata)
    .constdata                               0x08004ba8   Section        8  system_stm32f4xx.o(.constdata)
    .conststring                             0x08004bb0   Section       21  main.o(.conststring)
    .data                                    0x20000000   Section        8  fonts.o(.data)
    .data                                    0x20000008   Section       24  main.o(.data)
    .data                                    0x20000020   Section       12  stm32f4xx_hal.o(.data)
    .data                                    0x2000002c   Section        4  system_stm32f4xx.o(.data)
    .data                                    0x20000030   Section       60  tasks.o(.data)
    uxDeletedTasksWaitingCleanUp             0x20000034   Data           4  tasks.o(.data)
    uxCurrentNumberOfTasks                   0x20000038   Data           4  tasks.o(.data)
    xTickCount                               0x2000003c   Data           4  tasks.o(.data)
    uxTopReadyPriority                       0x20000040   Data           4  tasks.o(.data)
    xSchedulerRunning                        0x20000044   Data           4  tasks.o(.data)
    xPendedTicks                             0x20000048   Data           4  tasks.o(.data)
    xYieldPending                            0x2000004c   Data           4  tasks.o(.data)
    xNumOfOverflows                          0x20000050   Data           4  tasks.o(.data)
    uxTaskNumber                             0x20000054   Data           4  tasks.o(.data)
    xNextTaskUnblockTime                     0x20000058   Data           4  tasks.o(.data)
    xIdleTaskHandle                          0x2000005c   Data           4  tasks.o(.data)
    uxSchedulerSuspended                     0x20000060   Data           4  tasks.o(.data)
    pxDelayedTaskList                        0x20000064   Data           4  tasks.o(.data)
    pxOverflowDelayedTaskList                0x20000068   Data           4  tasks.o(.data)
    .data                                    0x2000006c   Section       32  heap_4.o(.data)
    pxEnd                                    0x2000006c   Data           4  heap_4.o(.data)
    xFreeBytesRemaining                      0x20000070   Data           4  heap_4.o(.data)
    xMinimumEverFreeBytesRemaining           0x20000074   Data           4  heap_4.o(.data)
    xNumberOfSuccessfulAllocations           0x20000078   Data           4  heap_4.o(.data)
    xNumberOfSuccessfulFrees                 0x2000007c   Data           4  heap_4.o(.data)
    xBlockAllocatedBit                       0x20000080   Data           4  heap_4.o(.data)
    xStart                                   0x20000084   Data           8  heap_4.o(.data)
    .data                                    0x2000008c   Section       12  port.o(.data)
    ucMaxSysCallPriority                     0x2000008c   Data           1  port.o(.data)
    uxCriticalNesting                        0x20000090   Data           4  port.o(.data)
    ulMaxPRIGROUPValue                       0x20000094   Data           4  port.o(.data)
    .bss                                     0x20000098   Section      328  main.o(.bss)
    .bss                                     0x200001e0   Section       96  main.o(.bss)
    .bss                                     0x20000240   Section     4096  main.o(.bss)
    .bss                                     0x20001240   Section       84  main.o(.bss)
    .bss                                     0x20001294   Section     4096  main.o(.bss)
    .bss                                     0x20002294   Section       84  main.o(.bss)
    .bss                                     0x200022e8   Section     4096  main.o(.bss)
    .bss                                     0x200032e8   Section       84  main.o(.bss)
    .bss                                     0x2000333c   Section       64  main.o(.bss)
    .bss                                     0x2000337c   Section       72  main.o(.bss)
    .bss                                     0x200033c4   Section      596  freertos.o(.bss)
    xIdleTaskTCBBuffer                       0x200033c4   Data          84  freertos.o(.bss)
    xIdleStack                               0x20003418   Data         512  freertos.o(.bss)
    .bss                                     0x20003618   Section       72  stm32f4xx_hal_timebase_tim.o(.bss)
    .bss                                     0x20003660   Section       32  stm32f4xx_hal_flash.o(.bss)
    .bss                                     0x20003680   Section      240  tasks.o(.bss)
    pxReadyTasksLists                        0x20003680   Data         140  tasks.o(.bss)
    xDelayedTaskList1                        0x2000370c   Data          20  tasks.o(.bss)
    xDelayedTaskList2                        0x20003720   Data          20  tasks.o(.bss)
    xPendingReadyList                        0x20003734   Data          20  tasks.o(.bss)
    xTasksWaitingTermination                 0x20003748   Data          20  tasks.o(.bss)
    xSuspendedTaskList                       0x2000375c   Data          20  tasks.o(.bss)
    .bss                                     0x20003770   Section    15360  heap_4.o(.bss)
    ucHeap                                   0x20003770   Data       15360  heap_4.o(.bss)
    .bss                                     0x20007370   Section       96  libspace.o(.bss)
    HEAP                                     0x200073d0   Section      512  startup_stm32f405xx.o(HEAP)
    Heap_Mem                                 0x200073d0   Data         512  startup_stm32f405xx.o(HEAP)
    STACK                                    0x200075d0   Section     1024  startup_stm32f405xx.o(STACK)
    Stack_Mem                                0x200075d0   Data        1024  startup_stm32f405xx.o(STACK)
    __initial_sp                             0x200079d0   Data           0  startup_stm32f405xx.o(STACK)

    Global Symbols

    Symbol Name                              Value     Ov Type        Size  Object(Section)

    BuildAttributes$$THM_ISAv4$E$P$D$K$B$S$7EM$VFPi3$EXTD16$VFPS$VFMA$PE$A:L22UL41UL21$X:L11$S22US41US21$IEEE1$IW$USESV6$~STKCKD$USESV7$~SHL$OSPACE$ROPI$EBA8$UX$STANDARDLIB$REQ8$PRES8$EABIv2 0x00000000   Number         0  anon$$obj.o ABSOLUTE
    __ARM_use_no_argv                        0x00000000   Number         0  main.o ABSOLUTE
    __ARM_exceptions_init                     - Undefined Weak Reference
    __alloca_initialize                       - Undefined Weak Reference
    __cpp_initialize__aeabi_                  - Undefined Weak Reference
    __cxa_finalize                            - Undefined Weak Reference
    __rt_locale                               - Undefined Weak Reference
    __sigvec_lookup                           - Undefined Weak Reference
    _atexit_init                              - Undefined Weak Reference
    _call_atexit_fns                          - Undefined Weak Reference
    _clock_init                               - Undefined Weak Reference
    _fp_trap_init                             - Undefined Weak Reference
    _fp_trap_shutdown                         - Undefined Weak Reference
    _get_lc_collate                           - Undefined Weak Reference
    _get_lc_ctype                             - Undefined Weak Reference
    _get_lc_monetary                          - Undefined Weak Reference
    _get_lc_numeric                           - Undefined Weak Reference
    _get_lc_time                              - Undefined Weak Reference
    _getenv_init                              - Undefined Weak Reference
    _handle_redirection                       - Undefined Weak Reference
    _init_alloc                               - Undefined Weak Reference
    _init_user_alloc                          - Undefined Weak Reference
    _initio                                   - Undefined Weak Reference
    _printf_post_padding                      - Undefined Weak Reference
    _printf_pre_padding                       - Undefined Weak Reference
    _printf_truncate_signed                   - Undefined Weak Reference
    _printf_truncate_unsigned                 - Undefined Weak Reference
    _rand_init                                - Undefined Weak Reference
    _signal_finish                            - Undefined Weak Reference
    _signal_init                              - Undefined Weak Reference
    _terminate_alloc                          - Undefined Weak Reference
    _terminate_user_alloc                     - Undefined Weak Reference
    _terminateio                              - Undefined Weak Reference
    __Vectors_Size                           0x00000188   Number         0  startup_stm32f405xx.o ABSOLUTE
    __Vectors                                0x08000000   Data           4  startup_stm32f405xx.o(RESET)
    __Vectors_End                            0x08000188   Data           0  startup_stm32f405xx.o(RESET)
    __main                                   0x08000189   Thumb Code     8  __main.o(!!!main)
    __scatterload                            0x08000191   Thumb Code     0  __scatter.o(!!!scatter)
    __scatterload_rt2                        0x08000191   Thumb Code    44  __scatter.o(!!!scatter)
    __scatterload_rt2_thumb_only             0x08000191   Thumb Code     0  __scatter.o(!!!scatter)
    __scatterload_null                       0x0800019f   Thumb Code     0  __scatter.o(!!!scatter)
    __scatterload_copy                       0x080001c5   Thumb Code    26  __scatter_copy.o(!!handler_copy)
    __scatterload_zeroinit                   0x080001e1   Thumb Code    28  __scatter_zi.o(!!handler_zi)
    _printf_d                                0x080001fd   Thumb Code     0  _printf_d.o(.ARM.Collect$$_printf_percent$$00000009)
    _printf_percent                          0x080001fd   Thumb Code     0  _printf_percent.o(.ARM.Collect$$_printf_percent$$00000000)
    _printf_percent_end                      0x08000203   Thumb Code     0  _printf_percent_end.o(.ARM.Collect$$_printf_percent$$00000017)
    __rt_lib_init                            0x08000207   Thumb Code     0  libinit.o(.ARM.Collect$$libinit$$00000000)
    __rt_lib_init_fp_1                       0x08000209   Thumb Code     0  libinit2.o(.ARM.Collect$$libinit$$00000001)
    __rt_lib_init_alloca_1                   0x0800020d   Thumb Code     0  libinit2.o(.ARM.Collect$$libinit$$0000002C)
    __rt_lib_init_argv_1                     0x0800020d   Thumb Code     0  libinit2.o(.ARM.Collect$$libinit$$0000002A)
    __rt_lib_init_atexit_1                   0x0800020d   Thumb Code     0  libinit2.o(.ARM.Collect$$libinit$$00000019)
    __rt_lib_init_clock_1                    0x0800020d   Thumb Code     0  libinit2.o(.ARM.Collect$$libinit$$0000001F)
    __rt_lib_init_cpp_1                      0x0800020d   Thumb Code     0  libinit2.o(.ARM.Collect$$libinit$$00000030)
    __rt_lib_init_exceptions_1               0x0800020d   Thumb Code     0  libinit2.o(.ARM.Collect$$libinit$$0000002E)
    __rt_lib_init_fp_trap_1                  0x0800020d   Thumb Code     0  libinit2.o(.ARM.Collect$$libinit$$0000001D)
    __rt_lib_init_getenv_1                   0x0800020d   Thumb Code     0  libinit2.o(.ARM.Collect$$libinit$$00000021)
    __rt_lib_init_heap_1                     0x0800020d   Thumb Code     0  libinit2.o(.ARM.Collect$$libinit$$00000008)
    __rt_lib_init_lc_collate_1               0x0800020d   Thumb Code     0  libinit2.o(.ARM.Collect$$libinit$$0000000F)
    __rt_lib_init_lc_ctype_1                 0x0800020d   Thumb Code     0  libinit2.o(.ARM.Collect$$libinit$$00000011)
    __rt_lib_init_lc_monetary_1              0x0800020d   Thumb Code     0  libinit2.o(.ARM.Collect$$libinit$$00000013)
    __rt_lib_init_lc_numeric_1               0x0800020d   Thumb Code     0  libinit2.o(.ARM.Collect$$libinit$$00000015)
    __rt_lib_init_lc_time_1                  0x0800020d   Thumb Code     0  libinit2.o(.ARM.Collect$$libinit$$00000017)
    __rt_lib_init_rand_1                     0x0800020d   Thumb Code     0  libinit2.o(.ARM.Collect$$libinit$$0000000C)
    __rt_lib_init_return                     0x0800020d   Thumb Code     0  libinit2.o(.ARM.Collect$$libinit$$00000031)
    __rt_lib_init_signal_1                   0x0800020d   Thumb Code     0  libinit2.o(.ARM.Collect$$libinit$$0000001B)
    __rt_lib_init_stdio_1                    0x0800020d   Thumb Code     0  libinit2.o(.ARM.Collect$$libinit$$00000023)
    __rt_lib_init_user_alloc_1               0x0800020d   Thumb Code     0  libinit2.o(.ARM.Collect$$libinit$$0000000A)
    __rt_lib_shutdown                        0x0800020f   Thumb Code     0  libshutdown.o(.ARM.Collect$$libshutdown$$00000000)
    __rt_lib_shutdown_fp_trap_1              0x08000211   Thumb Code     0  libshutdown2.o(.ARM.Collect$$libshutdown$$00000006)
    __rt_lib_shutdown_heap_1                 0x08000211   Thumb Code     0  libshutdown2.o(.ARM.Collect$$libshutdown$$0000000E)
    __rt_lib_shutdown_return                 0x08000211   Thumb Code     0  libshutdown2.o(.ARM.Collect$$libshutdown$$0000000F)
    __rt_lib_shutdown_signal_1               0x08000211   Thumb Code     0  libshutdown2.o(.ARM.Collect$$libshutdown$$00000009)
    __rt_lib_shutdown_stdio_1                0x08000211   Thumb Code     0  libshutdown2.o(.ARM.Collect$$libshutdown$$00000003)
    __rt_lib_shutdown_user_alloc_1           0x08000211   Thumb Code     0  libshutdown2.o(.ARM.Collect$$libshutdown$$0000000B)
    __rt_entry                               0x08000213   Thumb Code     0  rtentry.o(.ARM.Collect$$rtentry$$00000000)
    __rt_entry_presh_1                       0x08000213   Thumb Code     0  rtentry2.o(.ARM.Collect$$rtentry$$00000002)
    __rt_entry_sh                            0x08000213   Thumb Code     0  rtentry4.o(.ARM.Collect$$rtentry$$00000004)
    __rt_entry_li                            0x08000219   Thumb Code     0  rtentry2.o(.ARM.Collect$$rtentry$$0000000A)
    __rt_entry_postsh_1                      0x08000219   Thumb Code     0  rtentry2.o(.ARM.Collect$$rtentry$$00000009)
    __rt_entry_main                          0x0800021d   Thumb Code     0  rtentry2.o(.ARM.Collect$$rtentry$$0000000D)
    __rt_entry_postli_1                      0x0800021d   Thumb Code     0  rtentry2.o(.ARM.Collect$$rtentry$$0000000C)
    __rt_exit                                0x08000225   Thumb Code     0  rtexit.o(.ARM.Collect$$rtexit$$00000000)
    __rt_exit_ls                             0x08000227   Thumb Code     0  rtexit2.o(.ARM.Collect$$rtexit$$00000003)
    __rt_exit_prels_1                        0x08000227   Thumb Code     0  rtexit2.o(.ARM.Collect$$rtexit$$00000002)
    __rt_exit_exit                           0x0800022b   Thumb Code     0  rtexit2.o(.ARM.Collect$$rtexit$$00000004)
    SVC_Handler                              0x08000231   Thumb Code    28  port.o(.emb_text)
    __asm___6_port_c_39a90d8d__prvStartFirstTask 0x08000251   Thumb Code    36  port.o(.emb_text)
    __asm___6_port_c_39a90d8d__prvEnableVFP  0x08000279   Thumb Code    16  port.o(.emb_text)
    PendSV_Handler                           0x0800028d   Thumb Code    88  port.o(.emb_text)
    vPortGetIPSR                             0x080002e9   Thumb Code     6  port.o(.emb_text)
    Reset_Handler                            0x080002f1   Thumb Code     8  startup_stm32f405xx.o(.text)
    ADC_IRQHandler                           0x0800030b   Thumb Code     0  startup_stm32f405xx.o(.text)
    CAN1_RX0_IRQHandler                      0x0800030b   Thumb Code     0  startup_stm32f405xx.o(.text)
    CAN1_RX1_IRQHandler                      0x0800030b   Thumb Code     0  startup_stm32f405xx.o(.text)
    CAN1_SCE_IRQHandler                      0x0800030b   Thumb Code     0  startup_stm32f405xx.o(.text)
    CAN1_TX_IRQHandler                       0x0800030b   Thumb Code     0  startup_stm32f405xx.o(.text)
    CAN2_RX0_IRQHandler                      0x0800030b   Thumb Code     0  startup_stm32f405xx.o(.text)
    CAN2_RX1_IRQHandler                      0x0800030b   Thumb Code     0  startup_stm32f405xx.o(.text)
    CAN2_SCE_IRQHandler                      0x0800030b   Thumb Code     0  startup_stm32f405xx.o(.text)
    CAN2_TX_IRQHandler                       0x0800030b   Thumb Code     0  startup_stm32f405xx.o(.text)
    DMA1_Stream0_IRQHandler                  0x0800030b   Thumb Code     0  startup_stm32f405xx.o(.text)
    DMA1_Stream1_IRQHandler                  0x0800030b   Thumb Code     0  startup_stm32f405xx.o(.text)
    DMA1_Stream2_IRQHandler                  0x0800030b   Thumb Code     0  startup_stm32f405xx.o(.text)
    DMA1_Stream3_IRQHandler                  0x0800030b   Thumb Code     0  startup_stm32f405xx.o(.text)
    DMA1_Stream4_IRQHandler                  0x0800030b   Thumb Code     0  startup_stm32f405xx.o(.text)
    DMA1_Stream5_IRQHandler                  0x0800030b   Thumb Code     0  startup_stm32f405xx.o(.text)
    DMA1_Stream6_IRQHandler                  0x0800030b   Thumb Code     0  startup_stm32f405xx.o(.text)
    DMA1_Stream7_IRQHandler                  0x0800030b   Thumb Code     0  startup_stm32f405xx.o(.text)
    DMA2_Stream1_IRQHandler                  0x0800030b   Thumb Code     0  startup_stm32f405xx.o(.text)
    DMA2_Stream2_IRQHandler                  0x0800030b   Thumb Code     0  startup_stm32f405xx.o(.text)
    DMA2_Stream3_IRQHandler                  0x0800030b   Thumb Code     0  startup_stm32f405xx.o(.text)
    DMA2_Stream4_IRQHandler                  0x0800030b   Thumb Code     0  startup_stm32f405xx.o(.text)
    DMA2_Stream5_IRQHandler                  0x0800030b   Thumb Code     0  startup_stm32f405xx.o(.text)
    DMA2_Stream6_IRQHandler                  0x0800030b   Thumb Code     0  startup_stm32f405xx.o(.text)
    DMA2_Stream7_IRQHandler                  0x0800030b   Thumb Code     0  startup_stm32f405xx.o(.text)
    EXTI0_IRQHandler                         0x0800030b   Thumb Code     0  startup_stm32f405xx.o(.text)
    EXTI15_10_IRQHandler                     0x0800030b   Thumb Code     0  startup_stm32f405xx.o(.text)
    EXTI1_IRQHandler                         0x0800030b   Thumb Code     0  startup_stm32f405xx.o(.text)
    EXTI2_IRQHandler                         0x0800030b   Thumb Code     0  startup_stm32f405xx.o(.text)
    EXTI3_IRQHandler                         0x0800030b   Thumb Code     0  startup_stm32f405xx.o(.text)
    EXTI4_IRQHandler                         0x0800030b   Thumb Code     0  startup_stm32f405xx.o(.text)
    EXTI9_5_IRQHandler                       0x0800030b   Thumb Code     0  startup_stm32f405xx.o(.text)
    FLASH_IRQHandler                         0x0800030b   Thumb Code     0  startup_stm32f405xx.o(.text)
    FMC_IRQHandler                           0x0800030b   Thumb Code     0  startup_stm32f405xx.o(.text)
    FPU_IRQHandler                           0x0800030b   Thumb Code     0  startup_stm32f405xx.o(.text)
    HASH_RNG_IRQHandler                      0x0800030b   Thumb Code     0  startup_stm32f405xx.o(.text)
    I2C1_ER_IRQHandler                       0x0800030b   Thumb Code     0  startup_stm32f405xx.o(.text)
    I2C1_EV_IRQHandler                       0x0800030b   Thumb Code     0  startup_stm32f405xx.o(.text)
    I2C2_ER_IRQHandler                       0x0800030b   Thumb Code     0  startup_stm32f405xx.o(.text)
    I2C2_EV_IRQHandler                       0x0800030b   Thumb Code     0  startup_stm32f405xx.o(.text)
    I2C3_ER_IRQHandler                       0x0800030b   Thumb Code     0  startup_stm32f405xx.o(.text)
    I2C3_EV_IRQHandler                       0x0800030b   Thumb Code     0  startup_stm32f405xx.o(.text)
    OTG_FS_IRQHandler                        0x0800030b   Thumb Code     0  startup_stm32f405xx.o(.text)
    OTG_FS_WKUP_IRQHandler                   0x0800030b   Thumb Code     0  startup_stm32f405xx.o(.text)
    OTG_HS_EP1_IN_IRQHandler                 0x0800030b   Thumb Code     0  startup_stm32f405xx.o(.text)
    OTG_HS_EP1_OUT_IRQHandler                0x0800030b   Thumb Code     0  startup_stm32f405xx.o(.text)
    OTG_HS_IRQHandler                        0x0800030b   Thumb Code     0  startup_stm32f405xx.o(.text)
    OTG_HS_WKUP_IRQHandler                   0x0800030b   Thumb Code     0  startup_stm32f405xx.o(.text)
    PVD_IRQHandler                           0x0800030b   Thumb Code     0  startup_stm32f405xx.o(.text)
    RCC_IRQHandler                           0x0800030b   Thumb Code     0  startup_stm32f405xx.o(.text)
    RTC_Alarm_IRQHandler                     0x0800030b   Thumb Code     0  startup_stm32f405xx.o(.text)
    RTC_WKUP_IRQHandler                      0x0800030b   Thumb Code     0  startup_stm32f405xx.o(.text)
    SDIO_IRQHandler                          0x0800030b   Thumb Code     0  startup_stm32f405xx.o(.text)
    SPI1_IRQHandler                          0x0800030b   Thumb Code     0  startup_stm32f405xx.o(.text)
    SPI2_IRQHandler                          0x0800030b   Thumb Code     0  startup_stm32f405xx.o(.text)
    SPI3_IRQHandler                          0x0800030b   Thumb Code     0  startup_stm32f405xx.o(.text)
    TAMP_STAMP_IRQHandler                    0x0800030b   Thumb Code     0  startup_stm32f405xx.o(.text)
    TIM1_BRK_TIM9_IRQHandler                 0x0800030b   Thumb Code     0  startup_stm32f405xx.o(.text)
    TIM1_CC_IRQHandler                       0x0800030b   Thumb Code     0  startup_stm32f405xx.o(.text)
    TIM1_TRG_COM_TIM11_IRQHandler            0x0800030b   Thumb Code     0  startup_stm32f405xx.o(.text)
    TIM1_UP_TIM10_IRQHandler                 0x0800030b   Thumb Code     0  startup_stm32f405xx.o(.text)
    TIM3_IRQHandler                          0x0800030b   Thumb Code     0  startup_stm32f405xx.o(.text)
    TIM5_IRQHandler                          0x0800030b   Thumb Code     0  startup_stm32f405xx.o(.text)
    TIM6_DAC_IRQHandler                      0x0800030b   Thumb Code     0  startup_stm32f405xx.o(.text)
    TIM7_IRQHandler                          0x0800030b   Thumb Code     0  startup_stm32f405xx.o(.text)
    TIM8_BRK_TIM12_IRQHandler                0x0800030b   Thumb Code     0  startup_stm32f405xx.o(.text)
    TIM8_CC_IRQHandler                       0x0800030b   Thumb Code     0  startup_stm32f405xx.o(.text)
    TIM8_TRG_COM_TIM14_IRQHandler            0x0800030b   Thumb Code     0  startup_stm32f405xx.o(.text)
    TIM8_UP_TIM13_IRQHandler                 0x0800030b   Thumb Code     0  startup_stm32f405xx.o(.text)
    UART4_IRQHandler                         0x0800030b   Thumb Code     0  startup_stm32f405xx.o(.text)
    UART5_IRQHandler                         0x0800030b   Thumb Code     0  startup_stm32f405xx.o(.text)
    USART1_IRQHandler                        0x0800030b   Thumb Code     0  startup_stm32f405xx.o(.text)
    USART2_IRQHandler                        0x0800030b   Thumb Code     0  startup_stm32f405xx.o(.text)
    USART3_IRQHandler                        0x0800030b   Thumb Code     0  startup_stm32f405xx.o(.text)
    USART6_IRQHandler                        0x0800030b   Thumb Code     0  startup_stm32f405xx.o(.text)
    WWDG_IRQHandler                          0x0800030b   Thumb Code     0  startup_stm32f405xx.o(.text)
    __user_initial_stackheap                 0x0800030d   Thumb Code     0  startup_stm32f405xx.o(.text)
    __aeabi_uldivmod                         0x08000331   Thumb Code     0  lludivv7m.o(.text)
    _ll_udiv                                 0x08000331   Thumb Code   238  lludivv7m.o(.text)
    __2sprintf                               0x08000421   Thumb Code    34  noretval__2sprintf.o(.text)
    __printf                                 0x08000449   Thumb Code   104  __printf.o(.text)
    _printf_int_dec                          0x080004b1   Thumb Code   102  _printf_dec.o(.text)
    abort                                    0x08000529   Thumb Code    16  abort.o(.text)
    __aeabi_memcpy                           0x08000539   Thumb Code     0  rt_memcpy_v6.o(.text)
    __rt_memcpy                              0x08000539   Thumb Code   138  rt_memcpy_v6.o(.text)
    _memcpy_lastbytes                        0x0800059f   Thumb Code     0  rt_memcpy_v6.o(.text)
    __aeabi_memcpy4                          0x080005c3   Thumb Code     0  rt_memcpy_w.o(.text)
    __aeabi_memcpy8                          0x080005c3   Thumb Code     0  rt_memcpy_w.o(.text)
    __rt_memcpy_w                            0x080005c3   Thumb Code   100  rt_memcpy_w.o(.text)
    _memcpy_lastbytes_aligned                0x0800060b   Thumb Code     0  rt_memcpy_w.o(.text)
    __aeabi_memclr4                          0x08000627   Thumb Code     0  rt_memclr_w.o(.text)
    __aeabi_memclr8                          0x08000627   Thumb Code     0  rt_memclr_w.o(.text)
    __rt_memclr_w                            0x08000627   Thumb Code    78  rt_memclr_w.o(.text)
    _memset_w                                0x0800062b   Thumb Code     0  rt_memclr_w.o(.text)
    __use_two_region_memory                  0x08000675   Thumb Code     2  heapauxi.o(.text)
    __rt_heap_escrow$2region                 0x08000677   Thumb Code     2  heapauxi.o(.text)
    __rt_heap_expand$2region                 0x08000679   Thumb Code     2  heapauxi.o(.text)
    _sys_exit                                0x0800067d   Thumb Code     8  sys_exit.o(.text)
    _printf_int_common                       0x08000689   Thumb Code   184  _printf_intcommon.o(.text)
    _printf_char_common                      0x0800074b   Thumb Code    32  _printf_char_common.o(.text)
    _sputc                                   0x08000771   Thumb Code    10  _sputc.o(.text)
    __rt_SIGABRT                             0x0800077b   Thumb Code    14  defsig_abrt_outer.o(.text)
    __I$use$semihosting                      0x08000789   Thumb Code     0  use_no_semi.o(.text)
    __use_no_semihosting_swi                 0x08000789   Thumb Code     2  use_no_semi.o(.text)
    __semihosting_library_function           0x0800078b   Thumb Code     0  indicate_semi.o(.text)
    __sig_exit                               0x0800078b   Thumb Code    10  defsig_exit.o(.text)
    __rt_SIGABRT_inner                       0x08000795   Thumb Code    14  defsig_abrt_inner.o(.text)
    __user_setup_stackheap                   0x080007c5   Thumb Code    74  sys_stackheap_outer.o(.text)
    exit                                     0x0800080f   Thumb Code    12  exit.o(.text)
    __default_signal_display                 0x0800081b   Thumb Code    50  defsig_general.o(.text)
    _ttywrch                                 0x0800084d   Thumb Code    14  sys_wrch.o(.text)
    __user_libspace                          0x0800085d   Thumb Code     8  libspace.o(.text)
    __user_perproc_libspace                  0x0800085d   Thumb Code     0  libspace.o(.text)
    __user_perthread_libspace                0x0800085d   Thumb Code     0  libspace.o(.text)
    BusFault_Handler                         0x08000a21   Thumb Code     2  stm32f4xx_it.o(i.BusFault_Handler)
    DMA2_Stream0_IRQHandler                  0x08000a25   Thumb Code     6  stm32f4xx_it.o(i.DMA2_Stream0_IRQHandler)
    DebugMon_Handler                         0x08000ad5   Thumb Code     2  stm32f4xx_it.o(i.DebugMon_Handler)
    Error_Handler                            0x08000ad7   Thumb Code     4  main.o(i.Error_Handler)
    FLASH_Erase_Sector                       0x08000b55   Thumb Code    74  stm32f4xx_hal_flash_ex.o(i.FLASH_Erase_Sector)
    FLASH_FlushCaches                        0x08000ba5   Thumb Code    80  stm32f4xx_hal_flash_ex.o(i.FLASH_FlushCaches)
    FLASH_WaitForLastOperation               0x08000c89   Thumb Code    72  stm32f4xx_hal_flash.o(i.FLASH_WaitForLastOperation)
    HAL_ADC_ConfigChannel                    0x08000cd9   Thumb Code   316  stm32f4xx_hal_adc.o(i.HAL_ADC_ConfigChannel)
    HAL_ADC_ConvCpltCallback                 0x08000e25   Thumb Code    20  main.o(i.HAL_ADC_ConvCpltCallback)
    HAL_ADC_ConvHalfCpltCallback             0x08000e41   Thumb Code     2  stm32f4xx_hal_adc.o(i.HAL_ADC_ConvHalfCpltCallback)
    HAL_ADC_ErrorCallback                    0x08000e43   Thumb Code     2  stm32f4xx_hal_adc.o(i.HAL_ADC_ErrorCallback)
    HAL_ADC_Init                             0x08000e45   Thumb Code    84  stm32f4xx_hal_adc.o(i.HAL_ADC_Init)
    HAL_ADC_MspInit                          0x08000e99   Thumb Code   132  stm32f4xx_hal_msp.o(i.HAL_ADC_MspInit)
    HAL_ADC_Start_DMA                        0x08000f31   Thumb Code   306  stm32f4xx_hal_adc.o(i.HAL_ADC_Start_DMA)
    HAL_DMA_IRQHandler                       0x08001089   Thumb Code   420  stm32f4xx_hal_dma.o(i.HAL_DMA_IRQHandler)
    HAL_DMA_Init                             0x08001231   Thumb Code   206  stm32f4xx_hal_dma.o(i.HAL_DMA_Init)
    HAL_DMA_Start_IT                         0x08001305   Thumb Code   110  stm32f4xx_hal_dma.o(i.HAL_DMA_Start_IT)
    HAL_Delay                                0x08001375   Thumb Code    32  stm32f4xx_hal.o(i.HAL_Delay)
    HAL_FLASHEx_Erase                        0x08001399   Thumb Code   144  stm32f4xx_hal_flash_ex.o(i.HAL_FLASHEx_Erase)
    HAL_FLASH_Lock                           0x08001431   Thumb Code    14  stm32f4xx_hal_flash.o(i.HAL_FLASH_Lock)
    HAL_FLASH_Unlock                         0x08001445   Thumb Code    32  stm32f4xx_hal_flash.o(i.HAL_FLASH_Unlock)
    HAL_GPIO_Init                            0x08001471   Thumb Code   450  stm32f4xx_hal_gpio.o(i.HAL_GPIO_Init)
    HAL_GPIO_TogglePin                       0x08001661   Thumb Code    16  stm32f4xx_hal_gpio.o(i.HAL_GPIO_TogglePin)
    HAL_GPIO_WritePin                        0x08001671   Thumb Code    10  stm32f4xx_hal_gpio.o(i.HAL_GPIO_WritePin)
    HAL_GetTick                              0x0800167d   Thumb Code     6  stm32f4xx_hal.o(i.HAL_GetTick)
    HAL_IncTick                              0x08001689   Thumb Code    12  stm32f4xx_hal.o(i.HAL_IncTick)
    HAL_Init                                 0x08001699   Thumb Code    48  stm32f4xx_hal.o(i.HAL_Init)
    HAL_InitTick                             0x080016cd   Thumb Code   134  stm32f4xx_hal_timebase_tim.o(i.HAL_InitTick)
    HAL_MspInit                              0x08001765   Thumb Code    52  stm32f4xx_hal_msp.o(i.HAL_MspInit)
    HAL_NVIC_EnableIRQ                       0x0800179d   Thumb Code    28  stm32f4xx_hal_cortex.o(i.HAL_NVIC_EnableIRQ)
    HAL_NVIC_SetPriority                     0x080017b9   Thumb Code    60  stm32f4xx_hal_cortex.o(i.HAL_NVIC_SetPriority)
    HAL_NVIC_SetPriorityGrouping             0x080017f9   Thumb Code    26  stm32f4xx_hal_cortex.o(i.HAL_NVIC_SetPriorityGrouping)
    HAL_RCC_ClockConfig                      0x0800181d   Thumb Code   288  stm32f4xx_hal_rcc.o(i.HAL_RCC_ClockConfig)
    HAL_RCC_GetClockConfig                   0x08001951   Thumb Code    54  stm32f4xx_hal_rcc.o(i.HAL_RCC_GetClockConfig)
    HAL_RCC_GetPCLK1Freq                     0x08001991   Thumb Code    20  stm32f4xx_hal_rcc.o(i.HAL_RCC_GetPCLK1Freq)
    HAL_RCC_GetSysClockFreq                  0x080019b1   Thumb Code    88  stm32f4xx_hal_rcc.o(i.HAL_RCC_GetSysClockFreq)
    HAL_RCC_OscConfig                        0x08001a15   Thumb Code   856  stm32f4xx_hal_rcc.o(i.HAL_RCC_OscConfig)
    HAL_SPI_Init                             0x08001d81   Thumb Code   188  stm32f4xx_hal_spi.o(i.HAL_SPI_Init)
    HAL_SPI_MspInit                          0x08001e3d   Thumb Code   116  stm32f4xx_hal_msp.o(i.HAL_SPI_MspInit)
    HAL_SPI_Transmit                         0x08001ec1   Thumb Code   354  stm32f4xx_hal_spi.o(i.HAL_SPI_Transmit)
    HAL_TIMEx_BreakCallback                  0x08002023   Thumb Code     2  stm32f4xx_hal_tim_ex.o(i.HAL_TIMEx_BreakCallback)
    HAL_TIMEx_CommutCallback                 0x08002025   Thumb Code     2  stm32f4xx_hal_tim_ex.o(i.HAL_TIMEx_CommutCallback)
    HAL_TIMEx_MasterConfigSynchronization    0x08002029   Thumb Code   114  stm32f4xx_hal_tim_ex.o(i.HAL_TIMEx_MasterConfigSynchronization)
    HAL_TIM_Base_Init                        0x080020b9   Thumb Code    72  stm32f4xx_hal_tim.o(i.HAL_TIM_Base_Init)
    HAL_TIM_Base_MspInit                     0x08002101   Thumb Code    50  stm32f4xx_hal_msp.o(i.HAL_TIM_Base_MspInit)
    HAL_TIM_Base_Start_IT                    0x0800213d   Thumb Code   100  stm32f4xx_hal_tim.o(i.HAL_TIM_Base_Start_IT)
    HAL_TIM_ConfigClockSource                0x080021bd   Thumb Code   218  stm32f4xx_hal_tim.o(i.HAL_TIM_ConfigClockSource)
    HAL_TIM_IC_CaptureCallback               0x08002297   Thumb Code     2  stm32f4xx_hal_tim.o(i.HAL_TIM_IC_CaptureCallback)
    HAL_TIM_IRQHandler                       0x08002299   Thumb Code   304  stm32f4xx_hal_tim.o(i.HAL_TIM_IRQHandler)
    HAL_TIM_OC_DelayElapsedCallback          0x080023c9   Thumb Code     2  stm32f4xx_hal_tim.o(i.HAL_TIM_OC_DelayElapsedCallback)
    HAL_TIM_PWM_PulseFinishedCallback        0x080023cb   Thumb Code     2  stm32f4xx_hal_tim.o(i.HAL_TIM_PWM_PulseFinishedCallback)
    HAL_TIM_PeriodElapsedCallback            0x080023cd   Thumb Code    40  main.o(i.HAL_TIM_PeriodElapsedCallback)
    HAL_TIM_TriggerCallback                  0x08002401   Thumb Code     2  stm32f4xx_hal_tim.o(i.HAL_TIM_TriggerCallback)
    HardFault_Handler                        0x08002403   Thumb Code     2  stm32f4xx_it.o(i.HardFault_Handler)
    MemManage_Handler                        0x080025e1   Thumb Code     2  stm32f4xx_it.o(i.MemManage_Handler)
    NMI_Handler                              0x080025e3   Thumb Code     2  stm32f4xx_it.o(i.NMI_Handler)
    ST7789_Fill_Color                        0x0800270d   Thumb Code    94  st7789.o(i.ST7789_Fill_Color)
    ST7789_Init                              0x08002771   Thumb Code   342  st7789.o(i.ST7789_Init)
    ST7789_SetRotation                       0x0800296d   Thumb Code    48  st7789.o(i.ST7789_SetRotation)
    ST7789_WriteChar                         0x0800299d   Thumb Code   172  st7789.o(i.ST7789_WriteChar)
    ST7789_WriteString                       0x08002b29   Thumb Code   110  st7789.o(i.ST7789_WriteString)
    StartTask01                              0x08002b9d   Thumb Code    84  main.o(i.StartTask01)
    StartTask02                              0x08002c01   Thumb Code    22  main.o(i.StartTask02)
    StartTask03                              0x08002c1d   Thumb Code    54  main.o(i.StartTask03)
    SysTick_Handler                          0x08002c75   Thumb Code    38  port.o(i.SysTick_Handler)
    SystemClock_Config                       0x08002ca1   Thumb Code   138  main.o(i.SystemClock_Config)
    SystemInit                               0x08002d35   Thumb Code    12  system_stm32f4xx.o(i.SystemInit)
    TIM2_IRQHandler                          0x08002d45   Thumb Code     6  stm32f4xx_it.o(i.TIM2_IRQHandler)
    TIM4_IRQHandler                          0x08002d51   Thumb Code     6  stm32f4xx_it.o(i.TIM4_IRQHandler)
    TIM_Base_SetConfig                       0x08002d5d   Thumb Code   170  stm32f4xx_hal_tim.o(i.TIM_Base_SetConfig)
    TIM_ETR_SetConfig                        0x08002e35   Thumb Code    20  stm32f4xx_hal_tim.o(i.TIM_ETR_SetConfig)
    UsageFault_Handler                       0x08002e9f   Thumb Code     2  stm32f4xx_it.o(i.UsageFault_Handler)
    main                                     0x08002ecd   Thumb Code   130  main.o(i.main)
    osDelay                                  0x08002f65   Thumb Code    14  cmsis_os.o(i.osDelay)
    osKernelStart                            0x08002f73   Thumb Code    10  cmsis_os.o(i.osKernelStart)
    osMessageCreate                          0x08002f7d   Thumb Code    38  cmsis_os.o(i.osMessageCreate)
    osMessageGet                             0x08002fa5   Thumb Code   142  cmsis_os.o(i.osMessageGet)
    osMessagePut                             0x08003039   Thumb Code    86  cmsis_os.o(i.osMessagePut)
    osThreadCreate                           0x08003095   Thumb Code    84  cmsis_os.o(i.osThreadCreate)
    pvPortMalloc                             0x08003561   Thumb Code   216  heap_4.o(i.pvPortMalloc)
    pxPortInitialiseStack                    0x0800363d   Thumb Code    40  port.o(i.pxPortInitialiseStack)
    uxListRemove                             0x08003669   Thumb Code    38  list.o(i.uxListRemove)
    vApplicationGetIdleTaskMemory            0x08003691   Thumb Code    16  freertos.o(i.vApplicationGetIdleTaskMemory)
    vListInitialise                          0x080036a5   Thumb Code    22  list.o(i.vListInitialise)
    vListInitialiseItem                      0x080036bb   Thumb Code     6  list.o(i.vListInitialiseItem)
    vListInsert                              0x080036c1   Thumb Code    48  list.o(i.vListInsert)
    vListInsertEnd                           0x080036f1   Thumb Code    24  list.o(i.vListInsertEnd)
    vPortEnterCritical                       0x08003709   Thumb Code    54  port.o(i.vPortEnterCritical)
    vPortExitCritical                        0x08003749   Thumb Code    34  port.o(i.vPortExitCritical)
    vPortFree                                0x08003771   Thumb Code    94  heap_4.o(i.vPortFree)
    vPortSetupTimerInterrupt                 0x080037d5   Thumb Code    32  port.o(i.vPortSetupTimerInterrupt)
    vPortValidateInterruptPriority           0x080037f9   Thumb Code    76  port.o(i.vPortValidateInterruptPriority)
    vTaskDelay                               0x0800384d   Thumb Code    66  tasks.o(i.vTaskDelay)
    vTaskInternalSetTimeOutState             0x08003899   Thumb Code    12  tasks.o(i.vTaskInternalSetTimeOutState)
    vTaskMissedYield                         0x080038a9   Thumb Code     8  tasks.o(i.vTaskMissedYield)
    vTaskPlaceOnEventList                    0x080038b5   Thumb Code    44  tasks.o(i.vTaskPlaceOnEventList)
    vTaskStartScheduler                      0x080038e5   Thumb Code    90  tasks.o(i.vTaskStartScheduler)
    vTaskSuspendAll                          0x08003951   Thumb Code    10  tasks.o(i.vTaskSuspendAll)
    vTaskSwitchContext                       0x08003961   Thumb Code    82  tasks.o(i.vTaskSwitchContext)
    xPortStartScheduler                      0x080039bd   Thumb Code   226  port.o(i.xPortStartScheduler)
    xQueueGenericCreate                      0x08003ab5   Thumb Code    66  queue.o(i.xQueueGenericCreate)
    xQueueGenericCreateStatic                0x08003af7   Thumb Code   102  queue.o(i.xQueueGenericCreateStatic)
    xQueueGenericReset                       0x08003b5d   Thumb Code   132  queue.o(i.xQueueGenericReset)
    xQueueGenericSend                        0x08003be5   Thumb Code   346  queue.o(i.xQueueGenericSend)
    xQueueGenericSendFromISR                 0x08003d45   Thumb Code   190  queue.o(i.xQueueGenericSendFromISR)
    xQueueReceive                            0x08003e05   Thumb Code   308  queue.o(i.xQueueReceive)
    xQueueReceiveFromISR                     0x08003f3d   Thumb Code   154  queue.o(i.xQueueReceiveFromISR)
    xTaskCheckForTimeOut                     0x08003fd9   Thumb Code   112  tasks.o(i.xTaskCheckForTimeOut)
    xTaskCreate                              0x0800404d   Thumb Code    90  tasks.o(i.xTaskCreate)
    xTaskCreateStatic                        0x080040a7   Thumb Code    86  tasks.o(i.xTaskCreateStatic)
    xTaskGetSchedulerState                   0x080040fd   Thumb Code    22  tasks.o(i.xTaskGetSchedulerState)
    xTaskIncrementTick                       0x08004119   Thumb Code   194  tasks.o(i.xTaskIncrementTick)
    xTaskPriorityDisinherit                  0x080041e5   Thumb Code   144  tasks.o(i.xTaskPriorityDisinherit)
    xTaskRemoveFromEventList                 0x0800427d   Thumb Code   108  tasks.o(i.xTaskRemoveFromEventList)
    xTaskResumeAll                           0x080042f1   Thumb Code   182  tasks.o(i.xTaskResumeAll)
    _fp_init                                 0x080043b5   Thumb Code    10  fpinit.o(x$fpl$fpinit)
    __fplib_config_fpu_vfp                   0x080043bd   Thumb Code     0  fpinit.o(x$fpl$fpinit)
    __fplib_config_pureend_doubles           0x080043bd   Thumb Code     0  fpinit.o(x$fpl$fpinit)
    AHBPrescTable                            0x08004b98   Data          16  system_stm32f4xx.o(.constdata)
    APBPrescTable                            0x08004ba8   Data           8  system_stm32f4xx.o(.constdata)
    Region$$Table$$Base                      0x08004bc8   Number         0  anon$$obj.o(Region$$Table)
    Region$$Table$$Limit                     0x08004be8   Number         0  anon$$obj.o(Region$$Table)
    Font_7x10                                0x20000000   Data           8  fonts.o(.data)
    Task01Handle                             0x20000008   Data           4  main.o(.data)
    Task02Handle                             0x2000000c   Data           4  main.o(.data)
    Task03Handle                             0x20000010   Data           4  main.o(.data)
    ADC_QNameHandle                          0x20000014   Data           4  main.o(.data)
    ADC_Buffer                               0x20000018   Data           4  main.o(.data)
    FLASH_Data                               0x2000001c   Data           4  main.o(.data)
    uwTickFreq                               0x20000020   Data           1  stm32f4xx_hal.o(.data)
    uwTickPrio                               0x20000024   Data           4  stm32f4xx_hal.o(.data)
    uwTick                                   0x20000028   Data           4  stm32f4xx_hal.o(.data)
    SystemCoreClock                          0x2000002c   Data           4  system_stm32f4xx.o(.data)
    pxCurrentTCB                             0x20000030   Data           4  tasks.o(.data)
    hadc1                                    0x20000098   Data          72  main.o(.bss)
    hspi1                                    0x200000e0   Data          88  main.o(.bss)
    htim4                                    0x20000138   Data          72  main.o(.bss)
    hdma_memtomem_dma2_stream1               0x20000180   Data          96  main.o(.bss)
    hdma_adc1                                0x200001e0   Data          96  main.o(.bss)
    Task1Buffer                              0x20000240   Data        4096  main.o(.bss)
    Task1ControlBlock                        0x20001240   Data          84  main.o(.bss)
    Task02Buffer                             0x20001294   Data        4096  main.o(.bss)
    Task02ControlBlock                       0x20002294   Data          84  main.o(.bss)
    Task03Buffer                             0x200022e8   Data        4096  main.o(.bss)
    Task03ControlBlock                       0x200032e8   Data          84  main.o(.bss)
    ADC_QNameBuffer                          0x2000333c   Data          64  main.o(.bss)
    ADC_QNameControlBlock                    0x2000337c   Data          72  main.o(.bss)
    htim2                                    0x20003618   Data          72  stm32f4xx_hal_timebase_tim.o(.bss)
    pFlash                                   0x20003660   Data          32  stm32f4xx_hal_flash.o(.bss)
    __libspace_start                         0x20007370   Data          96  libspace.o(.bss)
    __temporary_stack_top$libspace           0x200073d0   Data           0  libspace.o(.bss)



==============================================================================

Memory Map of the image

  Image Entry point : 0x08000189

  Load Region LR_IROM1 (Base: 0x08000000, Size: 0x00004c80, Max: 0x00100000, ABSOLUTE)

    Execution Region ER_IROM1 (Exec base: 0x08000000, Load base: 0x08000000, Size: 0x00004be8, Max: 0x00100000, ABSOLUTE)

    Exec Addr    Load Addr    Size         Type   Attr      Idx    E Section Name        Object

    0x08000000   0x08000000   0x00000188   Data   RO            3    RESET               startup_stm32f405xx.o
    0x08000188   0x08000188   0x00000008   Code   RO         4772  * !!!main             c_w.l(__main.o)
    0x08000190   0x08000190   0x00000034   Code   RO         4951    !!!scatter          c_w.l(__scatter.o)
    0x080001c4   0x080001c4   0x0000001a   Code   RO         4953    !!handler_copy      c_w.l(__scatter_copy.o)
    0x080001de   0x080001de   0x00000002   PAD
    0x080001e0   0x080001e0   0x0000001c   Code   RO         4955    !!handler_zi        c_w.l(__scatter_zi.o)
    0x080001fc   0x080001fc   0x00000000   Code   RO         4759    .ARM.Collect$$_printf_percent$$00000000  c_w.l(_printf_percent.o)
    0x080001fc   0x080001fc   0x00000006   Code   RO         4758    .ARM.Collect$$_printf_percent$$00000009  c_w.l(_printf_d.o)
    0x08000202   0x08000202   0x00000004   Code   RO         4787    .ARM.Collect$$_printf_percent$$00000017  c_w.l(_printf_percent_end.o)
    0x08000206   0x08000206   0x00000002   Code   RO         4839    .ARM.Collect$$libinit$$00000000  c_w.l(libinit.o)
    0x08000208   0x08000208   0x00000004   Code   RO         4851    .ARM.Collect$$libinit$$00000001  c_w.l(libinit2.o)
    0x0800020c   0x0800020c   0x00000000   Code   RO         4855    .ARM.Collect$$libinit$$00000008  c_w.l(libinit2.o)
    0x0800020c   0x0800020c   0x00000000   Code   RO         4857    .ARM.Collect$$libinit$$0000000A  c_w.l(libinit2.o)
    0x0800020c   0x0800020c   0x00000000   Code   RO         4859    .ARM.Collect$$libinit$$0000000C  c_w.l(libinit2.o)
    0x0800020c   0x0800020c   0x00000000   Code   RO         4862    .ARM.Collect$$libinit$$0000000F  c_w.l(libinit2.o)
    0x0800020c   0x0800020c   0x00000000   Code   RO         4864    .ARM.Collect$$libinit$$00000011  c_w.l(libinit2.o)
    0x0800020c   0x0800020c   0x00000000   Code   RO         4866    .ARM.Collect$$libinit$$00000013  c_w.l(libinit2.o)
    0x0800020c   0x0800020c   0x00000000   Code   RO         4868    .ARM.Collect$$libinit$$00000015  c_w.l(libinit2.o)
    0x0800020c   0x0800020c   0x00000000   Code   RO         4870    .ARM.Collect$$libinit$$00000017  c_w.l(libinit2.o)
    0x0800020c   0x0800020c   0x00000000   Code   RO         4872    .ARM.Collect$$libinit$$00000019  c_w.l(libinit2.o)
    0x0800020c   0x0800020c   0x00000000   Code   RO         4874    .ARM.Collect$$libinit$$0000001B  c_w.l(libinit2.o)
    0x0800020c   0x0800020c   0x00000000   Code   RO         4876    .ARM.Collect$$libinit$$0000001D  c_w.l(libinit2.o)
    0x0800020c   0x0800020c   0x00000000   Code   RO         4878    .ARM.Collect$$libinit$$0000001F  c_w.l(libinit2.o)
    0x0800020c   0x0800020c   0x00000000   Code   RO         4880    .ARM.Collect$$libinit$$00000021  c_w.l(libinit2.o)
    0x0800020c   0x0800020c   0x00000000   Code   RO         4882    .ARM.Collect$$libinit$$00000023  c_w.l(libinit2.o)
    0x0800020c   0x0800020c   0x00000000   Code   RO         4886    .ARM.Collect$$libinit$$0000002A  c_w.l(libinit2.o)
    0x0800020c   0x0800020c   0x00000000   Code   RO         4888    .ARM.Collect$$libinit$$0000002C  c_w.l(libinit2.o)
    0x0800020c   0x0800020c   0x00000000   Code   RO         4890    .ARM.Collect$$libinit$$0000002E  c_w.l(libinit2.o)
    0x0800020c   0x0800020c   0x00000000   Code   RO         4892    .ARM.Collect$$libinit$$00000030  c_w.l(libinit2.o)
    0x0800020c   0x0800020c   0x00000002   Code   RO         4893    .ARM.Collect$$libinit$$00000031  c_w.l(libinit2.o)
    0x0800020e   0x0800020e   0x00000002   Code   RO         4925    .ARM.Collect$$libshutdown$$00000000  c_w.l(libshutdown.o)
    0x08000210   0x08000210   0x00000000   Code   RO         4936    .ARM.Collect$$libshutdown$$00000003  c_w.l(libshutdown2.o)
    0x08000210   0x08000210   0x00000000   Code   RO         4939    .ARM.Collect$$libshutdown$$00000006  c_w.l(libshutdown2.o)
    0x08000210   0x08000210   0x00000000   Code   RO         4942    .ARM.Collect$$libshutdown$$00000009  c_w.l(libshutdown2.o)
    0x08000210   0x08000210   0x00000000   Code   RO         4944    .ARM.Collect$$libshutdown$$0000000B  c_w.l(libshutdown2.o)
    0x08000210   0x08000210   0x00000000   Code   RO         4947    .ARM.Collect$$libshutdown$$0000000E  c_w.l(libshutdown2.o)
    0x08000210   0x08000210   0x00000002   Code   RO         4948    .ARM.Collect$$libshutdown$$0000000F  c_w.l(libshutdown2.o)
    0x08000212   0x08000212   0x00000000   Code   RO         4776    .ARM.Collect$$rtentry$$00000000  c_w.l(rtentry.o)
    0x08000212   0x08000212   0x00000000   Code   RO         4798    .ARM.Collect$$rtentry$$00000002  c_w.l(rtentry2.o)
    0x08000212   0x08000212   0x00000006   Code   RO         4810    .ARM.Collect$$rtentry$$00000004  c_w.l(rtentry4.o)
    0x08000218   0x08000218   0x00000000   Code   RO         4800    .ARM.Collect$$rtentry$$00000009  c_w.l(rtentry2.o)
    0x08000218   0x08000218   0x00000004   Code   RO         4801    .ARM.Collect$$rtentry$$0000000A  c_w.l(rtentry2.o)
    0x0800021c   0x0800021c   0x00000000   Code   RO         4803    .ARM.Collect$$rtentry$$0000000C  c_w.l(rtentry2.o)
    0x0800021c   0x0800021c   0x00000008   Code   RO         4804    .ARM.Collect$$rtentry$$0000000D  c_w.l(rtentry2.o)
    0x08000224   0x08000224   0x00000002   Code   RO         4845    .ARM.Collect$$rtexit$$00000000  c_w.l(rtexit.o)
    0x08000226   0x08000226   0x00000000   Code   RO         4895    .ARM.Collect$$rtexit$$00000002  c_w.l(rtexit2.o)
    0x08000226   0x08000226   0x00000004   Code   RO         4896    .ARM.Collect$$rtexit$$00000003  c_w.l(rtexit2.o)
    0x0800022a   0x0800022a   0x00000006   Code   RO         4897    .ARM.Collect$$rtexit$$00000004  c_w.l(rtexit2.o)
    0x08000230   0x08000230   0x000000be   Code   RO         4649    .emb_text           port.o
    0x080002ee   0x080002ee   0x00000002   PAD
    0x080002f0   0x080002f0   0x00000040   Code   RO            4    .text               startup_stm32f405xx.o
    0x08000330   0x08000330   0x000000ee   Code   RO         4728    .text               c_w.l(lludivv7m.o)
    0x0800041e   0x0800041e   0x00000002   PAD
    0x08000420   0x08000420   0x00000028   Code   RO         4732    .text               c_w.l(noretval__2sprintf.o)
    0x08000448   0x08000448   0x00000068   Code   RO         4734    .text               c_w.l(__printf.o)
    0x080004b0   0x080004b0   0x00000078   Code   RO         4736    .text               c_w.l(_printf_dec.o)
    0x08000528   0x08000528   0x00000010   Code   RO         4760    .text               c_w.l(abort.o)
    0x08000538   0x08000538   0x0000008a   Code   RO         4762    .text               c_w.l(rt_memcpy_v6.o)
    0x080005c2   0x080005c2   0x00000064   Code   RO         4764    .text               c_w.l(rt_memcpy_w.o)
    0x08000626   0x08000626   0x0000004e   Code   RO         4768    .text               c_w.l(rt_memclr_w.o)
    0x08000674   0x08000674   0x00000006   Code   RO         4770    .text               c_w.l(heapauxi.o)
    0x0800067a   0x0800067a   0x00000002   PAD
    0x0800067c   0x0800067c   0x0000000c   Code   RO         4774    .text               c_w.l(sys_exit.o)
    0x08000688   0x08000688   0x000000b8   Code   RO         4781    .text               c_w.l(_printf_intcommon.o)
    0x08000740   0x08000740   0x00000030   Code   RO         4783    .text               c_w.l(_printf_char_common.o)
    0x08000770   0x08000770   0x0000000a   Code   RO         4785    .text               c_w.l(_sputc.o)
    0x0800077a   0x0800077a   0x0000000e   Code   RO         4788    .text               c_w.l(defsig_abrt_outer.o)
    0x08000788   0x08000788   0x00000002   Code   RO         4794    .text               c_w.l(use_no_semi.o)
    0x0800078a   0x0800078a   0x00000000   Code   RO         4796    .text               c_w.l(indicate_semi.o)
    0x0800078a   0x0800078a   0x0000000a   Code   RO         4818    .text               c_w.l(defsig_exit.o)
    0x08000794   0x08000794   0x00000030   Code   RO         4820    .text               c_w.l(defsig_abrt_inner.o)
    0x080007c4   0x080007c4   0x0000004a   Code   RO         4822    .text               c_w.l(sys_stackheap_outer.o)
    0x0800080e   0x0800080e   0x0000000c   Code   RO         4824    .text               c_w.l(exit.o)
    0x0800081a   0x0800081a   0x00000032   Code   RO         4828    .text               c_w.l(defsig_general.o)
    0x0800084c   0x0800084c   0x0000000e   Code   RO         4840    .text               c_w.l(sys_wrch.o)
    0x0800085a   0x0800085a   0x00000002   PAD
    0x0800085c   0x0800085c   0x00000008   Code   RO         4842    .text               c_w.l(libspace.o)
    0x08000864   0x08000864   0x0000006e   Code   RO          671    i.ADC_DMAConvCplt   stm32f4xx_hal_adc.o
    0x080008d2   0x080008d2   0x00000016   Code   RO          672    i.ADC_DMAError      stm32f4xx_hal_adc.o
    0x080008e8   0x080008e8   0x0000000a   Code   RO          673    i.ADC_DMAHalfConvCplt  stm32f4xx_hal_adc.o
    0x080008f2   0x080008f2   0x00000002   PAD
    0x080008f4   0x080008f4   0x0000012c   Code   RO          674    i.ADC_Init          stm32f4xx_hal_adc.o
    0x08000a20   0x08000a20   0x00000002   Code   RO          495    i.BusFault_Handler  stm32f4xx_it.o
    0x08000a22   0x08000a22   0x00000002   PAD
    0x08000a24   0x08000a24   0x0000000c   Code   RO          496    i.DMA2_Stream0_IRQHandler  stm32f4xx_it.o
    0x08000a30   0x08000a30   0x00000028   Code   RO         1408    i.DMA_CalcBaseAndBitshift  stm32f4xx_hal_dma.o
    0x08000a58   0x08000a58   0x00000054   Code   RO         1409    i.DMA_CheckFifoParam  stm32f4xx_hal_dma.o
    0x08000aac   0x08000aac   0x00000028   Code   RO         1410    i.DMA_SetConfig     stm32f4xx_hal_dma.o
    0x08000ad4   0x08000ad4   0x00000002   Code   RO          497    i.DebugMon_Handler  stm32f4xx_it.o
    0x08000ad6   0x08000ad6   0x00000004   Code   RO          294    i.Error_Handler     main.o
    0x08000ada   0x08000ada   0x00000002   PAD
    0x08000adc   0x08000adc   0x00000078   Code   RO          295    i.FLASH_DMA_Write   main.o
    0x08000b54   0x08000b54   0x00000050   Code   RO         1223    i.FLASH_Erase_Sector  stm32f4xx_hal_flash_ex.o
    0x08000ba4   0x08000ba4   0x00000054   Code   RO         1224    i.FLASH_FlushCaches  stm32f4xx_hal_flash_ex.o
    0x08000bf8   0x08000bf8   0x00000028   Code   RO         1225    i.FLASH_MassErase   stm32f4xx_hal_flash_ex.o
    0x08000c20   0x08000c20   0x00000068   Code   RO         1109    i.FLASH_SetErrorCode  stm32f4xx_hal_flash.o
    0x08000c88   0x08000c88   0x00000050   Code   RO         1110    i.FLASH_WaitForLastOperation  stm32f4xx_hal_flash.o
    0x08000cd8   0x08000cd8   0x0000014c   Code   RO          676    i.HAL_ADC_ConfigChannel  stm32f4xx_hal_adc.o
    0x08000e24   0x08000e24   0x0000001c   Code   RO          296    i.HAL_ADC_ConvCpltCallback  main.o
    0x08000e40   0x08000e40   0x00000002   Code   RO          678    i.HAL_ADC_ConvHalfCpltCallback  stm32f4xx_hal_adc.o
    0x08000e42   0x08000e42   0x00000002   Code   RO          680    i.HAL_ADC_ErrorCallback  stm32f4xx_hal_adc.o
    0x08000e44   0x08000e44   0x00000054   Code   RO          685    i.HAL_ADC_Init      stm32f4xx_hal_adc.o
    0x08000e98   0x08000e98   0x00000098   Code   RO          572    i.HAL_ADC_MspInit   stm32f4xx_hal_msp.o
    0x08000f30   0x08000f30   0x00000158   Code   RO          692    i.HAL_ADC_Start_DMA  stm32f4xx_hal_adc.o
    0x08001088   0x08001088   0x000001a8   Code   RO         1416    i.HAL_DMA_IRQHandler  stm32f4xx_hal_dma.o
    0x08001230   0x08001230   0x000000d4   Code   RO         1417    i.HAL_DMA_Init      stm32f4xx_hal_dma.o
    0x08001304   0x08001304   0x0000006e   Code   RO         1421    i.HAL_DMA_Start_IT  stm32f4xx_hal_dma.o
    0x08001372   0x08001372   0x00000002   PAD
    0x08001374   0x08001374   0x00000024   Code   RO         1848    i.HAL_Delay         stm32f4xx_hal.o
    0x08001398   0x08001398   0x00000098   Code   RO         1226    i.HAL_FLASHEx_Erase  stm32f4xx_hal_flash_ex.o
    0x08001430   0x08001430   0x00000014   Code   RO         1114    i.HAL_FLASH_Lock    stm32f4xx_hal_flash.o
    0x08001444   0x08001444   0x0000002c   Code   RO         1121    i.HAL_FLASH_Unlock  stm32f4xx_hal_flash.o
    0x08001470   0x08001470   0x000001f0   Code   RO         1304    i.HAL_GPIO_Init     stm32f4xx_hal_gpio.o
    0x08001660   0x08001660   0x00000010   Code   RO         1307    i.HAL_GPIO_TogglePin  stm32f4xx_hal_gpio.o
    0x08001670   0x08001670   0x0000000a   Code   RO         1308    i.HAL_GPIO_WritePin  stm32f4xx_hal_gpio.o
    0x0800167a   0x0800167a   0x00000002   PAD
    0x0800167c   0x0800167c   0x0000000c   Code   RO         1854    i.HAL_GetTick       stm32f4xx_hal.o
    0x08001688   0x08001688   0x00000010   Code   RO         1860    i.HAL_IncTick       stm32f4xx_hal.o
    0x08001698   0x08001698   0x00000034   Code   RO         1861    i.HAL_Init          stm32f4xx_hal.o
    0x080016cc   0x080016cc   0x00000098   Code   RO          632    i.HAL_InitTick      stm32f4xx_hal_timebase_tim.o
    0x08001764   0x08001764   0x00000038   Code   RO          573    i.HAL_MspInit       stm32f4xx_hal_msp.o
    0x0800179c   0x0800179c   0x0000001c   Code   RO         1696    i.HAL_NVIC_EnableIRQ  stm32f4xx_hal_cortex.o
    0x080017b8   0x080017b8   0x00000040   Code   RO         1702    i.HAL_NVIC_SetPriority  stm32f4xx_hal_cortex.o
    0x080017f8   0x080017f8   0x00000024   Code   RO         1703    i.HAL_NVIC_SetPriorityGrouping  stm32f4xx_hal_cortex.o
    0x0800181c   0x0800181c   0x00000134   Code   RO          950    i.HAL_RCC_ClockConfig  stm32f4xx_hal_rcc.o
    0x08001950   0x08001950   0x00000040   Code   RO          954    i.HAL_RCC_GetClockConfig  stm32f4xx_hal_rcc.o
    0x08001990   0x08001990   0x00000020   Code   RO          957    i.HAL_RCC_GetPCLK1Freq  stm32f4xx_hal_rcc.o
    0x080019b0   0x080019b0   0x00000064   Code   RO          959    i.HAL_RCC_GetSysClockFreq  stm32f4xx_hal_rcc.o
    0x08001a14   0x08001a14   0x0000036c   Code   RO          962    i.HAL_RCC_OscConfig  stm32f4xx_hal_rcc.o
    0x08001d80   0x08001d80   0x000000bc   Code   RO         2110    i.HAL_SPI_Init      stm32f4xx_hal_spi.o
    0x08001e3c   0x08001e3c   0x00000084   Code   RO          575    i.HAL_SPI_MspInit   stm32f4xx_hal_msp.o
    0x08001ec0   0x08001ec0   0x00000162   Code   RO         2118    i.HAL_SPI_Transmit  stm32f4xx_hal_spi.o
    0x08002022   0x08002022   0x00000002   Code   RO         3127    i.HAL_TIMEx_BreakCallback  stm32f4xx_hal_tim_ex.o
    0x08002024   0x08002024   0x00000002   Code   RO         3128    i.HAL_TIMEx_CommutCallback  stm32f4xx_hal_tim_ex.o
    0x08002026   0x08002026   0x00000002   PAD
    0x08002028   0x08002028   0x00000090   Code   RO         3146    i.HAL_TIMEx_MasterConfigSynchronization  stm32f4xx_hal_tim_ex.o
    0x080020b8   0x080020b8   0x00000048   Code   RO         2423    i.HAL_TIM_Base_Init  stm32f4xx_hal_tim.o
    0x08002100   0x08002100   0x0000003c   Code   RO          577    i.HAL_TIM_Base_MspInit  stm32f4xx_hal_msp.o
    0x0800213c   0x0800213c   0x00000080   Code   RO         2428    i.HAL_TIM_Base_Start_IT  stm32f4xx_hal_tim.o
    0x080021bc   0x080021bc   0x000000da   Code   RO         2432    i.HAL_TIM_ConfigClockSource  stm32f4xx_hal_tim.o
    0x08002296   0x08002296   0x00000002   Code   RO         2457    i.HAL_TIM_IC_CaptureCallback  stm32f4xx_hal_tim.o
    0x08002298   0x08002298   0x00000130   Code   RO         2471    i.HAL_TIM_IRQHandler  stm32f4xx_hal_tim.o
    0x080023c8   0x080023c8   0x00000002   Code   RO         2474    i.HAL_TIM_OC_DelayElapsedCallback  stm32f4xx_hal_tim.o
    0x080023ca   0x080023ca   0x00000002   Code   RO         2501    i.HAL_TIM_PWM_PulseFinishedCallback  stm32f4xx_hal_tim.o
    0x080023cc   0x080023cc   0x00000034   Code   RO          297    i.HAL_TIM_PeriodElapsedCallback  main.o
    0x08002400   0x08002400   0x00000002   Code   RO         2514    i.HAL_TIM_TriggerCallback  stm32f4xx_hal_tim.o
    0x08002402   0x08002402   0x00000002   Code   RO          498    i.HardFault_Handler  stm32f4xx_it.o
    0x08002404   0x08002404   0x00000060   Code   RO          298    i.MX_ADC1_Init      main.o
    0x08002464   0x08002464   0x0000006c   Code   RO          299    i.MX_DMA_Init       main.o
    0x080024d0   0x080024d0   0x00000060   Code   RO          300    i.MX_GPIO_Init      main.o
    0x08002530   0x08002530   0x00000044   Code   RO          301    i.MX_SPI1_Init      main.o
    0x08002574   0x08002574   0x0000006c   Code   RO          302    i.MX_TIM4_Init      main.o
    0x080025e0   0x080025e0   0x00000002   Code   RO          499    i.MemManage_Handler  stm32f4xx_it.o
    0x080025e2   0x080025e2   0x00000002   Code   RO          500    i.NMI_Handler       stm32f4xx_it.o
    0x080025e4   0x080025e4   0x00000070   Code   RO         2148    i.SPI_EndRxTxTransaction  stm32f4xx_hal_spi.o
    0x08002654   0x08002654   0x000000b8   Code   RO         2153    i.SPI_WaitFlagStateUntilTimeout  stm32f4xx_hal_spi.o
    0x0800270c   0x0800270c   0x00000064   Code   RO           43    i.ST7789_Fill_Color  st7789.o
    0x08002770   0x08002770   0x00000184   Code   RO           44    i.ST7789_Init       st7789.o
    0x080028f4   0x080028f4   0x00000078   Code   RO           46    i.ST7789_SetAddressWindow  st7789.o
    0x0800296c   0x0800296c   0x00000030   Code   RO           47    i.ST7789_SetRotation  st7789.o
    0x0800299c   0x0800299c   0x000000b0   Code   RO           50    i.ST7789_WriteChar  st7789.o
    0x08002a4c   0x08002a4c   0x0000003c   Code   RO           51    i.ST7789_WriteCommand  st7789.o
    0x08002a88   0x08002a88   0x00000064   Code   RO           52    i.ST7789_WriteData  st7789.o
    0x08002aec   0x08002aec   0x0000003c   Code   RO           53    i.ST7789_WriteSmallData  st7789.o
    0x08002b28   0x08002b28   0x00000074   Code   RO           54    i.ST7789_WriteString  st7789.o
    0x08002b9c   0x08002b9c   0x00000064   Code   RO          303    i.StartTask01       main.o
    0x08002c00   0x08002c00   0x0000001c   Code   RO          304    i.StartTask02       main.o
    0x08002c1c   0x08002c1c   0x00000058   Code   RO          305    i.StartTask03       main.o
    0x08002c74   0x08002c74   0x0000002c   Code   RO         4650    i.SysTick_Handler   port.o
    0x08002ca0   0x08002ca0   0x00000094   Code   RO          306    i.SystemClock_Config  main.o
    0x08002d34   0x08002d34   0x00000010   Code   RO         3395    i.SystemInit        system_stm32f4xx.o
    0x08002d44   0x08002d44   0x0000000c   Code   RO          501    i.TIM2_IRQHandler   stm32f4xx_it.o
    0x08002d50   0x08002d50   0x0000000c   Code   RO          502    i.TIM4_IRQHandler   stm32f4xx_it.o
    0x08002d5c   0x08002d5c   0x000000d8   Code   RO         2516    i.TIM_Base_SetConfig  stm32f4xx_hal_tim.o
    0x08002e34   0x08002e34   0x00000014   Code   RO         2527    i.TIM_ETR_SetConfig  stm32f4xx_hal_tim.o
    0x08002e48   0x08002e48   0x00000010   Code   RO         2528    i.TIM_ITRx_SetConfig  stm32f4xx_hal_tim.o
    0x08002e58   0x08002e58   0x00000022   Code   RO         2534    i.TIM_TI1_ConfigInputStage  stm32f4xx_hal_tim.o
    0x08002e7a   0x08002e7a   0x00000024   Code   RO         2536    i.TIM_TI2_ConfigInputStage  stm32f4xx_hal_tim.o
    0x08002e9e   0x08002e9e   0x00000002   Code   RO          503    i.UsageFault_Handler  stm32f4xx_it.o
    0x08002ea0   0x08002ea0   0x00000020   Code   RO         1709    i.__NVIC_SetPriority  stm32f4xx_hal_cortex.o
    0x08002ec0   0x08002ec0   0x0000000c   Code   RO         4213    i.inHandlerMode     cmsis_os.o
    0x08002ecc   0x08002ecc   0x0000008c   Code   RO          307    i.main              main.o
    0x08002f58   0x08002f58   0x0000000c   Code   RO         4215    i.makeFreeRtosPriority  cmsis_os.o
    0x08002f64   0x08002f64   0x0000000e   Code   RO         4217    i.osDelay           cmsis_os.o
    0x08002f72   0x08002f72   0x0000000a   Code   RO         4220    i.osKernelStart     cmsis_os.o
    0x08002f7c   0x08002f7c   0x00000026   Code   RO         4229    i.osMessageCreate   cmsis_os.o
    0x08002fa2   0x08002fa2   0x00000002   PAD
    0x08002fa4   0x08002fa4   0x00000094   Code   RO         4231    i.osMessageGet      cmsis_os.o
    0x08003038   0x08003038   0x0000005c   Code   RO         4233    i.osMessagePut      cmsis_os.o
    0x08003094   0x08003094   0x00000054   Code   RO         4254    i.osThreadCreate    cmsis_os.o
    0x080030e8   0x080030e8   0x00000070   Code   RO         3897    i.prvAddCurrentTaskToDelayedList  tasks.o
    0x08003158   0x08003158   0x000000d0   Code   RO         3898    i.prvAddNewTaskToReadyList  tasks.o
    0x08003228   0x08003228   0x00000026   Code   RO         3573    i.prvCopyDataFromQueue  queue.o
    0x0800324e   0x0800324e   0x0000006c   Code   RO         3574    i.prvCopyDataToQueue  queue.o
    0x080032ba   0x080032ba   0x00000034   Code   RO         3899    i.prvDeleteTCB      tasks.o
    0x080032ee   0x080032ee   0x00000002   PAD
    0x080032f0   0x080032f0   0x0000004c   Code   RO         4582    i.prvHeapInit       heap_4.o
    0x0800333c   0x0800333c   0x00000060   Code   RO         3900    i.prvIdleTask       tasks.o
    0x0800339c   0x0800339c   0x00000016   Code   RO         3576    i.prvInitialiseNewQueue  queue.o
    0x080033b2   0x080033b2   0x00000098   Code   RO         3901    i.prvInitialiseNewTask  tasks.o
    0x0800344a   0x0800344a   0x00000002   PAD
    0x0800344c   0x0800344c   0x0000004c   Code   RO         4583    i.prvInsertBlockIntoFreeList  heap_4.o
    0x08003498   0x08003498   0x0000001c   Code   RO         3577    i.prvIsQueueEmpty   queue.o
    0x080034b4   0x080034b4   0x00000020   Code   RO         3902    i.prvResetNextTaskUnblockTime  tasks.o
    0x080034d4   0x080034d4   0x00000020   Code   RO         4651    i.prvTaskExitError  port.o
    0x080034f4   0x080034f4   0x0000006a   Code   RO         3578    i.prvUnlockQueue    queue.o
    0x0800355e   0x0800355e   0x00000002   PAD
    0x08003560   0x08003560   0x000000dc   Code   RO         4584    i.pvPortMalloc      heap_4.o
    0x0800363c   0x0800363c   0x0000002c   Code   RO         4652    i.pxPortInitialiseStack  port.o
    0x08003668   0x08003668   0x00000026   Code   RO         3533    i.uxListRemove      list.o
    0x0800368e   0x0800368e   0x00000002   PAD
    0x08003690   0x08003690   0x00000014   Code   RO          461    i.vApplicationGetIdleTaskMemory  freertos.o
    0x080036a4   0x080036a4   0x00000016   Code   RO         3534    i.vListInitialise   list.o
    0x080036ba   0x080036ba   0x00000006   Code   RO         3535    i.vListInitialiseItem  list.o
    0x080036c0   0x080036c0   0x00000030   Code   RO         3536    i.vListInsert       list.o
    0x080036f0   0x080036f0   0x00000018   Code   RO         3537    i.vListInsertEnd    list.o
    0x08003708   0x08003708   0x00000040   Code   RO         4654    i.vPortEnterCritical  port.o
    0x08003748   0x08003748   0x00000028   Code   RO         4655    i.vPortExitCritical  port.o
    0x08003770   0x08003770   0x00000064   Code   RO         4585    i.vPortFree         heap_4.o
    0x080037d4   0x080037d4   0x00000024   Code   RO         4656    i.vPortSetupTimerInterrupt  port.o
    0x080037f8   0x080037f8   0x00000054   Code   RO         4657    i.vPortValidateInterruptPriority  port.o
    0x0800384c   0x0800384c   0x0000004c   Code   RO         3911    i.vTaskDelay        tasks.o
    0x08003898   0x08003898   0x00000010   Code   RO         3914    i.vTaskInternalSetTimeOutState  tasks.o
    0x080038a8   0x080038a8   0x0000000c   Code   RO         3915    i.vTaskMissedYield  tasks.o
    0x080038b4   0x080038b4   0x00000030   Code   RO         3917    i.vTaskPlaceOnEventList  tasks.o
    0x080038e4   0x080038e4   0x0000006c   Code   RO         3924    i.vTaskStartScheduler  tasks.o
    0x08003950   0x08003950   0x00000010   Code   RO         3926    i.vTaskSuspendAll   tasks.o
    0x08003960   0x08003960   0x0000005c   Code   RO         3927    i.vTaskSwitchContext  tasks.o
    0x080039bc   0x080039bc   0x000000f8   Code   RO         4658    i.xPortStartScheduler  port.o
    0x08003ab4   0x08003ab4   0x00000042   Code   RO         3587    i.xQueueGenericCreate  queue.o
    0x08003af6   0x08003af6   0x00000066   Code   RO         3588    i.xQueueGenericCreateStatic  queue.o
    0x08003b5c   0x08003b5c   0x00000088   Code   RO         3589    i.xQueueGenericReset  queue.o
    0x08003be4   0x08003be4   0x00000160   Code   RO         3590    i.xQueueGenericSend  queue.o
    0x08003d44   0x08003d44   0x000000be   Code   RO         3591    i.xQueueGenericSendFromISR  queue.o
    0x08003e02   0x08003e02   0x00000002   PAD
    0x08003e04   0x08003e04   0x00000138   Code   RO         3597    i.xQueueReceive     queue.o
    0x08003f3c   0x08003f3c   0x0000009a   Code   RO         3598    i.xQueueReceiveFromISR  queue.o
    0x08003fd6   0x08003fd6   0x00000002   PAD
    0x08003fd8   0x08003fd8   0x00000074   Code   RO         3929    i.xTaskCheckForTimeOut  tasks.o
    0x0800404c   0x0800404c   0x0000005a   Code   RO         3930    i.xTaskCreate       tasks.o
    0x080040a6   0x080040a6   0x00000056   Code   RO         3931    i.xTaskCreateStatic  tasks.o
    0x080040fc   0x080040fc   0x0000001c   Code   RO         3935    i.xTaskGetSchedulerState  tasks.o
    0x08004118   0x08004118   0x000000cc   Code   RO         3938    i.xTaskIncrementTick  tasks.o
    0x080041e4   0x080041e4   0x00000098   Code   RO         3941    i.xTaskPriorityDisinherit  tasks.o
    0x0800427c   0x0800427c   0x00000074   Code   RO         3943    i.xTaskRemoveFromEventList  tasks.o
    0x080042f0   0x080042f0   0x000000c4   Code   RO         3944    i.xTaskResumeAll    tasks.o
    0x080043b4   0x080043b4   0x0000000a   Code   RO         4917    x$fpl$fpinit        fz_wm.l(fpinit.o)
    0x080043be   0x080043be   0x0000076c   Data   RO           10    .constdata          fonts.o
    0x08004b2a   0x08004b2a   0x00000002   PAD
    0x08004b2c   0x08004b2c   0x00000064   Data   RO          318    .constdata          main.o
    0x08004b90   0x08004b90   0x00000008   Data   RO         1423    .constdata          stm32f4xx_hal_dma.o
    0x08004b98   0x08004b98   0x00000010   Data   RO         3396    .constdata          system_stm32f4xx.o
    0x08004ba8   0x08004ba8   0x00000008   Data   RO         3397    .constdata          system_stm32f4xx.o
    0x08004bb0   0x08004bb0   0x00000015   Data   RO          319    .conststring        main.o
    0x08004bc5   0x08004bc5   0x00000003   PAD
    0x08004bc8   0x08004bc8   0x00000020   Data   RO         4949    Region$$Table       anon$$obj.o


    Execution Region RW_IRAM1 (Exec base: 0x20000000, Load base: 0x08004be8, Size: 0x000079d0, Max: 0x0001c000, ABSOLUTE)

    Exec Addr    Load Addr    Size         Type   Attr      Idx    E Section Name        Object

    0x20000000   0x08004be8   0x00000008   Data   RW           12    .data               fonts.o
    0x20000008   0x08004bf0   0x00000018   Data   RW          320    .data               main.o
    0x20000020   0x08004c08   0x0000000c   Data   RW         1868    .data               stm32f4xx_hal.o
    0x2000002c   0x08004c14   0x00000004   Data   RW         3398    .data               system_stm32f4xx.o
    0x20000030   0x08004c18   0x0000003c   Data   RW         3947    .data               tasks.o
    0x2000006c   0x08004c54   0x00000020   Data   RW         4591    .data               heap_4.o
    0x2000008c   0x08004c74   0x0000000c   Data   RW         4659    .data               port.o
    0x20000098        -       0x00000148   Zero   RW          308    .bss                main.o
    0x200001e0        -       0x00000060   Zero   RW          309    .bss                main.o
    0x20000240        -       0x00001000   Zero   RW          310    .bss                main.o
    0x20001240        -       0x00000054   Zero   RW          311    .bss                main.o
    0x20001294        -       0x00001000   Zero   RW          312    .bss                main.o
    0x20002294        -       0x00000054   Zero   RW          313    .bss                main.o
    0x200022e8        -       0x00001000   Zero   RW          314    .bss                main.o
    0x200032e8        -       0x00000054   Zero   RW          315    .bss                main.o
    0x2000333c        -       0x00000040   Zero   RW          316    .bss                main.o
    0x2000337c        -       0x00000048   Zero   RW          317    .bss                main.o
    0x200033c4        -       0x00000254   Zero   RW          462    .bss                freertos.o
    0x20003618        -       0x00000048   Zero   RW          635    .bss                stm32f4xx_hal_timebase_tim.o
    0x20003660        -       0x00000020   Zero   RW         1122    .bss                stm32f4xx_hal_flash.o
    0x20003680        -       0x000000f0   Zero   RW         3946    .bss                tasks.o
    0x20003770        -       0x00003c00   Zero   RW         4590    .bss                heap_4.o
    0x20007370        -       0x00000060   Zero   RW         4843    .bss                c_w.l(libspace.o)
    0x200073d0        -       0x00000200   Zero   RW            2    HEAP                startup_stm32f405xx.o
    0x200075d0        -       0x00000400   Zero   RW            1    STACK               startup_stm32f405xx.o


    Execution Region RW_IRAM2 (Exec base: 0x2001c000, Load base: 0x08004c80, Size: 0x00000000, Max: 0x00004000, ABSOLUTE)

    **** No section assigned to this execution region ****


==============================================================================

Image component sizes


      Code (inc. data)   RO Data    RW Data    ZI Data      Debug   Object Name

       410         12          0          0          0      30729   cmsis_os.o
         0          0          0          0          0      19856   event_groups.o
         0          0       1900          8          0       5290   fonts.o
        20          4          0          0        596       1140   freertos.o
       472         24          0         32      15360       7135   heap_4.o
       138          0          0          0          0       3322   list.o
      1184        160        121         24      13100      41390   main.o
       782         80          0         12          0      11605   port.o
      1614         14          0          0          0      16109   queue.o
      1168         98          0          0          0     664503   st7789.o
        64         26        392          0       1536        828   startup_stm32f405xx.o
       116         18          0         12          0       8606   stm32f4xx_hal.o
      1206         72          0          0          0       6342   stm32f4xx_hal_adc.o
       160         24          0          0          0      32654   stm32f4xx_hal_cortex.o
       910         16          8          0          0       5075   stm32f4xx_hal_dma.o
       248         34          0          0         32       2678   stm32f4xx_hal_flash.o
       356         24          0          0          0       3702   stm32f4xx_hal_flash_ex.o
       522         46          0          0          0       2549   stm32f4xx_hal_gpio.o
       400         50          0          0          0       2945   stm32f4xx_hal_msp.o
      1380         74          0          0          0       4982   stm32f4xx_hal_rcc.o
       838         16          0          0          0       3766   stm32f4xx_hal_spi.o
      1052         74          0          0          0       9569   stm32f4xx_hal_tim.o
       148         30          0          0          0       2397   stm32f4xx_hal_tim_ex.o
       152         18          0          0         72       1403   stm32f4xx_hal_timebase_tim.o
        48         18          0          0          0       4107   stm32f4xx_it.o
         0          0          0          0          0        396   stream_buffer.o
        16          4         24          4          0       1099   system_stm32f4xx.o
      2008        150          0         60        240      23470   tasks.o

    ----------------------------------------------------------------------
     15440       1086       2482        152      30936     917647   Object Totals
         0          0         32          0          0          0   (incl. Generated)
        28          0          5          0          0          0   (incl. Padding)

    ----------------------------------------------------------------------

      Code (inc. data)   RO Data    RW Data    ZI Data      Debug   Library Member Name

         8          0          0          0          0         68   __main.o
       104          0          0          0          0         84   __printf.o
        52          8          0          0          0          0   __scatter.o
        26          0          0          0          0          0   __scatter_copy.o
        28          0          0          0          0          0   __scatter_zi.o
        48          6          0          0          0         96   _printf_char_common.o
         6          0          0          0          0          0   _printf_d.o
       120         18          0          0          0         92   _printf_dec.o
       184          0          0          0          0         88   _printf_intcommon.o
         0          0          0          0          0          0   _printf_percent.o
         4          0          0          0          0          0   _printf_percent_end.o
        10          0          0          0          0         68   _sputc.o
        16          0          0          0          0         72   abort.o
        48         34          0          0          0         76   defsig_abrt_inner.o
        14          0          0          0          0         80   defsig_abrt_outer.o
        10          0          0          0          0         68   defsig_exit.o
        50          0          0          0          0         88   defsig_general.o
        12          0          0          0          0         72   exit.o
         6          0          0          0          0        152   heapauxi.o
         0          0          0          0          0          0   indicate_semi.o
         2          0          0          0          0          0   libinit.o
         6          0          0          0          0          0   libinit2.o
         2          0          0          0          0          0   libshutdown.o
         2          0          0          0          0          0   libshutdown2.o
         8          4          0          0         96         68   libspace.o
       238          0          0          0          0        100   lludivv7m.o
        40          6          0          0          0         84   noretval__2sprintf.o
        78          0          0          0          0         80   rt_memclr_w.o
       138          0          0          0          0         68   rt_memcpy_v6.o
       100          0          0          0          0         80   rt_memcpy_w.o
         0          0          0          0          0          0   rtentry.o
        12          0          0          0          0          0   rtentry2.o
         6          0          0          0          0          0   rtentry4.o
         2          0          0          0          0          0   rtexit.o
        10          0          0          0          0          0   rtexit2.o
        12          4          0          0          0         68   sys_exit.o
        74          0          0          0          0         80   sys_stackheap_outer.o
        14          0          0          0          0         76   sys_wrch.o
         2          0          0          0          0         68   use_no_semi.o
        10          0          0          0          0        116   fpinit.o

    ----------------------------------------------------------------------
      1510         80          0          0         96       1992   Library Totals
         8          0          0          0          0          0   (incl. Padding)

    ----------------------------------------------------------------------

      Code (inc. data)   RO Data    RW Data    ZI Data      Debug   Library Name

      1492         80          0          0         96       1876   c_w.l
        10          0          0          0          0        116   fz_wm.l

    ----------------------------------------------------------------------
      1510         80          0          0         96       1992   Library Totals

    ----------------------------------------------------------------------

==============================================================================


      Code (inc. data)   RO Data    RW Data    ZI Data      Debug   

     16950       1166       2482        152      31032     903347   Grand Totals
     16950       1166       2482        152      31032     903347   ELF Image Totals
     16950       1166       2482        152          0          0   ROM Totals

==============================================================================

    Total RO  Size (Code + RO Data)                19432 (  18.98kB)
    Total RW  Size (RW Data + ZI Data)             31184 (  30.45kB)
    Total ROM Size (Code + RO Data + RW Data)      19584 (  19.13kB)

==============================================================================

