ARM Linker, 5.03 [Build 24] [MDK-ARM Lite]

==============================================================================

Section Cross References

    startup_stm32f405xx.o(STACK) refers (Special) to heapauxi.o(.text) for __use_two_region_memory
    startup_stm32f405xx.o(HEAP) refers (Special) to heapauxi.o(.text) for __use_two_region_memory
    startup_stm32f405xx.o(RESET) refers (Special) to heapauxi.o(.text) for __use_two_region_memory
    startup_stm32f405xx.o(RESET) refers to startup_stm32f405xx.o(STACK) for __initial_sp
    startup_stm32f405xx.o(RESET) refers to startup_stm32f405xx.o(.text) for Reset_Handler
    startup_stm32f405xx.o(RESET) refers to stm32f4xx_it.o(i.NMI_Handler) for NMI_Handler
    startup_stm32f405xx.o(RESET) refers to stm32f4xx_it.o(i.HardFault_Handler) for HardFault_Handler
    startup_stm32f405xx.o(RESET) refers to stm32f4xx_it.o(i.MemManage_Handler) for MemManage_Handler
    startup_stm32f405xx.o(RESET) refers to stm32f4xx_it.o(i.BusFault_Handler) for BusFault_Handler
    startup_stm32f405xx.o(RESET) refers to stm32f4xx_it.o(i.UsageFault_Handler) for UsageFault_Handler
    startup_stm32f405xx.o(RESET) refers to port.o(.emb_text) for SVC_Handler
    startup_stm32f405xx.o(RESET) refers to stm32f4xx_it.o(i.DebugMon_Handler) for DebugMon_Handler
    startup_stm32f405xx.o(RESET) refers to port.o(i.SysTick_Handler) for SysTick_Handler
    startup_stm32f405xx.o(RESET) refers to stm32f4xx_it.o(i.EXTI1_IRQHandler) for EXTI1_IRQHandler
    startup_stm32f405xx.o(RESET) refers to stm32f4xx_it.o(i.TIM2_IRQHandler) for TIM2_IRQHandler
    startup_stm32f405xx.o(RESET) refers to stm32f4xx_it.o(i.TIM4_IRQHandler) for TIM4_IRQHandler
    startup_stm32f405xx.o(RESET) refers to stm32f4xx_it.o(i.DMA2_Stream0_IRQHandler) for DMA2_Stream0_IRQHandler
    startup_stm32f405xx.o(RESET) refers to stm32f4xx_it.o(i.CAN2_RX0_IRQHandler) for CAN2_RX0_IRQHandler
    startup_stm32f405xx.o(.text) refers (Special) to heapauxi.o(.text) for __use_two_region_memory
    startup_stm32f405xx.o(.text) refers to system_stm32f4xx.o(i.SystemInit) for SystemInit
    startup_stm32f405xx.o(.text) refers to __main.o(!!!main) for __main
    startup_stm32f405xx.o(.text) refers to startup_stm32f405xx.o(HEAP) for Heap_Mem
    startup_stm32f405xx.o(.text) refers to startup_stm32f405xx.o(STACK) for Stack_Mem
    fonts.o(.data) refers to fonts.o(.constdata) for Font7x10
    st7789.o(i.ST7789_DrawCircle) refers to stm32f4xx_hal_gpio.o(i.HAL_GPIO_WritePin) for HAL_GPIO_WritePin
    st7789.o(i.ST7789_DrawCircle) refers to st7789.o(i.ST7789_DrawPixel) for ST7789_DrawPixel
    st7789.o(i.ST7789_DrawFilledCircle) refers to stm32f4xx_hal_gpio.o(i.HAL_GPIO_WritePin) for HAL_GPIO_WritePin
    st7789.o(i.ST7789_DrawFilledCircle) refers to st7789.o(i.ST7789_DrawPixel) for ST7789_DrawPixel
    st7789.o(i.ST7789_DrawFilledCircle) refers to st7789.o(i.ST7789_DrawLine) for ST7789_DrawLine
    st7789.o(i.ST7789_DrawFilledRectangle) refers to stm32f4xx_hal_gpio.o(i.HAL_GPIO_WritePin) for HAL_GPIO_WritePin
    st7789.o(i.ST7789_DrawFilledRectangle) refers to st7789.o(i.ST7789_DrawLine) for ST7789_DrawLine
    st7789.o(i.ST7789_DrawFilledTriangle) refers to stm32f4xx_hal_gpio.o(i.HAL_GPIO_WritePin) for HAL_GPIO_WritePin
    st7789.o(i.ST7789_DrawFilledTriangle) refers to st7789.o(i.ST7789_DrawLine) for ST7789_DrawLine
    st7789.o(i.ST7789_DrawImage) refers to stm32f4xx_hal_gpio.o(i.HAL_GPIO_WritePin) for HAL_GPIO_WritePin
    st7789.o(i.ST7789_DrawImage) refers to st7789.o(i.ST7789_SetAddressWindow) for ST7789_SetAddressWindow
    st7789.o(i.ST7789_DrawImage) refers to st7789.o(i.ST7789_WriteData) for ST7789_WriteData
    st7789.o(i.ST7789_DrawLine) refers to st7789.o(i.ST7789_DrawPixel) for ST7789_DrawPixel
    st7789.o(i.ST7789_DrawPixel) refers to st7789.o(i.ST7789_SetAddressWindow) for ST7789_SetAddressWindow
    st7789.o(i.ST7789_DrawPixel) refers to stm32f4xx_hal_gpio.o(i.HAL_GPIO_WritePin) for HAL_GPIO_WritePin
    st7789.o(i.ST7789_DrawPixel) refers to st7789.o(i.ST7789_WriteData) for ST7789_WriteData
    st7789.o(i.ST7789_DrawPixel_4px) refers to stm32f4xx_hal_gpio.o(i.HAL_GPIO_WritePin) for HAL_GPIO_WritePin
    st7789.o(i.ST7789_DrawPixel_4px) refers to st7789.o(i.ST7789_Fill) for ST7789_Fill
    st7789.o(i.ST7789_DrawRectangle) refers to stm32f4xx_hal_gpio.o(i.HAL_GPIO_WritePin) for HAL_GPIO_WritePin
    st7789.o(i.ST7789_DrawRectangle) refers to st7789.o(i.ST7789_DrawLine) for ST7789_DrawLine
    st7789.o(i.ST7789_DrawTriangle) refers to stm32f4xx_hal_gpio.o(i.HAL_GPIO_WritePin) for HAL_GPIO_WritePin
    st7789.o(i.ST7789_DrawTriangle) refers to st7789.o(i.ST7789_DrawLine) for ST7789_DrawLine
    st7789.o(i.ST7789_Fill) refers to stm32f4xx_hal_gpio.o(i.HAL_GPIO_WritePin) for HAL_GPIO_WritePin
    st7789.o(i.ST7789_Fill) refers to st7789.o(i.ST7789_SetAddressWindow) for ST7789_SetAddressWindow
    st7789.o(i.ST7789_Fill) refers to st7789.o(i.ST7789_WriteData) for ST7789_WriteData
[...]
    i.xQueueGiveFromISR                      0x08004b32   Section        0  queue.o(i.xQueueGiveFromISR)
    i.xQueueReceive                          0x08004bd0   Section        0  queue.o(i.xQueueReceive)
    i.xQueueReceiveFromISR                   0x08004d08   Section        0  queue.o(i.xQueueReceiveFromISR)
    i.xQueueSemaphoreTake                    0x08004da4   Section        0  queue.o(i.xQueueSemaphoreTake)
    i.xTaskCheckForTimeOut                   0x08004f1c   Section        0  tasks.o(i.xTaskCheckForTimeOut)
    i.xTaskCreate                            0x08004f90   Section        0  tasks.o(i.xTaskCreate)
    i.xTaskCreateStatic                      0x08004fea   Section        0  tasks.o(i.xTaskCreateStatic)
    i.xTaskGetSchedulerState                 0x08005040   Section        0  tasks.o(i.xTaskGetSchedulerState)
    i.xTaskIncrementTick                     0x0800505c   Section        0  tasks.o(i.xTaskIncrementTick)
    i.xTaskPriorityDisinherit                0x08005128   Section        0  tasks.o(i.xTaskPriorityDisinherit)
    i.xTaskPriorityInherit                   0x080051c0   Section        0  tasks.o(i.xTaskPriorityInherit)
    i.xTaskRemoveFromEventList               0x0800524c   Section        0  tasks.o(i.xTaskRemoveFromEventList)
    i.xTaskResumeAll                         0x080052c0   Section        0  tasks.o(i.xTaskResumeAll)
    x$fpl$fpinit                             0x08005384   Section       10  fpinit.o(x$fpl$fpinit)
    $v0                                      0x08005384   Number         0  fpinit.o(x$fpl$fpinit)
    .constdata                               0x0800538e   Section     1900  fonts.o(.constdata)
    Font7x10                                 0x0800538e   Data        1900  fonts.o(.constdata)
    .constdata                               0x08005afc   Section      132  main.o(.constdata)
    .constdata                               0x08005b80   Section        8  stm32f4xx_hal_dma.o(.constdata)
    flagBitshiftOffset                       0x08005b80   Data           8  stm32f4xx_hal_dma.o(.constdata)
    .constdata                               0x08005b88   Section       16  system_stm32f4xx.o(.constdata)
    .constdata                               0x08005b98   Section        8  system_stm32f4xx.o(.constdata)
    .conststring                             0x08005ba0   Section       21  main.o(.conststring)
    .data                                    0x20000000   Section        8  fonts.o(.data)
    .data                                    0x20000008   Section       68  main.o(.data)
    .data                                    0x2000004c   Section        4  stm32f4xx_hal_msp.o(.data)
    HAL_RCC_CAN1_CLK_ENABLED                 0x2000004c   Data           4  stm32f4xx_hal_msp.o(.data)
    .data                                    0x20000050   Section       12  stm32f4xx_hal.o(.data)
    .data                                    0x2000005c   Section        4  system_stm32f4xx.o(.data)
    .data                                    0x20000060   Section       60  tasks.o(.data)
    uxDeletedTasksWaitingCleanUp             0x20000064   Data           4  tasks.o(.data)
    uxCurrentNumberOfTasks                   0x20000068   Data           4  tasks.o(.data)
    xTickCount                               0x2000006c   Data           4  tasks.o(.data)
    uxTopReadyPriority                       0x20000070   Data           4  tasks.o(.data)
    xSchedulerRunning                        0x20000074   Data           4  tasks.o(.data)
    xPendedTicks                             0x20000078   Data           4  tasks.o(.data)
    xYieldPending                            0x2000007c   Data           4  tasks.o(.data)
    xNumOfOverflows                          0x20000080   Data           4  tasks.o(.data)
    uxTaskNumber                             0x20000084   Data           4  tasks.o(.data)
    xNextTaskUnblockTime                     0x20000088   Data           4  tasks.o(.data)
    xIdleTaskHandle                          0x2000008c   Data           4  tasks.o(.data)
    uxSchedulerSuspended                     0x20000090   Data           4  tasks.o(.data)
    pxDelayedTaskList                        0x20000094   Data           4  tasks.o(.data)
    pxOverflowDelayedTaskList                0x20000098   Data           4  tasks.o(.data)
    .data                                    0x2000009c   Section       32  heap_4.o(.data)
    pxEnd                                    0x2000009c   Data           4  heap_4.o(.data)
    xFreeBytesRemaining                      0x200000a0   Data           4  heap_4.o(.data)
    xMinimumEverFreeBytesRemaining           0x200000a4   Data           4  heap_4.o(.data)
    xNumberOfSuccessfulAllocations           0x200000a8   Data           4  heap_4.o(.data)
    xNumberOfSuccessfulFrees                 0x200000ac   Data           4  heap_4.o(.data)
    xBlockAllocatedBit                       0x200000b0   Data           4  heap_4.o(.data)
    xStart                                   0x200000b4   Data           8  heap_4.o(.data)
    .data                                    0x200000bc   Section       12  port.o(.data)
    ucMaxSysCallPriority                     0x200000bc   Data           1  port.o(.data)
    uxCriticalNesting                        0x200000c0   Data           4  port.o(.data)
    ulMaxPRIGROUPValue                       0x200000c4   Data           4  port.o(.data)
    .bss                                     0x200000c8   Section      460  main.o(.bss)
    .bss                                     0x20000294   Section       96  main.o(.bss)
    .bss                                     0x200002f4   Section     4096  main.o(.bss)
    .bss                                     0x200012f4   Section       84  main.o(.bss)
    .bss                                     0x20001348   Section     4096  main.o(.bss)
    .bss                                     0x20002348   Section       84  main.o(.bss)
    .bss                                     0x2000239c   Section     4096  main.o(.bss)
    .bss                                     0x2000339c   Section       84  main.o(.bss)
    .bss                                     0x200033f0   Section       64  main.o(.bss)
    .bss                                     0x20003430   Section       72  main.o(.bss)
    .bss                                     0x20003478   Section       64  main.o(.bss)
    .bss                                     0x200034b8   Section       72  main.o(.bss)
    .bss                                     0x20003500   Section       72  main.o(.bss)
    .bss                                     0x20003548   Section       72  main.o(.bss)
    .bss                                     0x20003590   Section      596  freertos.o(.bss)
    xIdleTaskTCBBuffer                       0x20003590   Data          84  freertos.o(.bss)
    xIdleStack                               0x200035e4   Data         512  freertos.o(.bss)
    .bss                                     0x200037e4   Section       72  stm32f4xx_hal_timebase_tim.o(.bss)
    .bss                                     0x2000382c   Section       32  stm32f4xx_hal_flash.o(.bss)
    .bss                                     0x2000384c   Section      240  tasks.o(.bss)
    pxReadyTasksLists                        0x2000384c   Data         140  tasks.o(.bss)
    xDelayedTaskList1                        0x200038d8   Data          20  tasks.o(.bss)
    xDelayedTaskList2                        0x200038ec   Data          20  tasks.o(.bss)
    xPendingReadyList                        0x20003900   Data          20  tasks.o(.bss)
    xTasksWaitingTermination                 0x20003914   Data          20  tasks.o(.bss)
    xSuspendedTaskList                       0x20003928   Data          20  tasks.o(.bss)
    .bss                                     0x2000393c   Section    15360  heap_4.o(.bss)
    ucHeap                                   0x2000393c   Data       15360  heap_4.o(.bss)
    .bss                                     0x2000753c   Section       96  libspace.o(.bss)
    HEAP                                     0x200075a0   Section      512  startup_stm32f405xx.o(HEAP)
    Heap_Mem                                 0x200075a0   Data         512  startup_stm32f405xx.o(HEAP)
    STACK                                    0x200077a0   Section     1024  startup_stm32f405xx.o(STACK)
    Stack_Mem                                0x200077a0   Data        1024  startup_stm32f405xx.o(STACK)
    __initial_sp                             0x20007ba0   Data           0  startup_stm32f405xx.o(STACK)

    Global Symbols

    Symbol Name                              Value     Ov Type        Size  Object(Section)

    BuildAttributes$$THM_ISAv4$E$P$D$K$B$S$7EM$VFPi3$EXTD16$VFPS$VFMA$PE$A:L22UL41UL21$X:L11$S22US41US21$IEEE1$IW$USESV6$~STKCKD$USESV7$~SHL$OSPACE$ROPI$EBA8$UX$STANDARDLIB$REQ8$PRES8$EABIv2 0x00000000   Number         0  anon$$obj.o ABSOLUTE
    __ARM_use_no_argv                        0x00000000   Number         0  main.o ABSOLUTE
    __ARM_exceptions_init                     - Undefined Weak Reference
    __alloca_initialize                       - Undefined Weak Reference
    __cpp_initialize__aeabi_                  - Undefined Weak Reference
    __cxa_finalize                            - Undefined Weak Reference
    __rt_locale                               - Undefined Weak Reference
    __sigvec_lookup                           - Undefined Weak Reference
    _atexit_init                              - Undefined Weak Reference
    _call_atexit_fns                          - Undefined Weak Reference
    _clock_init                               - Undefined Weak Reference
    _fp_trap_init                             - Undefined Weak Reference
    _fp_trap_shutdown                         - Undefined Weak Reference
    _get_lc_collate                           - Undefined Weak Reference
    _get_lc_ctype                             - Undefined Weak Reference
    _get_lc_monetary                          - Undefined Weak Reference
    _get_lc_numeric                           - Undefined Weak Reference
    _get_lc_time                              - Undefined Weak Reference
    _getenv_init                              - Undefined Weak Reference
    _handle_redirection                       - Undefined Weak Reference
    _init_alloc                               - Undefined Weak Reference
    _init_user_alloc                          - Undefined Weak Reference
    _initio                                   - Undefined Weak Reference
    _printf_post_padding                      - Undefined Weak Reference
    _printf_pre_padding                       - Undefined Weak Reference
    _printf_truncate_signed                   - Undefined Weak Reference
    _printf_truncate_unsigned                 - Undefined Weak Reference
    _rand_init                                - Undefined Weak Reference
    _signal_finish                            - Undefined Weak Reference
    _signal_init                              - Undefined Weak Reference
    _terminate_alloc                          - Undefined Weak Reference
    _terminate_user_alloc                     - Undefined Weak Reference
    _terminateio                              - Undefined Weak Reference
    __Vectors_Size                           0x00000188   Number         0  startup_stm32f405xx.o ABSOLUTE
    __Vectors                                0x08000000   Data           4  startup_stm32f405xx.o(RESET)
    __Vectors_End                            0x08000188   Data           0  startup_stm32f405xx.o(RESET)
    __main                                   0x08000189   Thumb Code     8  __main.o(!!!main)
    __scatterload                            0x08000191   Thumb Code     0  __scatter.o(!!!scatter)
    __scatterload_rt2                        0x08000191   Thumb Code    44  __scatter.o(!!!scatter)
    __scatterload_rt2_thumb_only             0x08000191   Thumb Code     0  __scatter.o(!!!scatter)
    __scatterload_null                       0x0800019f   Thumb Code     0  __scatter.o(!!!scatter)
    __scatterload_copy                       0x080001c5   Thumb Code    26  __scatter_copy.o(!!handler_copy)
    __scatterload_zeroinit                   0x080001e1   Thumb Code    28  __scatter_zi.o(!!handler_zi)
    _printf_d                                0x080001fd   Thumb Code     0  _printf_d.o(.ARM.Collect$$_printf_percent$$00000009)
    _printf_percent                          0x080001fd   Thumb Code     0  _printf_percent.o(.ARM.Collect$$_printf_percent$$00000000)
    _printf_percent_end                      0x08000203   Thumb Code     0  _printf_percent_end.o(.ARM.Collect$$_printf_percent$$00000017)
    __rt_lib_init                            0x08000207   Thumb Code     0  libinit.o(.ARM.Collect$$libinit$$00000000)
    __rt_lib_init_fp_1                       0x08000209   Thumb Code     0  libinit2.o(.ARM.Collect$$libinit$$00000001)
    __rt_lib_init_alloca_1                   0x0800020d   Thumb Code     0  libinit2.o(.ARM.Collect$$libinit$$0000002C)
    __rt_lib_init_argv_1                     0x0800020d   Thumb Code     0  libinit2.o(.ARM.Collect$$libinit$$0000002A)
    __rt_lib_init_atexit_1                   0x0800020d   Thumb Code     0  libinit2.o(.ARM.Collect$$libinit$$00000019)
    __rt_lib_init_clock_1                    0x0800020d   Thumb Code     0  libinit2.o(.ARM.Collect$$libinit$$0000001F)
    __rt_lib_init_cpp_1                      0x0800020d   Thumb Code     0  libinit2.o(.ARM.Collect$$libinit$$00000030)
    __rt_lib_init_exceptions_1               0x0800020d   Thumb Code     0  libinit2.o(.ARM.Collect$$libinit$$0000002E)
    __rt_lib_init_fp_trap_1                  0x0800020d   Thumb Code     0  libinit2.o(.ARM.Collect$$libinit$$0000001D)
    __rt_lib_init_getenv_1                   0x0800020d   Thumb Code     0  libinit2.o(.ARM.Collect$$libinit$$00000021)
    __rt_lib_init_heap_1                     0x0800020d   Thumb Code     0  libinit2.o(.ARM.Collect$$libinit$$00000008)
    __rt_lib_init_lc_collate_1               0x0800020d   Thumb Code     0  libinit2.o(.ARM.Collect$$libinit$$0000000F)
    __rt_lib_init_lc_ctype_1                 0x0800020d   Thumb Code     0  libinit2.o(.ARM.Collect$$libinit$$00000011)
    __rt_lib_init_lc_monetary_1              0x0800020d   Thumb Code     0  libinit2.o(.ARM.Collect$$libinit$$00000013)
    __rt_lib_init_lc_numeric_1               0x0800020d   Thumb Code     0  libinit2.o(.ARM.Collect$$libinit$$00000015)
    __rt_lib_init_lc_time_1                  0x0800020d   Thumb Code     0  libinit2.o(.ARM.Collect$$libinit$$00000017)
    __rt_lib_init_rand_1                     0x0800020d   Thumb Code     0  libinit2.o(.ARM.Collect$$libinit$$0000000C)
    __rt_lib_init_return                     0x0800020d   Thumb Code     0  libinit2.o(.ARM.Collect$$libinit$$00000031)
    __rt_lib_init_signal_1                   0x0800020d   Thumb Code     0  libinit2.o(.ARM.Collect$$libinit$$0000001B)
    __rt_lib_init_stdio_1                    0x0800020d   Thumb Code     0  libinit2.o(.ARM.Collect$$libinit$$00000023)
    __rt_lib_init_user_alloc_1               0x0800020d   Thumb Code     0  libinit2.o(.ARM.Collect$$libinit$$0000000A)
    __rt_lib_shutdown                        0x0800020f   Thumb Code     0  libshutdown.o(.ARM.Collect$$libshutdown$$00000000)
    __rt_lib_shutdown_fp_trap_1              0x08000211   Thumb Code     0  libshutdown2.o(.ARM.Collect$$libshutdown$$00000006)
    __rt_lib_shutdown_heap_1                 0x08000211   Thumb Code     0  libshutdown2.o(.ARM.Collect$$libshutdown$$0000000E)
    __rt_lib_shutdown_return                 0x08000211   Thumb Code     0  libshutdown2.o(.ARM.Collect$$libshutdown$$0000000F)
    __rt_lib_shutdown_signal_1               0x08000211   Thumb Code     0  libshutdown2.o(.ARM.Collect$$libshutdown$$00000009)
    __rt_lib_shutdown_stdio_1                0x08000211   Thumb Code     0  libshutdown2.o(.ARM.Collect$$libshutdown$$00000003)
    __rt_lib_shutdown_user_alloc_1           0x08000211   Thumb Code     0  libshutdown2.o(.ARM.Collect$$libshutdown$$0000000B)
    __rt_entry                               0x08000213   Thumb Code     0  rtentry.o(.ARM.Collect$$rtentry$$00000000)
    __rt_entry_presh_1                       0x08000213   Thumb Code     0  rtentry2.o(.ARM.Collect$$rtentry$$00000002)
    __rt_entry_sh                            0x08000213   Thumb Code     0  rtentry4.o(.ARM.Collect$$rtentry$$00000004)
    __rt_entry_li                            0x08000219   Thumb Code     0  rtentry2.o(.ARM.Collect$$rtentry$$0000000A)
    __rt_entry_postsh_1                      0x08000219   Thumb Code     0  rtentry2.o(.ARM.Collect$$rtentry$$00000009)
    __rt_entry_main                          0x0800021d   Thumb Code     0  rtentry2.o(.ARM.Collect$$rtentry$$0000000D)
    __rt_entry_postli_1                      0x0800021d   Thumb Code     0  rtentry2.o(.ARM.Collect$$rtentry$$0000000C)
    __rt_exit                                0x08000225   Thumb Code     0  rtexit.o(.ARM.Collect$$rtexit$$00000000)
    __rt_exit_ls                             0x08000227   Thumb Code     0  rtexit2.o(.ARM.Collect$$rtexit$$00000003)
    __rt_exit_prels_1                        0x08000227   Thumb Code     0  rtexit2.o(.ARM.Collect$$rtexit$$00000002)
    __rt_exit_exit                           0x0800022b   Thumb Code     0  rtexit2.o(.ARM.Collect$$rtexit$$00000004)
    SVC_Handler                              0x08000231   Thumb Code    28  port.o(.emb_text)
    __asm___6_port_c_39a90d8d__prvStartFirstTask 0x08000251   Thumb Code    36  port.o(.emb_text)
    __asm___6_port_c_39a90d8d__prvEnableVFP  0x08000279   Thumb Code    16  port.o(.emb_text)
    PendSV_Handler                           0x0800028d   Thumb Code    88  port.o(.emb_text)
    vPortGetIPSR                             0x080002e9   Thumb Code     6  port.o(.emb_text)
    Reset_Handler                            0x080002f1   Thumb Code     8  startup_stm32f405xx.o(.text)
    ADC_IRQHandler                           0x0800030b   Thumb Code     0  startup_stm32f405xx.o(.text)
    CAN1_RX0_IRQHandler                      0x0800030b   Thumb Code     0  startup_stm32f405xx.o(.text)
    CAN1_RX1_IRQHandler                      0x0800030b   Thumb Code     0  startup_stm32f405xx.o(.text)
    CAN1_SCE_IRQHandler                      0x0800030b   Thumb Code     0  startup_stm32f405xx.o(.text)
    CAN1_TX_IRQHandler                       0x0800030b   Thumb Code     0  startup_stm32f405xx.o(.text)
    CAN2_RX1_IRQHandler                      0x0800030b   Thumb Code     0  startup_stm32f405xx.o(.text)
    CAN2_SCE_IRQHandler                      0x0800030b   Thumb Code     0  startup_stm32f405xx.o(.text)
    CAN2_TX_IRQHandler                       0x0800030b   Thumb Code     0  startup_stm32f405xx.o(.text)
    DMA1_Stream0_IRQHandler                  0x0800030b   Thumb Code     0  startup_stm32f405xx.o(.text)
    DMA1_Stream1_IRQHandler                  0x0800030b   Thumb Code     0  startup_stm32f405xx.o(.text)
    DMA1_Stream2_IRQHandler                  0x0800030b   Thumb Code     0  startup_stm32f405xx.o(.text)
    DMA1_Stream3_IRQHandler                  0x0800030b   Thumb Code     0  startup_stm32f405xx.o(.text)
    DMA1_Stream4_IRQHandler                  0x0800030b   Thumb Code     0  startup_stm32f405xx.o(.text)
    DMA1_Stream5_IRQHandler                  0x0800030b   Thumb Code     0  startup_stm32f405xx.o(.text)
    DMA1_Stream6_IRQHandler                  0x0800030b   Thumb Code     0  startup_stm32f405xx.o(.text)
    DMA1_Stream7_IRQHandler                  0x0800030b   Thumb Code     0  startup_stm32f405xx.o(.text)
    DMA2_Stream1_IRQHandler                  0x0800030b   Thumb Code     0  startup_stm32f405xx.o(.text)
    DMA2_Stream2_IRQHandler                  0x0800030b   Thumb Code     0  startup_stm32f405xx.o(.text)
    DMA2_Stream3_IRQHandler                  0x0800030b   Thumb Code     0  startup_stm32f405xx.o(.text)
    DMA2_Stream4_IRQHandler                  0x0800030b   Thumb Code     0  startup_stm32f405xx.o(.text)
    DMA2_Stream5_IRQHandler                  0x0800030b   Thumb Code     0  startup_stm32f405xx.o(.text)
    DMA2_Stream6_IRQHandler                  0x0800030b   Thumb Code     0  startup_stm32f405xx.o(.text)
    DMA2_Stream7_IRQHandler                  0x0800030b   Thumb Code     0  startup_stm32f405xx.o(.text)
    EXTI0_IRQHandler                         0x0800030b   Thumb Code     0  startup_stm32f405xx.o(.text)
    EXTI15_10_IRQHandler                     0x0800030b   Thumb Code     0  startup_stm32f405xx.o(.text)
    EXTI2_IRQHandler                         0x0800030b   Thumb Code     0  startup_stm32f405xx.o(.text)
    EXTI3_IRQHandler                         0x0800030b   Thumb Code     0  startup_stm32f405xx.o(.text)
    EXTI4_IRQHandler                         0x0800030b   Thumb Code     0  startup_stm32f405xx.o(.text)
    EXTI9_5_IRQHandler                       0x0800030b   Thumb Code     0  startup_stm32f405xx.o(.text)
    FLASH_IRQHandler                         0x0800030b   Thumb Code     0  startup_stm32f405xx.o(.text)
    FMC_IRQHandler                           0x0800030b   Thumb Code     0  startup_stm32f405xx.o(.text)
    FPU_IRQHandler                           0x0800030b   Thumb Code     0  startup_stm32f405xx.o(.text)
    HASH_RNG_IRQHandler                      0x0800030b   Thumb Code     0  startup_stm32f405xx.o(.text)
    I2C1_ER_IRQHandler                       0x0800030b   Thumb Code     0  startup_stm32f405xx.o(.text)
    I2C1_EV_IRQHandler                       0x0800030b   Thumb Code     0  startup_stm32f405xx.o(.text)
    I2C2_ER_IRQHandler                       0x0800030b   Thumb Code     0  startup_stm32f405xx.o(.text)
    I2C2_EV_IRQHandler                       0x0800030b   Thumb Code     0  startup_stm32f405xx.o(.text)
    I2C3_ER_IRQHandler                       0x0800030b   Thumb Code     0  startup_stm32f405xx.o(.text)
    I2C3_EV_IRQHandler                       0x0800030b   Thumb Code     0  startup_stm32f405xx.o(.text)
    OTG_FS_IRQHandler                        0x0800030b   Thumb Code     0  startup_stm32f405xx.o(.text)
    OTG_FS_WKUP_IRQHandler                   0x0800030b   Thumb Code     0  startup_stm32f405xx.o(.text)
    OTG_HS_EP1_IN_IRQHandler                 0x0800030b   Thumb Code     0  startup_stm32f405xx.o(.text)
    OTG_HS_EP1_OUT_IRQHandler                0x0800030b   Thumb Code     0  startup_stm32f405xx.o(.text)
    OTG_HS_IRQHandler                        0x0800030b   Thumb Code     0  startup_stm32f405xx.o(.text)
    OTG_HS_WKUP_IRQHandler                   0x0800030b   Thumb Code     0  startup_stm32f405xx.o(.text)
    PVD_IRQHandler                           0x0800030b   Thumb Code     0  startup_stm32f405xx.o(.text)
    RCC_IRQHandler                           0x0800030b   Thumb Code     0  startup_stm32f405xx.o(.text)
    RTC_Alarm_IRQHandler                     0x0800030b   Thumb Code     0  startup_stm32f405xx.o(.text)
    RTC_WKUP_IRQHandler                      0x0800030b   Thumb Code     0  startup_stm32f405xx.o(.text)
    SDIO_IRQHandler                          0x0800030b   Thumb Code     0  startup_stm32f405xx.o(.text)
    SPI1_IRQHandler                          0x0800030b   Thumb Code     0  startup_stm32f405xx.o(.text)
    SPI2_IRQHandler                          0x0800030b   Thumb Code     0  startup_stm32f405xx.o(.text)
    SPI3_IRQHandler                          0x0800030b   Thumb Code     0  startup_stm32f405xx.o(.text)
    TAMP_STAMP_IRQHandler                    0x0800030b   Thumb Code     0  startup_stm32f405xx.o(.text)
    TIM1_BRK_TIM9_IRQHandler                 0x0800030b   Thumb Code     0  startup_stm32f405xx.o(.text)
    TIM1_CC_IRQHandler                       0x0800030b   Thumb Code     0  startup_stm32f405xx.o(.text)
    TIM1_TRG_COM_TIM11_IRQHandler            0x0800030b   Thumb Code     0  startup_stm32f405xx.o(.text)
    TIM1_UP_TIM10_IRQHandler                 0x0800030b   Thumb Code     0  startup_stm32f405xx.o(.text)
    TIM3_IRQHandler                          0x0800030b   Thumb Code     0  startup_stm32f405xx.o(.text)
    TIM5_IRQHandler                          0x0800030b   Thumb Code     0  startup_stm32f405xx.o(.text)
    TIM6_DAC_IRQHandler                      0x0800030b   Thumb Code     0  startup_stm32f405xx.o(.text)
    TIM7_IRQHandler                          0x0800030b   Thumb Code     0  startup_stm32f405xx.o(.text)
    TIM8_BRK_TIM12_IRQHandler                0x0800030b   Thumb Code     0  startup_stm32f405xx.o(.text)
    TIM8_CC_IRQHandler                       0x0800030b   Thumb Code     0  startup_stm32f405xx.o(.text)
    TIM8_TRG_COM_TIM14_IRQHandler            0x0800030b   Thumb Code     0  startup_stm32f405xx.o(.text)
    TIM8_UP_TIM13_IRQHandler                 0x0800030b   Thumb Code     0  startup_stm32f405xx.o(.text)
    UART4_IRQHandler                         0x0800030b   Thumb Code     0  startup_stm32f405xx.o(.text)
    UART5_IRQHandler                         0x0800030b   Thumb Code     0  startup_stm32f405xx.o(.text)
    USART1_IRQHandler                        0x0800030b   Thumb Code     0  startup_stm32f405xx.o(.text)
    USART2_IRQHandler                        0x0800030b   Thumb Code     0  startup_stm32f405xx.o(.text)
    USART3_IRQHandler                        0x0800030b   Thumb Code     0  startup_stm32f405xx.o(.text)
    USART6_IRQHandler                        0x0800030b   Thumb Code     0  startup_stm32f405xx.o(.text)
    WWDG_IRQHandler                          0x0800030b   Thumb Code     0  startup_stm32f405xx.o(.text)
    __user_initial_stackheap                 0x0800030d   Thumb Code     0  startup_stm32f405xx.o(.text)
    __aeabi_uldivmod                         0x08000331   Thumb Code     0  lludivv7m.o(.text)
    _ll_udiv                                 0x08000331   Thumb Code   238  lludivv7m.o(.text)
    __2sprintf                               0x08000421   Thumb Code    34  noretval__2sprintf.o(.text)
    __printf                                 0x08000449   Thumb Code   104  __printf.o(.text)
    _printf_int_dec                          0x080004b1   Thumb Code   102  _printf_dec.o(.text)
    abort                                    0x08000529   Thumb Code    16  abort.o(.text)
    __aeabi_memcpy                           0x08000539   Thumb Code     0  rt_memcpy_v6.o(.text)
    __rt_memcpy                              0x08000539   Thumb Code   138  rt_memcpy_v6.o(.text)
    _memcpy_lastbytes                        0x0800059f   Thumb Code     0  rt_memcpy_v6.o(.text)
    __aeabi_memcpy4                          0x080005c3   Thumb Code     0  rt_memcpy_w.o(.text)
    __aeabi_memcpy8                          0x080005c3   Thumb Code     0  rt_memcpy_w.o(.text)
    __rt_memcpy_w                            0x080005c3   Thumb Code   100  rt_memcpy_w.o(.text)
    _memcpy_lastbytes_aligned                0x0800060b   Thumb Code     0  rt_memcpy_w.o(.text)
    __aeabi_memclr4                          0x08000627   Thumb Code     0  rt_memclr_w.o(.text)
    __aeabi_memclr8                          0x08000627   Thumb Code     0  rt_memclr_w.o(.text)
    __rt_memclr_w                            0x08000627   Thumb Code    78  rt_memclr_w.o(.text)
    _memset_w                                0x0800062b   Thumb Code     0  rt_memclr_w.o(.text)
    __use_two_region_memory                  0x08000675   Thumb Code     2  heapauxi.o(.text)
    __rt_heap_escrow$2region                 0x08000677   Thumb Code     2  heapauxi.o(.text)
    __rt_heap_expand$2region                 0x08000679   Thumb Code     2  heapauxi.o(.text)
    _sys_exit                                0x0800067d   Thumb Code     8  sys_exit.o(.text)
    _printf_int_common                       0x08000689   Thumb Code   184  _printf_intcommon.o(.text)
    _printf_char_common                      0x0800074b   Thumb Code    32  _printf_char_common.o(.text)
    _sputc                                   0x08000771   Thumb Code    10  _sputc.o(.text)
    __rt_SIGABRT                             0x0800077b   Thumb Code    14  defsig_abrt_outer.o(.text)
    __I$use$semihosting                      0x08000789   Thumb Code     0  use_no_semi.o(.text)
    __use_no_semihosting_swi                 0x08000789   Thumb Code     2  use_no_semi.o(.text)
    __semihosting_library_function           0x0800078b   Thumb Code     0  indicate_semi.o(.text)
    __sig_exit                               0x0800078b   Thumb Code    10  defsig_exit.o(.text)
    __rt_SIGABRT_inner                       0x08000795   Thumb Code    14  defsig_abrt_inner.o(.text)
    __user_setup_stackheap                   0x080007c5   Thumb Code    74  sys_stackheap_outer.o(.text)
    exit                                     0x0800080f   Thumb Code    12  exit.o(.text)
    __default_signal_display                 0x0800081b   Thumb Code    50  defsig_general.o(.text)
    _ttywrch                                 0x0800084d   Thumb Code    14  sys_wrch.o(.text)
    __user_libspace                          0x0800085d   Thumb Code     8  libspace.o(.text)
    __user_perproc_libspace                  0x0800085d   Thumb Code     0  libspace.o(.text)
    __user_perthread_libspace                0x0800085d   Thumb Code     0  libspace.o(.text)
    BusFault_Handler                         0x08000a21   Thumb Code     2  stm32f4xx_it.o(i.BusFault_Handler)
    CAN2_RX0_IRQHandler                      0x08000a25   Thumb Code     6  stm32f4xx_it.o(i.CAN2_RX0_IRQHandler)
    DMA2_Stream0_IRQHandler                  0x08000a31   Thumb Code     6  stm32f4xx_it.o(i.DMA2_Stream0_IRQHandler)
    DebugMon_Handler                         0x08000ae1   Thumb Code     2  stm32f4xx_it.o(i.DebugMon_Handler)
    EXTI1_IRQHandler                         0x08000ae3   Thumb Code     6  stm32f4xx_it.o(i.EXTI1_IRQHandler)
    Error_Handler                            0x08000ae9   Thumb Code     4  main.o(i.Error_Handler)
    FLASH_Erase_Sector                       0x08000b65   Thumb Code    74  stm32f4xx_hal_flash_ex.o(i.FLASH_Erase_Sector)
    FLASH_FlushCaches                        0x08000bb5   Thumb Code    80  stm32f4xx_hal_flash_ex.o(i.FLASH_FlushCaches)
    FLASH_WaitForLastOperation               0x08000c99   Thumb Code    72  stm32f4xx_hal_flash.o(i.FLASH_WaitForLastOperation)
    HAL_ADC_ConfigChannel                    0x08000ce9   Thumb Code   316  stm32f4xx_hal_adc.o(i.HAL_ADC_ConfigChannel)
    HAL_ADC_ConvCpltCallback                 0x08000e35   Thumb Code    22  main.o(i.HAL_ADC_ConvCpltCallback)
    HAL_ADC_ConvHalfCpltCallback             0x08000e55   Thumb Code     2  stm32f4xx_hal_adc.o(i.HAL_ADC_ConvHalfCpltCallback)
    HAL_ADC_ErrorCallback                    0x08000e57   Thumb Code     2  stm32f4xx_hal_adc.o(i.HAL_ADC_ErrorCallback)
    HAL_ADC_Init                             0x08000e59   Thumb Code    84  stm32f4xx_hal_adc.o(i.HAL_ADC_Init)
    HAL_ADC_MspInit                          0x08000ead   Thumb Code   132  stm32f4xx_hal_msp.o(i.HAL_ADC_MspInit)
    HAL_ADC_Start_DMA                        0x08000f45   Thumb Code   306  stm32f4xx_hal_adc.o(i.HAL_ADC_Start_DMA)
    HAL_CAN_ActivateNotification             0x0800109d   Thumb Code    36  stm32f4xx_hal_can.o(i.HAL_CAN_ActivateNotification)
    HAL_CAN_AddTxMessage                     0x080010c1   Thumb Code   188  stm32f4xx_hal_can.o(i.HAL_CAN_AddTxMessage)
    HAL_CAN_ConfigFilter                     0x0800117d   Thumb Code   250  stm32f4xx_hal_can.o(i.HAL_CAN_ConfigFilter)
    HAL_CAN_ErrorCallback                    0x0800127d   Thumb Code     2  stm32f4xx_hal_can.o(i.HAL_CAN_ErrorCallback)
    HAL_CAN_GetRxMessage                     0x0800127f   Thumb Code   244  stm32f4xx_hal_can.o(i.HAL_CAN_GetRxMessage)
    HAL_CAN_IRQHandler                       0x08001373   Thumb Code   508  stm32f4xx_hal_can.o(i.HAL_CAN_IRQHandler)
    HAL_CAN_Init                             0x0800156f   Thumb Code   282  stm32f4xx_hal_can.o(i.HAL_CAN_Init)
    HAL_CAN_MspInit                          0x08001689   Thumb Code   202  stm32f4xx_hal_msp.o(i.HAL_CAN_MspInit)
    HAL_CAN_RxFifo0FullCallback              0x0800176d   Thumb Code     2  stm32f4xx_hal_can.o(i.HAL_CAN_RxFifo0FullCallback)
    HAL_CAN_RxFifo0MsgPendingCallback        0x08001771   Thumb Code    66  main.o(i.HAL_CAN_RxFifo0MsgPendingCallback)
    HAL_CAN_RxFifo1FullCallback              0x080017c1   Thumb Code     2  stm32f4xx_hal_can.o(i.HAL_CAN_RxFifo1FullCallback)
    HAL_CAN_RxFifo1MsgPendingCallback        0x080017c3   Thumb Code     2  stm32f4xx_hal_can.o(i.HAL_CAN_RxFifo1MsgPendingCallback)
    HAL_CAN_SleepCallback                    0x080017c5   Thumb Code     2  stm32f4xx_hal_can.o(i.HAL_CAN_SleepCallback)
    HAL_CAN_Start                            0x080017c9   Thumb Code    88  stm32f4xx_hal_can.o(i.HAL_CAN_Start)
    HAL_CAN_TxMailbox0AbortCallback          0x08001821   Thumb Code     2  stm32f4xx_hal_can.o(i.HAL_CAN_TxMailbox0AbortCallback)
    HAL_CAN_TxMailbox0CompleteCallback       0x08001823   Thumb Code     2  stm32f4xx_hal_can.o(i.HAL_CAN_TxMailbox0CompleteCallback)
    HAL_CAN_TxMailbox1AbortCallback          0x08001825   Thumb Code     2  stm32f4xx_hal_can.o(i.HAL_CAN_TxMailbox1AbortCallback)
    HAL_CAN_TxMailbox1CompleteCallback       0x08001827   Thumb Code     2  stm32f4xx_hal_can.o(i.HAL_CAN_TxMailbox1CompleteCallback)
    HAL_CAN_TxMailbox2AbortCallback          0x08001829   Thumb Code     2  stm32f4xx_hal_can.o(i.HAL_CAN_TxMailbox2AbortCallback)
    HAL_CAN_TxMailbox2CompleteCallback       0x0800182b   Thumb Code     2  stm32f4xx_hal_can.o(i.HAL_CAN_TxMailbox2CompleteCallback)
    HAL_CAN_WakeUpFromRxMsgCallback          0x0800182d   Thumb Code     2  stm32f4xx_hal_can.o(i.HAL_CAN_WakeUpFromRxMsgCallback)
    HAL_DMA_Abort                            0x0800182f   Thumb Code   142  stm32f4xx_hal_dma.o(i.HAL_DMA_Abort)
    HAL_DMA_IRQHandler                       0x080018bd   Thumb Code   420  stm32f4xx_hal_dma.o(i.HAL_DMA_IRQHandler)
    HAL_DMA_Init                             0x08001a65   Thumb Code   206  stm32f4xx_hal_dma.o(i.HAL_DMA_Init)
    HAL_DMA_PollForTransfer                  0x08001b39   Thumb Code   292  stm32f4xx_hal_dma.o(i.HAL_DMA_PollForTransfer)
    HAL_DMA_Start                            0x08001c5d   Thumb Code    70  stm32f4xx_hal_dma.o(i.HAL_DMA_Start)
    HAL_DMA_Start_IT                         0x08001ca3   Thumb Code   110  stm32f4xx_hal_dma.o(i.HAL_DMA_Start_IT)
    HAL_Delay                                0x08001d11   Thumb Code    32  stm32f4xx_hal.o(i.HAL_Delay)
    HAL_FLASHEx_Erase                        0x08001d35   Thumb Code   144  stm32f4xx_hal_flash_ex.o(i.HAL_FLASHEx_Erase)
    HAL_FLASH_Lock                           0x08001dcd   Thumb Code    14  stm32f4xx_hal_flash.o(i.HAL_FLASH_Lock)
    HAL_FLASH_Unlock                         0x08001de1   Thumb Code    32  stm32f4xx_hal_flash.o(i.HAL_FLASH_Unlock)
    HAL_GPIO_EXTI_Callback                   0x08001e0d   Thumb Code    38  main.o(i.HAL_GPIO_EXTI_Callback)
    HAL_GPIO_EXTI_IRQHandler                 0x08001e39   Thumb Code    18  stm32f4xx_hal_gpio.o(i.HAL_GPIO_EXTI_IRQHandler)
    HAL_GPIO_Init                            0x08001e51   Thumb Code   450  stm32f4xx_hal_gpio.o(i.HAL_GPIO_Init)
    HAL_GPIO_TogglePin                       0x08002041   Thumb Code    16  stm32f4xx_hal_gpio.o(i.HAL_GPIO_TogglePin)
    HAL_GPIO_WritePin                        0x08002051   Thumb Code    10  stm32f4xx_hal_gpio.o(i.HAL_GPIO_WritePin)
    HAL_GetTick                              0x0800205d   Thumb Code     6  stm32f4xx_hal.o(i.HAL_GetTick)
    HAL_IncTick                              0x08002069   Thumb Code    12  stm32f4xx_hal.o(i.HAL_IncTick)
    HAL_Init                                 0x08002079   Thumb Code    48  stm32f4xx_hal.o(i.HAL_Init)
    HAL_InitTick                             0x080020ad   Thumb Code   134  stm32f4xx_hal_timebase_tim.o(i.HAL_InitTick)
    HAL_MspInit                              0x08002145   Thumb Code    52  stm32f4xx_hal_msp.o(i.HAL_MspInit)
    HAL_NVIC_EnableIRQ                       0x0800217d   Thumb Code    28  stm32f4xx_hal_cortex.o(i.HAL_NVIC_EnableIRQ)
    HAL_NVIC_SetPriority                     0x08002199   Thumb Code    60  stm32f4xx_hal_cortex.o(i.HAL_NVIC_SetPriority)
    HAL_NVIC_SetPriorityGrouping             0x080021d9   Thumb Code    26  stm32f4xx_hal_cortex.o(i.HAL_NVIC_SetPriorityGrouping)
    HAL_RCC_ClockConfig                      0x080021fd   Thumb Code   288  stm32f4xx_hal_rcc.o(i.HAL_RCC_ClockConfig)
    HAL_RCC_GetClockConfig                   0x08002331   Thumb Code    54  stm32f4xx_hal_rcc.o(i.HAL_RCC_GetClockConfig)
    HAL_RCC_GetPCLK1Freq                     0x08002371   Thumb Code    20  stm32f4xx_hal_rcc.o(i.HAL_RCC_GetPCLK1Freq)
    HAL_RCC_GetSysClockFreq                  0x08002391   Thumb Code    88  stm32f4xx_hal_rcc.o(i.HAL_RCC_GetSysClockFreq)
    HAL_RCC_OscConfig                        0x080023f5   Thumb Code   856  stm32f4xx_hal_rcc.o(i.HAL_RCC_OscConfig)
    HAL_SPI_Init                             0x08002761   Thumb Code   188  stm32f4xx_hal_spi.o(i.HAL_SPI_Init)
    HAL_SPI_MspInit                          0x0800281d   Thumb Code   116  stm32f4xx_hal_msp.o(i.HAL_SPI_MspInit)
    HAL_SPI_Transmit                         0x080028a1   Thumb Code   354  stm32f4xx_hal_spi.o(i.HAL_SPI_Transmit)
    HAL_TIMEx_BreakCallback                  0x08002a03   Thumb Code     2  stm32f4xx_hal_tim_ex.o(i.HAL_TIMEx_BreakCallback)
    HAL_TIMEx_CommutCallback                 0x08002a05   Thumb Code     2  stm32f4xx_hal_tim_ex.o(i.HAL_TIMEx_CommutCallback)
    HAL_TIMEx_MasterConfigSynchronization    0x08002a09   Thumb Code   114  stm32f4xx_hal_tim_ex.o(i.HAL_TIMEx_MasterConfigSynchronization)
    HAL_TIM_Base_Init                        0x08002a99   Thumb Code    72  stm32f4xx_hal_tim.o(i.HAL_TIM_Base_Init)
    HAL_TIM_Base_MspInit                     0x08002ae1   Thumb Code    50  stm32f4xx_hal_msp.o(i.HAL_TIM_Base_MspInit)
    HAL_TIM_Base_Start_IT                    0x08002b1d   Thumb Code   100  stm32f4xx_hal_tim.o(i.HAL_TIM_Base_Start_IT)
    HAL_TIM_ConfigClockSource                0x08002b9d   Thumb Code   218  stm32f4xx_hal_tim.o(i.HAL_TIM_ConfigClockSource)
    HAL_TIM_IC_CaptureCallback               0x08002c77   Thumb Code     2  stm32f4xx_hal_tim.o(i.HAL_TIM_IC_CaptureCallback)
    HAL_TIM_IRQHandler                       0x08002c79   Thumb Code   304  stm32f4xx_hal_tim.o(i.HAL_TIM_IRQHandler)
    HAL_TIM_OC_DelayElapsedCallback          0x08002da9   Thumb Code     2  stm32f4xx_hal_tim.o(i.HAL_TIM_OC_DelayElapsedCallback)
    HAL_TIM_PWM_PulseFinishedCallback        0x08002dab   Thumb Code     2  stm32f4xx_hal_tim.o(i.HAL_TIM_PWM_PulseFinishedCallback)
    HAL_TIM_PeriodElapsedCallback            0x08002dad   Thumb Code    40  main.o(i.HAL_TIM_PeriodElapsedCallback)
    HAL_TIM_TriggerCallback                  0x08002de1   Thumb Code     2  stm32f4xx_hal_tim.o(i.HAL_TIM_TriggerCallback)
    HardFault_Handler                        0x08002de3   Thumb Code     2  stm32f4xx_it.o(i.HardFault_Handler)
    MemManage_Handler                        0x080030ed   Thumb Code     2  stm32f4xx_it.o(i.MemManage_Handler)
    NMI_Handler                              0x080030ef   Thumb Code     2  stm32f4xx_it.o(i.NMI_Handler)
    ST7789_Fill_Color                        0x08003219   Thumb Code    94  st7789.o(i.ST7789_Fill_Color)
    ST7789_Init                              0x0800327d   Thumb Code   342  st7789.o(i.ST7789_Init)
    ST7789_SetRotation                       0x08003479   Thumb Code    48  st7789.o(i.ST7789_SetRotation)
    ST7789_WriteChar                         0x080034a9   Thumb Code   172  st7789.o(i.ST7789_WriteChar)
    ST7789_WriteString                       0x08003635   Thumb Code   110  st7789.o(i.ST7789_WriteString)
    StartTask01                              0x080036a9   Thumb Code    86  main.o(i.StartTask01)
    StartTask02                              0x08003711   Thumb Code    66  main.o(i.StartTask02)
    StartTask03                              0x08003761   Thumb Code    92  main.o(i.StartTask03)
    SysTick_Handler                          0x080037e1   Thumb Code    38  port.o(i.SysTick_Handler)
    SystemClock_Config                       0x0800380d   Thumb Code   134  main.o(i.SystemClock_Config)
    SystemInit                               0x0800389d   Thumb Code    12  system_stm32f4xx.o(i.SystemInit)
    TIM2_IRQHandler                          0x080038ad   Thumb Code     6  stm32f4xx_it.o(i.TIM2_IRQHandler)
    TIM4_IRQHandler                          0x080038b9   Thumb Code     6  stm32f4xx_it.o(i.TIM4_IRQHandler)
    TIM_Base_SetConfig                       0x080038c5   Thumb Code   170  stm32f4xx_hal_tim.o(i.TIM_Base_SetConfig)
    TIM_ETR_SetConfig                        0x0800399d   Thumb Code    20  stm32f4xx_hal_tim.o(i.TIM_ETR_SetConfig)
    UsageFault_Handler                       0x08003a07   Thumb Code     2  stm32f4xx_it.o(i.UsageFault_Handler)
    main                                     0x08003a35   Thumb Code   242  main.o(i.main)
    osKernelStart                            0x08003b45   Thumb Code    10  cmsis_os.o(i.osKernelStart)
    osMessageCreate                          0x08003b4f   Thumb Code    38  cmsis_os.o(i.osMessageCreate)
    osMessageGet                             0x08003b75   Thumb Code   142  cmsis_os.o(i.osMessageGet)
    osMessagePut                             0x08003c09   Thumb Code    86  cmsis_os.o(i.osMessagePut)
    osSemaphoreCreate                        0x08003c65   Thumb Code    62  cmsis_os.o(i.osSemaphoreCreate)
    osSemaphoreRelease                       0x08003ca5   Thumb Code    74  cmsis_os.o(i.osSemaphoreRelease)
    osSemaphoreWait                          0x08003cf5   Thumb Code    96  cmsis_os.o(i.osSemaphoreWait)
    osThreadCreate                           0x08003d59   Thumb Code    84  cmsis_os.o(i.osThreadCreate)
    pvPortMalloc                             0x08004225   Thumb Code   216  heap_4.o(i.pvPortMalloc)
    pvTaskIncrementMutexHeldCount            0x08004301   Thumb Code    18  tasks.o(i.pvTaskIncrementMutexHeldCount)
    pxPortInitialiseStack                    0x08004319   Thumb Code    40  port.o(i.pxPortInitialiseStack)
    uxListRemove                             0x08004345   Thumb Code    38  list.o(i.uxListRemove)
    vApplicationGetIdleTaskMemory            0x0800436d   Thumb Code    16  freertos.o(i.vApplicationGetIdleTaskMemory)
    vListInitialise                          0x08004381   Thumb Code    22  list.o(i.vListInitialise)
    vListInitialiseItem                      0x08004397   Thumb Code     6  list.o(i.vListInitialiseItem)
    vListInsert                              0x0800439d   Thumb Code    48  list.o(i.vListInsert)
    vListInsertEnd                           0x080043cd   Thumb Code    24  list.o(i.vListInsertEnd)
    vPortEnterCritical                       0x080043e5   Thumb Code    54  port.o(i.vPortEnterCritical)
    vPortExitCritical                        0x08004425   Thumb Code    34  port.o(i.vPortExitCritical)
    vPortFree                                0x0800444d   Thumb Code    94  heap_4.o(i.vPortFree)
    vPortSetupTimerInterrupt                 0x080044b1   Thumb Code    32  port.o(i.vPortSetupTimerInterrupt)
    vPortValidateInterruptPriority           0x080044d5   Thumb Code    76  port.o(i.vPortValidateInterruptPriority)
    vTaskInternalSetTimeOutState             0x08004529   Thumb Code    12  tasks.o(i.vTaskInternalSetTimeOutState)
    vTaskMissedYield                         0x08004539   Thumb Code     8  tasks.o(i.vTaskMissedYield)
    vTaskPlaceOnEventList                    0x08004545   Thumb Code    44  tasks.o(i.vTaskPlaceOnEventList)
    vTaskPriorityDisinheritAfterTimeout      0x08004575   Thumb Code   152  tasks.o(i.vTaskPriorityDisinheritAfterTimeout)
    vTaskStartScheduler                      0x08004615   Thumb Code    90  tasks.o(i.vTaskStartScheduler)
    vTaskSuspendAll                          0x08004681   Thumb Code    10  tasks.o(i.vTaskSuspendAll)
    vTaskSwitchContext                       0x08004691   Thumb Code    82  tasks.o(i.vTaskSwitchContext)
    xPortStartScheduler                      0x080046ed   Thumb Code   226  port.o(i.xPortStartScheduler)
    xQueueGenericCreate                      0x080047e5   Thumb Code    66  queue.o(i.xQueueGenericCreate)
    xQueueGenericCreateStatic                0x08004827   Thumb Code   102  queue.o(i.xQueueGenericCreateStatic)
    xQueueGenericReset                       0x0800488d   Thumb Code   132  queue.o(i.xQueueGenericReset)
    xQueueGenericSend                        0x08004915   Thumb Code   346  queue.o(i.xQueueGenericSend)
    xQueueGenericSendFromISR                 0x08004a75   Thumb Code   190  queue.o(i.xQueueGenericSendFromISR)
    xQueueGiveFromISR                        0x08004b33   Thumb Code   156  queue.o(i.xQueueGiveFromISR)
    xQueueReceive                            0x08004bd1   Thumb Code   308  queue.o(i.xQueueReceive)
    xQueueReceiveFromISR                     0x08004d09   Thumb Code   154  queue.o(i.xQueueReceiveFromISR)
    xQueueSemaphoreTake                      0x08004da5   Thumb Code   372  queue.o(i.xQueueSemaphoreTake)
    xTaskCheckForTimeOut                     0x08004f1d   Thumb Code   112  tasks.o(i.xTaskCheckForTimeOut)
    xTaskCreate                              0x08004f91   Thumb Code    90  tasks.o(i.xTaskCreate)
    xTaskCreateStatic                        0x08004feb   Thumb Code    86  tasks.o(i.xTaskCreateStatic)
    xTaskGetSchedulerState                   0x08005041   Thumb Code    22  tasks.o(i.xTaskGetSchedulerState)
    xTaskIncrementTick                       0x0800505d   Thumb Code   194  tasks.o(i.xTaskIncrementTick)
    xTaskPriorityDisinherit                  0x08005129   Thumb Code   144  tasks.o(i.xTaskPriorityDisinherit)
    xTaskPriorityInherit                     0x080051c1   Thumb Code   130  tasks.o(i.xTaskPriorityInherit)
    xTaskRemoveFromEventList                 0x0800524d   Thumb Code   108  tasks.o(i.xTaskRemoveFromEventList)
    xTaskResumeAll                           0x080052c1   Thumb Code   182  tasks.o(i.xTaskResumeAll)
    _fp_init                                 0x08005385   Thumb Code    10  fpinit.o(x$fpl$fpinit)
    __fplib_config_fpu_vfp                   0x0800538d   Thumb Code     0  fpinit.o(x$fpl$fpinit)
    __fplib_config_pureend_doubles           0x0800538d   Thumb Code     0  fpinit.o(x$fpl$fpinit)
    AHBPrescTable                            0x08005b88   Data          16  system_stm32f4xx.o(.constdata)
    APBPrescTable                            0x08005b98   Data           8  system_stm32f4xx.o(.constdata)
    Region$$Table$$Base                      0x08005bb8   Number         0  anon$$obj.o(Region$$Table)
    Region$$Table$$Limit                     0x08005bd8   Number         0  anon$$obj.o(Region$$Table)
    Font_7x10                                0x20000000   Data           8  fonts.o(.data)
    datacheck                                0x20000008   Data           1  main.o(.data)
    LCD_Data                                 0x2000000a   Data           2  main.o(.data)
    previousMillis                           0x2000000c   Data           4  main.o(.data)
    currentMillis                            0x20000010   Data           4  main.o(.data)
    Task01Handle                             0x20000014   Data           4  main.o(.data)
    Task02Handle                             0x20000018   Data           4  main.o(.data)
    Task03Handle                             0x2000001c   Data           4  main.o(.data)
    ADC_QNameHandle                          0x20000020   Data           4  main.o(.data)
    LCD_QNameHandle                          0x20000024   Data           4  main.o(.data)
    myBinarySem01Handle                      0x20000028   Data           4  main.o(.data)
    myBinarySem02Handle                      0x2000002c   Data           4  main.o(.data)
    ADC_Buffer                               0x20000030   Data           4  main.o(.data)
    FLASH_Data                               0x20000034   Data           4  main.o(.data)
    TxMailbox                                0x20000038   Data           4  main.o(.data)
    TxData                                   0x2000003c   Data           8  main.o(.data)
    RxData                                   0x20000044   Data           8  main.o(.data)
    uwTickFreq                               0x20000050   Data           1  stm32f4xx_hal.o(.data)
    uwTickPrio                               0x20000054   Data           4  stm32f4xx_hal.o(.data)
    uwTick                                   0x20000058   Data           4  stm32f4xx_hal.o(.data)
    SystemCoreClock                          0x2000005c   Data           4  system_stm32f4xx.o(.data)
    pxCurrentTCB                             0x20000060   Data           4  tasks.o(.data)
    hadc1                                    0x200000c8   Data          72  main.o(.bss)
    hcan1                                    0x20000110   Data          40  main.o(.bss)
    hcan2                                    0x20000138   Data          40  main.o(.bss)
    hspi1                                    0x20000160   Data          88  main.o(.bss)
    htim4                                    0x200001b8   Data          72  main.o(.bss)
    hdma_memtomem_dma2_stream1               0x20000200   Data          96  main.o(.bss)
    TxHeader                                 0x20000260   Data          24  main.o(.bss)
    RxHeader                                 0x20000278   Data          28  main.o(.bss)
    hdma_adc1                                0x20000294   Data          96  main.o(.bss)
    Task1Buffer                              0x200002f4   Data        4096  main.o(.bss)
    Task1ControlBlock                        0x200012f4   Data          84  main.o(.bss)
    Task02Buffer                             0x20001348   Data        4096  main.o(.bss)
    Task02ControlBlock                       0x20002348   Data          84  main.o(.bss)
    Task03Buffer                             0x2000239c   Data        4096  main.o(.bss)
    Task03ControlBlock                       0x2000339c   Data          84  main.o(.bss)
    ADC_QNameBuffer                          0x200033f0   Data          64  main.o(.bss)
    ADC_QNameControlBlock                    0x20003430   Data          72  main.o(.bss)
    LCD_QNameBuffer                          0x20003478   Data          64  main.o(.bss)
    LCD_QNameControlBlock                    0x200034b8   Data          72  main.o(.bss)
    myBinarySem01ControlBlock                0x20003500   Data          72  main.o(.bss)
    myBinarySem02ControlBlock                0x20003548   Data          72  main.o(.bss)
    htim2                                    0x200037e4   Data          72  stm32f4xx_hal_timebase_tim.o(.bss)
    pFlash                                   0x2000382c   Data          32  stm32f4xx_hal_flash.o(.bss)
    __libspace_start                         0x2000753c   Data          96  libspace.o(.bss)
    __temporary_stack_top$libspace           0x2000759c   Data           0  libspace.o(.bss)



==============================================================================

Memory Map of the image

  Image Entry point : 0x08000189

  Load Region LR_IROM1 (Base: 0x08000000, Size: 0x00005ca0, Max: 0x00100000, ABSOLUTE)

    Execution Region ER_IROM1 (Exec base: 0x08000000, Load base: 0x08000000, Size: 0x00005bd8, Max: 0x00100000, ABSOLUTE)

    Exec Addr    Load Addr    Size         Type   Attr      Idx    E Section Name        Object

    0x08000000   0x08000000   0x00000188   Data   RO            3    RESET               startup_stm32f405xx.o
    0x08000188   0x08000188   0x00000008   Code   RO         5061  * !!!main             c_w.l(__main.o)
    0x08000190   0x08000190   0x00000034   Code   RO         5240    !!!scatter          c_w.l(__scatter.o)
    0x080001c4   0x080001c4   0x0000001a   Code   RO         5242    !!handler_copy      c_w.l(__scatter_copy.o)
    0x080001de   0x080001de   0x00000002   PAD
    0x080001e0   0x080001e0   0x0000001c   Code   RO         5244    !!handler_zi        c_w.l(__scatter_zi.o)
    0x080001fc   0x080001fc   0x00000000   Code   RO         5048    .ARM.Collect$$_printf_percent$$00000000  c_w.l(_printf_percent.o)
    0x080001fc   0x080001fc   0x00000006   Code   RO         5047    .ARM.Collect$$_printf_percent$$00000009  c_w.l(_printf_d.o)
    0x08000202   0x08000202   0x00000004   Code   RO         5076    .ARM.Collect$$_printf_percent$$00000017  c_w.l(_printf_percent_end.o)
    0x08000206   0x08000206   0x00000002   Code   RO         5128    .ARM.Collect$$libinit$$00000000  c_w.l(libinit.o)
    0x08000208   0x08000208   0x00000004   Code   RO         5140    .ARM.Collect$$libinit$$00000001  c_w.l(libinit2.o)
    0x0800020c   0x0800020c   0x00000000   Code   RO         5144    .ARM.Collect$$libinit$$00000008  c_w.l(libinit2.o)
    0x0800020c   0x0800020c   0x00000000   Code   RO         5146    .ARM.Collect$$libinit$$0000000A  c_w.l(libinit2.o)
    0x0800020c   0x0800020c   0x00000000   Code   RO         5148    .ARM.Collect$$libinit$$0000000C  c_w.l(libinit2.o)
    0x0800020c   0x0800020c   0x00000000   Code   RO         5151    .ARM.Collect$$libinit$$0000000F  c_w.l(libinit2.o)
    0x0800020c   0x0800020c   0x00000000   Code   RO         5153    .ARM.Collect$$libinit$$00000011  c_w.l(libinit2.o)
    0x0800020c   0x0800020c   0x00000000   Code   RO         5155    .ARM.Collect$$libinit$$00000013  c_w.l(libinit2.o)
    0x0800020c   0x0800020c   0x00000000   Code   RO         5157    .ARM.Collect$$libinit$$00000015  c_w.l(libinit2.o)
    0x0800020c   0x0800020c   0x00000000   Code   RO         5159    .ARM.Collect$$libinit$$00000017  c_w.l(libinit2.o)
    0x0800020c   0x0800020c   0x00000000   Code   RO         5161    .ARM.Collect$$libinit$$00000019  c_w.l(libinit2.o)
    0x0800020c   0x0800020c   0x00000000   Code   RO         5163    .ARM.Collect$$libinit$$0000001B  c_w.l(libinit2.o)
    0x0800020c   0x0800020c   0x00000000   Code   RO         5165    .ARM.Collect$$libinit$$0000001D  c_w.l(libinit2.o)
    0x0800020c   0x0800020c   0x00000000   Code   RO         5167    .ARM.Collect$$libinit$$0000001F  c_w.l(libinit2.o)
    0x0800020c   0x0800020c   0x00000000   Code   RO         5169    .ARM.Collect$$libinit$$00000021  c_w.l(libinit2.o)
    0x0800020c   0x0800020c   0x00000000   Code   RO         5171    .ARM.Collect$$libinit$$00000023  c_w.l(libinit2.o)
    0x0800020c   0x0800020c   0x00000000   Code   RO         5175    .ARM.Collect$$libinit$$0000002A  c_w.l(libinit2.o)
    0x0800020c   0x0800020c   0x00000000   Code   RO         5177    .ARM.Collect$$libinit$$0000002C  c_w.l(libinit2.o)
    0x0800020c   0x0800020c   0x00000000   Code   RO         5179    .ARM.Collect$$libinit$$0000002E  c_w.l(libinit2.o)
    0x0800020c   0x0800020c   0x00000000   Code   RO         5181    .ARM.Collect$$libinit$$00000030  c_w.l(libinit2.o)
    0x0800020c   0x0800020c   0x00000002   Code   RO         5182    .ARM.Collect$$libinit$$00000031  c_w.l(libinit2.o)
    0x0800020e   0x0800020e   0x00000002   Code   RO         5214    .ARM.Collect$$libshutdown$$00000000  c_w.l(libshutdown.o)
    0x08000210   0x08000210   0x00000000   Code   RO         5225    .ARM.Collect$$libshutdown$$00000003  c_w.l(libshutdown2.o)
    0x08000210   0x08000210   0x00000000   Code   RO         5228    .ARM.Collect$$libshutdown$$00000006  c_w.l(libshutdown2.o)
    0x08000210   0x08000210   0x00000000   Code   RO         5231    .ARM.Collect$$libshutdown$$00000009  c_w.l(libshutdown2.o)
    0x08000210   0x08000210   0x00000000   Code   RO         5233    .ARM.Collect$$libshutdown$$0000000B  c_w.l(libshutdown2.o)
    0x08000210   0x08000210   0x00000000   Code   RO         5236    .ARM.Collect$$libshutdown$$0000000E  c_w.l(libshutdown2.o)
    0x08000210   0x08000210   0x00000002   Code   RO         5237    .ARM.Collect$$libshutdown$$0000000F  c_w.l(libshutdown2.o)
    0x08000212   0x08000212   0x00000000   Code   RO         5065    .ARM.Collect$$rtentry$$00000000  c_w.l(rtentry.o)
    0x08000212   0x08000212   0x00000000   Code   RO         5087    .ARM.Collect$$rtentry$$00000002  c_w.l(rtentry2.o)
    0x08000212   0x08000212   0x00000006   Code   RO         5099    .ARM.Collect$$rtentry$$00000004  c_w.l(rtentry4.o)
    0x08000218   0x08000218   0x00000000   Code   RO         5089    .ARM.Collect$$rtentry$$00000009  c_w.l(rtentry2.o)
    0x08000218   0x08000218   0x00000004   Code   RO         5090    .ARM.Collect$$rtentry$$0000000A  c_w.l(rtentry2.o)
    0x0800021c   0x0800021c   0x00000000   Code   RO         5092    .ARM.Collect$$rtentry$$0000000C  c_w.l(rtentry2.o)
    0x0800021c   0x0800021c   0x00000008   Code   RO         5093    .ARM.Collect$$rtentry$$0000000D  c_w.l(rtentry2.o)
    0x08000224   0x08000224   0x00000002   Code   RO         5134    .ARM.Collect$$rtexit$$00000000  c_w.l(rtexit.o)
    0x08000226   0x08000226   0x00000000   Code   RO         5184    .ARM.Collect$$rtexit$$00000002  c_w.l(rtexit2.o)
    0x08000226   0x08000226   0x00000004   Code   RO         5185    .ARM.Collect$$rtexit$$00000003  c_w.l(rtexit2.o)
    0x0800022a   0x0800022a   0x00000006   Code   RO         5186    .ARM.Collect$$rtexit$$00000004  c_w.l(rtexit2.o)
    0x08000230   0x08000230   0x000000be   Code   RO         4938    .emb_text           port.o
    0x080002ee   0x080002ee   0x00000002   PAD
    0x080002f0   0x080002f0   0x00000040   Code   RO            4    .text               startup_stm32f405xx.o
    0x08000330   0x08000330   0x000000ee   Code   RO         5017    .text               c_w.l(lludivv7m.o)
    0x0800041e   0x0800041e   0x00000002   PAD
    0x08000420   0x08000420   0x00000028   Code   RO         5021    .text               c_w.l(noretval__2sprintf.o)
    0x08000448   0x08000448   0x00000068   Code   RO         5023    .text               c_w.l(__printf.o)
    0x080004b0   0x080004b0   0x00000078   Code   RO         5025    .text               c_w.l(_printf_dec.o)
    0x08000528   0x08000528   0x00000010   Code   RO         5049    .text               c_w.l(abort.o)
    0x08000538   0x08000538   0x0000008a   Code   RO         5051    .text               c_w.l(rt_memcpy_v6.o)
    0x080005c2   0x080005c2   0x00000064   Code   RO         5053    .text               c_w.l(rt_memcpy_w.o)
    0x08000626   0x08000626   0x0000004e   Code   RO         5057    .text               c_w.l(rt_memclr_w.o)
    0x08000674   0x08000674   0x00000006   Code   RO         5059    .text               c_w.l(heapauxi.o)
    0x0800067a   0x0800067a   0x00000002   PAD
    0x0800067c   0x0800067c   0x0000000c   Code   RO         5063    .text               c_w.l(sys_exit.o)
    0x08000688   0x08000688   0x000000b8   Code   RO         5070    .text               c_w.l(_printf_intcommon.o)
    0x08000740   0x08000740   0x00000030   Code   RO         5072    .text               c_w.l(_printf_char_common.o)
    0x08000770   0x08000770   0x0000000a   Code   RO         5074    .text               c_w.l(_sputc.o)
    0x0800077a   0x0800077a   0x0000000e   Code   RO         5077    .text               c_w.l(defsig_abrt_outer.o)
    0x08000788   0x08000788   0x00000002   Code   RO         5083    .text               c_w.l(use_no_semi.o)
    0x0800078a   0x0800078a   0x00000000   Code   RO         5085    .text               c_w.l(indicate_semi.o)
    0x0800078a   0x0800078a   0x0000000a   Code   RO         5107    .text               c_w.l(defsig_exit.o)
    0x08000794   0x08000794   0x00000030   Code   RO         5109    .text               c_w.l(defsig_abrt_inner.o)
    0x080007c4   0x080007c4   0x0000004a   Code   RO         5111    .text               c_w.l(sys_stackheap_outer.o)
    0x0800080e   0x0800080e   0x0000000c   Code   RO         5113    .text               c_w.l(exit.o)
    0x0800081a   0x0800081a   0x00000032   Code   RO         5117    .text               c_w.l(defsig_general.o)
    0x0800084c   0x0800084c   0x0000000e   Code   RO         5129    .text               c_w.l(sys_wrch.o)
    0x0800085a   0x0800085a   0x00000002   PAD
    0x0800085c   0x0800085c   0x00000008   Code   RO         5131    .text               c_w.l(libspace.o)
    0x08000864   0x08000864   0x0000006e   Code   RO          726    i.ADC_DMAConvCplt   stm32f4xx_hal_adc.o
    0x080008d2   0x080008d2   0x00000016   Code   RO          727    i.ADC_DMAError      stm32f4xx_hal_adc.o
    0x080008e8   0x080008e8   0x0000000a   Code   RO          728    i.ADC_DMAHalfConvCplt  stm32f4xx_hal_adc.o
    0x080008f2   0x080008f2   0x00000002   PAD
    0x080008f4   0x080008f4   0x0000012c   Code   RO          729    i.ADC_Init          stm32f4xx_hal_adc.o
    0x08000a20   0x08000a20   0x00000002   Code   RO          524    i.BusFault_Handler  stm32f4xx_it.o
    0x08000a22   0x08000a22   0x00000002   PAD
    0x08000a24   0x08000a24   0x0000000c   Code   RO          525    i.CAN2_RX0_IRQHandler  stm32f4xx_it.o
    0x08000a30   0x08000a30   0x0000000c   Code   RO          526    i.DMA2_Stream0_IRQHandler  stm32f4xx_it.o
    0x08000a3c   0x08000a3c   0x00000028   Code   RO         1463    i.DMA_CalcBaseAndBitshift  stm32f4xx_hal_dma.o
    0x08000a64   0x08000a64   0x00000054   Code   RO         1464    i.DMA_CheckFifoParam  stm32f4xx_hal_dma.o
    0x08000ab8   0x08000ab8   0x00000028   Code   RO         1465    i.DMA_SetConfig     stm32f4xx_hal_dma.o
    0x08000ae0   0x08000ae0   0x00000002   Code   RO          527    i.DebugMon_Handler  stm32f4xx_it.o
    0x08000ae2   0x08000ae2   0x00000006   Code   RO          528    i.EXTI1_IRQHandler  stm32f4xx_it.o
    0x08000ae8   0x08000ae8   0x00000004   Code   RO          297    i.Error_Handler     main.o
    0x08000aec   0x08000aec   0x00000078   Code   RO          298    i.FLASH_DMA_Write   main.o
    0x08000b64   0x08000b64   0x00000050   Code   RO         1278    i.FLASH_Erase_Sector  stm32f4xx_hal_flash_ex.o
    0x08000bb4   0x08000bb4   0x00000054   Code   RO         1279    i.FLASH_FlushCaches  stm32f4xx_hal_flash_ex.o
    0x08000c08   0x08000c08   0x00000028   Code   RO         1280    i.FLASH_MassErase   stm32f4xx_hal_flash_ex.o
    0x08000c30   0x08000c30   0x00000068   Code   RO         1164    i.FLASH_SetErrorCode  stm32f4xx_hal_flash.o
    0x08000c98   0x08000c98   0x00000050   Code   RO         1165    i.FLASH_WaitForLastOperation  stm32f4xx_hal_flash.o
    0x08000ce8   0x08000ce8   0x0000014c   Code   RO          731    i.HAL_ADC_ConfigChannel  stm32f4xx_hal_adc.o
    0x08000e34   0x08000e34   0x00000020   Code   RO          299    i.HAL_ADC_ConvCpltCallback  main.o
    0x08000e54   0x08000e54   0x00000002   Code   RO          733    i.HAL_ADC_ConvHalfCpltCallback  stm32f4xx_hal_adc.o
    0x08000e56   0x08000e56   0x00000002   Code   RO          735    i.HAL_ADC_ErrorCallback  stm32f4xx_hal_adc.o
    0x08000e58   0x08000e58   0x00000054   Code   RO          740    i.HAL_ADC_Init      stm32f4xx_hal_adc.o
    0x08000eac   0x08000eac   0x00000098   Code   RO          613    i.HAL_ADC_MspInit   stm32f4xx_hal_msp.o
    0x08000f44   0x08000f44   0x00000158   Code   RO          747    i.HAL_ADC_Start_DMA  stm32f4xx_hal_adc.o
    0x0800109c   0x0800109c   0x00000024   Code   RO         2155    i.HAL_CAN_ActivateNotification  stm32f4xx_hal_can.o
    0x080010c0   0x080010c0   0x000000bc   Code   RO         2156    i.HAL_CAN_AddTxMessage  stm32f4xx_hal_can.o
    0x0800117c   0x0800117c   0x00000100   Code   RO         2157    i.HAL_CAN_ConfigFilter  stm32f4xx_hal_can.o
    0x0800127c   0x0800127c   0x00000002   Code   RO         2160    i.HAL_CAN_ErrorCallback  stm32f4xx_hal_can.o
    0x0800127e   0x0800127e   0x000000f4   Code   RO         2163    i.HAL_CAN_GetRxMessage  stm32f4xx_hal_can.o
    0x08001372   0x08001372   0x000001fc   Code   RO         2167    i.HAL_CAN_IRQHandler  stm32f4xx_hal_can.o
    0x0800156e   0x0800156e   0x0000011a   Code   RO         2168    i.HAL_CAN_Init      stm32f4xx_hal_can.o
    0x08001688   0x08001688   0x000000e4   Code   RO          615    i.HAL_CAN_MspInit   stm32f4xx_hal_msp.o
    0x0800176c   0x0800176c   0x00000002   Code   RO         2175    i.HAL_CAN_RxFifo0FullCallback  stm32f4xx_hal_can.o
    0x0800176e   0x0800176e   0x00000002   PAD
    0x08001770   0x08001770   0x00000050   Code   RO          300    i.HAL_CAN_RxFifo0MsgPendingCallback  main.o
    0x080017c0   0x080017c0   0x00000002   Code   RO         2177    i.HAL_CAN_RxFifo1FullCallback  stm32f4xx_hal_can.o
    0x080017c2   0x080017c2   0x00000002   Code   RO         2178    i.HAL_CAN_RxFifo1MsgPendingCallback  stm32f4xx_hal_can.o
    0x080017c4   0x080017c4   0x00000002   Code   RO         2179    i.HAL_CAN_SleepCallback  stm32f4xx_hal_can.o
    0x080017c6   0x080017c6   0x00000002   PAD
    0x080017c8   0x080017c8   0x00000058   Code   RO         2180    i.HAL_CAN_Start     stm32f4xx_hal_can.o
    0x08001820   0x08001820   0x00000002   Code   RO         2182    i.HAL_CAN_TxMailbox0AbortCallback  stm32f4xx_hal_can.o
    0x08001822   0x08001822   0x00000002   Code   RO         2183    i.HAL_CAN_TxMailbox0CompleteCallback  stm32f4xx_hal_can.o
    0x08001824   0x08001824   0x00000002   Code   RO         2184    i.HAL_CAN_TxMailbox1AbortCallback  stm32f4xx_hal_can.o
    0x08001826   0x08001826   0x00000002   Code   RO         2185    i.HAL_CAN_TxMailbox1CompleteCallback  stm32f4xx_hal_can.o
    0x08001828   0x08001828   0x00000002   Code   RO         2186    i.HAL_CAN_TxMailbox2AbortCallback  stm32f4xx_hal_can.o
    0x0800182a   0x0800182a   0x00000002   Code   RO         2187    i.HAL_CAN_TxMailbox2CompleteCallback  stm32f4xx_hal_can.o
    0x0800182c   0x0800182c   0x00000002   Code   RO         2189    i.HAL_CAN_WakeUpFromRxMsgCallback  stm32f4xx_hal_can.o
    0x0800182e   0x0800182e   0x0000008e   Code   RO         1466    i.HAL_DMA_Abort     stm32f4xx_hal_dma.o
    0x080018bc   0x080018bc   0x000001a8   Code   RO         1471    i.HAL_DMA_IRQHandler  stm32f4xx_hal_dma.o
    0x08001a64   0x08001a64   0x000000d4   Code   RO         1472    i.HAL_DMA_Init      stm32f4xx_hal_dma.o
    0x08001b38   0x08001b38   0x00000124   Code   RO         1473    i.HAL_DMA_PollForTransfer  stm32f4xx_hal_dma.o
    0x08001c5c   0x08001c5c   0x00000046   Code   RO         1475    i.HAL_DMA_Start     stm32f4xx_hal_dma.o
    0x08001ca2   0x08001ca2   0x0000006e   Code   RO         1476    i.HAL_DMA_Start_IT  stm32f4xx_hal_dma.o
    0x08001d10   0x08001d10   0x00000024   Code   RO         1903    i.HAL_Delay         stm32f4xx_hal.o
    0x08001d34   0x08001d34   0x00000098   Code   RO         1281    i.HAL_FLASHEx_Erase  stm32f4xx_hal_flash_ex.o
    0x08001dcc   0x08001dcc   0x00000014   Code   RO         1169    i.HAL_FLASH_Lock    stm32f4xx_hal_flash.o
    0x08001de0   0x08001de0   0x0000002c   Code   RO         1176    i.HAL_FLASH_Unlock  stm32f4xx_hal_flash.o
    0x08001e0c   0x08001e0c   0x0000002c   Code   RO          301    i.HAL_GPIO_EXTI_Callback  main.o
    0x08001e38   0x08001e38   0x00000018   Code   RO         1358    i.HAL_GPIO_EXTI_IRQHandler  stm32f4xx_hal_gpio.o
    0x08001e50   0x08001e50   0x000001f0   Code   RO         1359    i.HAL_GPIO_Init     stm32f4xx_hal_gpio.o
    0x08002040   0x08002040   0x00000010   Code   RO         1362    i.HAL_GPIO_TogglePin  stm32f4xx_hal_gpio.o
    0x08002050   0x08002050   0x0000000a   Code   RO         1363    i.HAL_GPIO_WritePin  stm32f4xx_hal_gpio.o
    0x0800205a   0x0800205a   0x00000002   PAD
    0x0800205c   0x0800205c   0x0000000c   Code   RO         1909    i.HAL_GetTick       stm32f4xx_hal.o
    0x08002068   0x08002068   0x00000010   Code   RO         1915    i.HAL_IncTick       stm32f4xx_hal.o
    0x08002078   0x08002078   0x00000034   Code   RO         1916    i.HAL_Init          stm32f4xx_hal.o
    0x080020ac   0x080020ac   0x00000098   Code   RO          687    i.HAL_InitTick      stm32f4xx_hal_timebase_tim.o
    0x08002144   0x08002144   0x00000038   Code   RO          616    i.HAL_MspInit       stm32f4xx_hal_msp.o
    0x0800217c   0x0800217c   0x0000001c   Code   RO         1751    i.HAL_NVIC_EnableIRQ  stm32f4xx_hal_cortex.o
    0x08002198   0x08002198   0x00000040   Code   RO         1757    i.HAL_NVIC_SetPriority  stm32f4xx_hal_cortex.o
    0x080021d8   0x080021d8   0x00000024   Code   RO         1758    i.HAL_NVIC_SetPriorityGrouping  stm32f4xx_hal_cortex.o
    0x080021fc   0x080021fc   0x00000134   Code   RO         1005    i.HAL_RCC_ClockConfig  stm32f4xx_hal_rcc.o
    0x08002330   0x08002330   0x00000040   Code   RO         1009    i.HAL_RCC_GetClockConfig  stm32f4xx_hal_rcc.o
    0x08002370   0x08002370   0x00000020   Code   RO         1012    i.HAL_RCC_GetPCLK1Freq  stm32f4xx_hal_rcc.o
    0x08002390   0x08002390   0x00000064   Code   RO         1014    i.HAL_RCC_GetSysClockFreq  stm32f4xx_hal_rcc.o
    0x080023f4   0x080023f4   0x0000036c   Code   RO         1017    i.HAL_RCC_OscConfig  stm32f4xx_hal_rcc.o
    0x08002760   0x08002760   0x000000bc   Code   RO         2399    i.HAL_SPI_Init      stm32f4xx_hal_spi.o
    0x0800281c   0x0800281c   0x00000084   Code   RO          618    i.HAL_SPI_MspInit   stm32f4xx_hal_msp.o
    0x080028a0   0x080028a0   0x00000162   Code   RO         2407    i.HAL_SPI_Transmit  stm32f4xx_hal_spi.o
    0x08002a02   0x08002a02   0x00000002   Code   RO         3416    i.HAL_TIMEx_BreakCallback  stm32f4xx_hal_tim_ex.o
    0x08002a04   0x08002a04   0x00000002   Code   RO         3417    i.HAL_TIMEx_CommutCallback  stm32f4xx_hal_tim_ex.o
    0x08002a06   0x08002a06   0x00000002   PAD
    0x08002a08   0x08002a08   0x00000090   Code   RO         3435    i.HAL_TIMEx_MasterConfigSynchronization  stm32f4xx_hal_tim_ex.o
    0x08002a98   0x08002a98   0x00000048   Code   RO         2712    i.HAL_TIM_Base_Init  stm32f4xx_hal_tim.o
    0x08002ae0   0x08002ae0   0x0000003c   Code   RO          620    i.HAL_TIM_Base_MspInit  stm32f4xx_hal_msp.o
    0x08002b1c   0x08002b1c   0x00000080   Code   RO         2717    i.HAL_TIM_Base_Start_IT  stm32f4xx_hal_tim.o
    0x08002b9c   0x08002b9c   0x000000da   Code   RO         2721    i.HAL_TIM_ConfigClockSource  stm32f4xx_hal_tim.o
    0x08002c76   0x08002c76   0x00000002   Code   RO         2746    i.HAL_TIM_IC_CaptureCallback  stm32f4xx_hal_tim.o
    0x08002c78   0x08002c78   0x00000130   Code   RO         2760    i.HAL_TIM_IRQHandler  stm32f4xx_hal_tim.o
    0x08002da8   0x08002da8   0x00000002   Code   RO         2763    i.HAL_TIM_OC_DelayElapsedCallback  stm32f4xx_hal_tim.o
    0x08002daa   0x08002daa   0x00000002   Code   RO         2790    i.HAL_TIM_PWM_PulseFinishedCallback  stm32f4xx_hal_tim.o
    0x08002dac   0x08002dac   0x00000034   Code   RO          302    i.HAL_TIM_PeriodElapsedCallback  main.o
    0x08002de0   0x08002de0   0x00000002   Code   RO         2803    i.HAL_TIM_TriggerCallback  stm32f4xx_hal_tim.o
    0x08002de2   0x08002de2   0x00000002   Code   RO          529    i.HardFault_Handler  stm32f4xx_it.o
    0x08002de4   0x08002de4   0x00000060   Code   RO          303    i.MX_ADC1_Init      main.o
    0x08002e44   0x08002e44   0x00000064   Code   RO          304    i.MX_CAN1_Init      main.o
    0x08002ea8   0x08002ea8   0x00000078   Code   RO          305    i.MX_CAN2_Init      main.o
    0x08002f20   0x08002f20   0x00000070   Code   RO          306    i.MX_DMA_Init       main.o
    0x08002f90   0x08002f90   0x000000ac   Code   RO          307    i.MX_GPIO_Init      main.o
    0x0800303c   0x0800303c   0x00000044   Code   RO          308    i.MX_SPI1_Init      main.o
    0x08003080   0x08003080   0x0000006c   Code   RO          309    i.MX_TIM4_Init      main.o
    0x080030ec   0x080030ec   0x00000002   Code   RO          530    i.MemManage_Handler  stm32f4xx_it.o
    0x080030ee   0x080030ee   0x00000002   Code   RO          531    i.NMI_Handler       stm32f4xx_it.o
    0x080030f0   0x080030f0   0x00000070   Code   RO         2437    i.SPI_EndRxTxTransaction  stm32f4xx_hal_spi.o
    0x08003160   0x08003160   0x000000b8   Code   RO         2442    i.SPI_WaitFlagStateUntilTimeout  stm32f4xx_hal_spi.o
    0x08003218   0x08003218   0x00000064   Code   RO           43    i.ST7789_Fill_Color  st7789.o
    0x0800327c   0x0800327c   0x00000184   Code   RO           44    i.ST7789_Init       st7789.o
    0x08003400   0x08003400   0x00000078   Code   RO           46    i.ST7789_SetAddressWindow  st7789.o
    0x08003478   0x08003478   0x00000030   Code   RO           47    i.ST7789_SetRotation  st7789.o
    0x080034a8   0x080034a8   0x000000b0   Code   RO           50    i.ST7789_WriteChar  st7789.o
    0x08003558   0x08003558   0x0000003c   Code   RO           51    i.ST7789_WriteCommand  st7789.o
    0x08003594   0x08003594   0x00000064   Code   RO           52    i.ST7789_WriteData  st7789.o
    0x080035f8   0x080035f8   0x0000003c   Code   RO           53    i.ST7789_WriteSmallData  st7789.o
    0x08003634   0x08003634   0x00000074   Code   RO           54    i.ST7789_WriteString  st7789.o
    0x080036a8   0x080036a8   0x00000068   Code   RO          310    i.StartTask01       main.o
    0x08003710   0x08003710   0x00000050   Code   RO          311    i.StartTask02       main.o
    0x08003760   0x08003760   0x00000080   Code   RO          312    i.StartTask03       main.o
    0x080037e0   0x080037e0   0x0000002c   Code   RO         4939    i.SysTick_Handler   port.o
    0x0800380c   0x0800380c   0x00000090   Code   RO          313    i.SystemClock_Config  main.o
    0x0800389c   0x0800389c   0x00000010   Code   RO         3684    i.SystemInit        system_stm32f4xx.o
    0x080038ac   0x080038ac   0x0000000c   Code   RO          532    i.TIM2_IRQHandler   stm32f4xx_it.o
    0x080038b8   0x080038b8   0x0000000c   Code   RO          533    i.TIM4_IRQHandler   stm32f4xx_it.o
    0x080038c4   0x080038c4   0x000000d8   Code   RO         2805    i.TIM_Base_SetConfig  stm32f4xx_hal_tim.o
    0x0800399c   0x0800399c   0x00000014   Code   RO         2816    i.TIM_ETR_SetConfig  stm32f4xx_hal_tim.o
    0x080039b0   0x080039b0   0x00000010   Code   RO         2817    i.TIM_ITRx_SetConfig  stm32f4xx_hal_tim.o
    0x080039c0   0x080039c0   0x00000022   Code   RO         2823    i.TIM_TI1_ConfigInputStage  stm32f4xx_hal_tim.o
    0x080039e2   0x080039e2   0x00000024   Code   RO         2825    i.TIM_TI2_ConfigInputStage  stm32f4xx_hal_tim.o
    0x08003a06   0x08003a06   0x00000002   Code   RO          534    i.UsageFault_Handler  stm32f4xx_it.o
    0x08003a08   0x08003a08   0x00000020   Code   RO         1764    i.__NVIC_SetPriority  stm32f4xx_hal_cortex.o
    0x08003a28   0x08003a28   0x0000000c   Code   RO         4502    i.inHandlerMode     cmsis_os.o
    0x08003a34   0x08003a34   0x00000104   Code   RO          314    i.main              main.o
    0x08003b38   0x08003b38   0x0000000c   Code   RO         4504    i.makeFreeRtosPriority  cmsis_os.o
    0x08003b44   0x08003b44   0x0000000a   Code   RO         4509    i.osKernelStart     cmsis_os.o
    0x08003b4e   0x08003b4e   0x00000026   Code   RO         4518    i.osMessageCreate   cmsis_os.o
    0x08003b74   0x08003b74   0x00000094   Code   RO         4520    i.osMessageGet      cmsis_os.o
    0x08003c08   0x08003c08   0x0000005c   Code   RO         4522    i.osMessagePut      cmsis_os.o
    0x08003c64   0x08003c64   0x0000003e   Code   RO         4535    i.osSemaphoreCreate  cmsis_os.o
    0x08003ca2   0x08003ca2   0x00000002   PAD
    0x08003ca4   0x08003ca4   0x00000050   Code   RO         4538    i.osSemaphoreRelease  cmsis_os.o
    0x08003cf4   0x08003cf4   0x00000064   Code   RO         4539    i.osSemaphoreWait   cmsis_os.o
    0x08003d58   0x08003d58   0x00000054   Code   RO         4543    i.osThreadCreate    cmsis_os.o
    0x08003dac   0x08003dac   0x00000070   Code   RO         4186    i.prvAddCurrentTaskToDelayedList  tasks.o
    0x08003e1c   0x08003e1c   0x000000d0   Code   RO         4187    i.prvAddNewTaskToReadyList  tasks.o
    0x08003eec   0x08003eec   0x00000026   Code   RO         3862    i.prvCopyDataFromQueue  queue.o
    0x08003f12   0x08003f12   0x0000006c   Code   RO         3863    i.prvCopyDataToQueue  queue.o
    0x08003f7e   0x08003f7e   0x00000034   Code   RO         4188    i.prvDeleteTCB      tasks.o
    0x08003fb2   0x08003fb2   0x00000002   PAD
    0x08003fb4   0x08003fb4   0x0000004c   Code   RO         4871    i.prvHeapInit       heap_4.o
    0x08004000   0x08004000   0x00000060   Code   RO         4189    i.prvIdleTask       tasks.o
    0x08004060   0x08004060   0x00000016   Code   RO         3865    i.prvInitialiseNewQueue  queue.o
    0x08004076   0x08004076   0x00000098   Code   RO         4190    i.prvInitialiseNewTask  tasks.o
    0x0800410e   0x0800410e   0x00000002   PAD
    0x08004110   0x08004110   0x0000004c   Code   RO         4872    i.prvInsertBlockIntoFreeList  heap_4.o
    0x0800415c   0x0800415c   0x0000001c   Code   RO         3866    i.prvIsQueueEmpty   queue.o
    0x08004178   0x08004178   0x00000020   Code   RO         4191    i.prvResetNextTaskUnblockTime  tasks.o
    0x08004198   0x08004198   0x00000020   Code   RO         4940    i.prvTaskExitError  port.o
    0x080041b8   0x080041b8   0x0000006a   Code   RO         3867    i.prvUnlockQueue    queue.o
    0x08004222   0x08004222   0x00000002   PAD
    0x08004224   0x08004224   0x000000dc   Code   RO         4873    i.pvPortMalloc      heap_4.o
    0x08004300   0x08004300   0x00000018   Code   RO         4193    i.pvTaskIncrementMutexHeldCount  tasks.o
    0x08004318   0x08004318   0x0000002c   Code   RO         4941    i.pxPortInitialiseStack  port.o
    0x08004344   0x08004344   0x00000026   Code   RO         3822    i.uxListRemove      list.o
    0x0800436a   0x0800436a   0x00000002   PAD
    0x0800436c   0x0800436c   0x00000014   Code   RO          490    i.vApplicationGetIdleTaskMemory  freertos.o
    0x08004380   0x08004380   0x00000016   Code   RO         3823    i.vListInitialise   list.o
    0x08004396   0x08004396   0x00000006   Code   RO         3824    i.vListInitialiseItem  list.o
    0x0800439c   0x0800439c   0x00000030   Code   RO         3825    i.vListInsert       list.o
    0x080043cc   0x080043cc   0x00000018   Code   RO         3826    i.vListInsertEnd    list.o
    0x080043e4   0x080043e4   0x00000040   Code   RO         4943    i.vPortEnterCritical  port.o
    0x08004424   0x08004424   0x00000028   Code   RO         4944    i.vPortExitCritical  port.o
    0x0800444c   0x0800444c   0x00000064   Code   RO         4874    i.vPortFree         heap_4.o
    0x080044b0   0x080044b0   0x00000024   Code   RO         4945    i.vPortSetupTimerInterrupt  port.o
    0x080044d4   0x080044d4   0x00000054   Code   RO         4946    i.vPortValidateInterruptPriority  port.o
    0x08004528   0x08004528   0x00000010   Code   RO         4203    i.vTaskInternalSetTimeOutState  tasks.o
    0x08004538   0x08004538   0x0000000c   Code   RO         4204    i.vTaskMissedYield  tasks.o
    0x08004544   0x08004544   0x00000030   Code   RO         4206    i.vTaskPlaceOnEventList  tasks.o
    0x08004574   0x08004574   0x000000a0   Code   RO         4208    i.vTaskPriorityDisinheritAfterTimeout  tasks.o
    0x08004614   0x08004614   0x0000006c   Code   RO         4213    i.vTaskStartScheduler  tasks.o
    0x08004680   0x08004680   0x00000010   Code   RO         4215    i.vTaskSuspendAll   tasks.o
    0x08004690   0x08004690   0x0000005c   Code   RO         4216    i.vTaskSwitchContext  tasks.o
    0x080046ec   0x080046ec   0x000000f8   Code   RO         4947    i.xPortStartScheduler  port.o
    0x080047e4   0x080047e4   0x00000042   Code   RO         3876    i.xQueueGenericCreate  queue.o
    0x08004826   0x08004826   0x00000066   Code   RO         3877    i.xQueueGenericCreateStatic  queue.o
    0x0800488c   0x0800488c   0x00000088   Code   RO         3878    i.xQueueGenericReset  queue.o
    0x08004914   0x08004914   0x00000160   Code   RO         3879    i.xQueueGenericSend  queue.o
    0x08004a74   0x08004a74   0x000000be   Code   RO         3880    i.xQueueGenericSendFromISR  queue.o
    0x08004b32   0x08004b32   0x0000009c   Code   RO         3881    i.xQueueGiveFromISR  queue.o
    0x08004bce   0x08004bce   0x00000002   PAD
    0x08004bd0   0x08004bd0   0x00000138   Code   RO         3886    i.xQueueReceive     queue.o
    0x08004d08   0x08004d08   0x0000009a   Code   RO         3887    i.xQueueReceiveFromISR  queue.o
    0x08004da2   0x08004da2   0x00000002   PAD
    0x08004da4   0x08004da4   0x00000178   Code   RO         3888    i.xQueueSemaphoreTake  queue.o
    0x08004f1c   0x08004f1c   0x00000074   Code   RO         4218    i.xTaskCheckForTimeOut  tasks.o
    0x08004f90   0x08004f90   0x0000005a   Code   RO         4219    i.xTaskCreate       tasks.o
    0x08004fea   0x08004fea   0x00000056   Code   RO         4220    i.xTaskCreateStatic  tasks.o
    0x08005040   0x08005040   0x0000001c   Code   RO         4224    i.xTaskGetSchedulerState  tasks.o
    0x0800505c   0x0800505c   0x000000cc   Code   RO         4227    i.xTaskIncrementTick  tasks.o
    0x08005128   0x08005128   0x00000098   Code   RO         4230    i.xTaskPriorityDisinherit  tasks.o
    0x080051c0   0x080051c0   0x0000008c   Code   RO         4231    i.xTaskPriorityInherit  tasks.o
    0x0800524c   0x0800524c   0x00000074   Code   RO         4232    i.xTaskRemoveFromEventList  tasks.o
    0x080052c0   0x080052c0   0x000000c4   Code   RO         4233    i.xTaskResumeAll    tasks.o
    0x08005384   0x08005384   0x0000000a   Code   RO         5206    x$fpl$fpinit        fz_wm.l(fpinit.o)
    0x0800538e   0x0800538e   0x0000076c   Data   RO           10    .constdata          fonts.o
    0x08005afa   0x08005afa   0x00000002   PAD
    0x08005afc   0x08005afc   0x00000084   Data   RO          329    .constdata          main.o
    0x08005b80   0x08005b80   0x00000008   Data   RO         1478    .constdata          stm32f4xx_hal_dma.o
    0x08005b88   0x08005b88   0x00000010   Data   RO         3685    .constdata          system_stm32f4xx.o
    0x08005b98   0x08005b98   0x00000008   Data   RO         3686    .constdata          system_stm32f4xx.o
    0x08005ba0   0x08005ba0   0x00000015   Data   RO          330    .conststring        main.o
    0x08005bb5   0x08005bb5   0x00000003   PAD
    0x08005bb8   0x08005bb8   0x00000020   Data   RO         5238    Region$$Table       anon$$obj.o


    Execution Region RW_IRAM1 (Exec base: 0x20000000, Load base: 0x08005bd8, Size: 0x00007ba0, Max: 0x0001c000, ABSOLUTE)

    Exec Addr    Load Addr    Size         Type   Attr      Idx    E Section Name        Object

    0x20000000   0x08005bd8   0x00000008   Data   RW           12    .data               fonts.o
    0x20000008   0x08005be0   0x00000044   Data   RW          331    .data               main.o
    0x2000004c   0x08005c24   0x00000004   Data   RW          621    .data               stm32f4xx_hal_msp.o
    0x20000050   0x08005c28   0x0000000c   Data   RW         1923    .data               stm32f4xx_hal.o
    0x2000005c   0x08005c34   0x00000004   Data   RW         3687    .data               system_stm32f4xx.o
    0x20000060   0x08005c38   0x0000003c   Data   RW         4236    .data               tasks.o
    0x2000009c   0x08005c74   0x00000020   Data   RW         4880    .data               heap_4.o
    0x200000bc   0x08005c94   0x0000000c   Data   RW         4948    .data               port.o
    0x200000c8        -       0x000001cc   Zero   RW          315    .bss                main.o
    0x20000294        -       0x00000060   Zero   RW          316    .bss                main.o
    0x200002f4        -       0x00001000   Zero   RW          317    .bss                main.o
    0x200012f4        -       0x00000054   Zero   RW          318    .bss                main.o
    0x20001348        -       0x00001000   Zero   RW          319    .bss                main.o
    0x20002348        -       0x00000054   Zero   RW          320    .bss                main.o
    0x2000239c        -       0x00001000   Zero   RW          321    .bss                main.o
    0x2000339c        -       0x00000054   Zero   RW          322    .bss                main.o
    0x200033f0        -       0x00000040   Zero   RW          323    .bss                main.o
    0x20003430        -       0x00000048   Zero   RW          324    .bss                main.o
    0x20003478        -       0x00000040   Zero   RW          325    .bss                main.o
    0x200034b8        -       0x00000048   Zero   RW          326    .bss                main.o
    0x20003500        -       0x00000048   Zero   RW          327    .bss                main.o
    0x20003548        -       0x00000048   Zero   RW          328    .bss                main.o
    0x20003590        -       0x00000254   Zero   RW          491    .bss                freertos.o
    0x200037e4        -       0x00000048   Zero   RW          690    .bss                stm32f4xx_hal_timebase_tim.o
    0x2000382c        -       0x00000020   Zero   RW         1177    .bss                stm32f4xx_hal_flash.o
    0x2000384c        -       0x000000f0   Zero   RW         4235    .bss                tasks.o
    0x2000393c        -       0x00003c00   Zero   RW         4879    .bss                heap_4.o
    0x2000753c        -       0x00000060   Zero   RW         5132    .bss                c_w.l(libspace.o)
    0x2000759c   0x08005ca0   0x00000004   PAD
    0x200075a0        -       0x00000200   Zero   RW            2    HEAP                startup_stm32f405xx.o
    0x200077a0        -       0x00000400   Zero   RW            1    STACK               startup_stm32f405xx.o


    Execution Region RW_IRAM2 (Exec base: 0x2001c000, Load base: 0x08005ca0, Size: 0x00000000, Max: 0x00004000, ABSOLUTE)

    **** No section assigned to this execution region ****


==============================================================================

Image component sizes


      Code (inc. data)   RO Data    RW Data    ZI Data      Debug   Object Name

       638         22          0          0          0      32386   cmsis_os.o
         0          0          0          0          0      19856   event_groups.o
         0          0       1900          8          0       5290   fonts.o
        20          4          0          0        596       1140   freertos.o
       472         24          0         32      15360       7135   heap_4.o
       138          0          0          0          0       3322   list.o
      1824        236        153         68      13512      44843   main.o
       782         80          0         12          0      11605   port.o
      2146         18          0          0          0      18883   queue.o
      1168         98          0          0          0     674987   st7789.o
        64         26        392          0       1536        828   startup_stm32f405xx.o
       116         18          0         12          0       8606   stm32f4xx_hal.o
      1206         72          0          0          0       6342   stm32f4xx_hal_adc.o
      1626          6          0          0          0      13195   stm32f4xx_hal_can.o
       160         24          0          0          0      32654   stm32f4xx_hal_cortex.o
      1414         16          8          0          0       7669   stm32f4xx_hal_dma.o
       248         34          0          0         32       2678   stm32f4xx_hal_flash.o
       356         24          0          0          0       3702   stm32f4xx_hal_flash_ex.o
       546         52          0          0          0       3144   stm32f4xx_hal_gpio.o
       628         76          0          4          0       4007   stm32f4xx_hal_msp.o
      1380         74          0          0          0       4982   stm32f4xx_hal_rcc.o
       838         16          0          0          0       3766   stm32f4xx_hal_spi.o
      1052         74          0          0          0       9569   stm32f4xx_hal_tim.o
       148         30          0          0          0       2397   stm32f4xx_hal_tim_ex.o
       152         18          0          0         72       1403   stm32f4xx_hal_timebase_tim.o
        66         24          0          0          0       5024   stm32f4xx_it.o
         0          0          0          0          0        396   stream_buffer.o
        16          4         24          4          0       1099   system_stm32f4xx.o
      2256        164          0         60        240      25114   tasks.o

    ----------------------------------------------------------------------
     19488       1234       2514        200      31348     956022   Object Totals
         0          0         32          0          0          0   (incl. Generated)
        28          0          5          0          0          0   (incl. Padding)

    ----------------------------------------------------------------------

      Code (inc. data)   RO Data    RW Data    ZI Data      Debug   Library Member Name

         8          0          0          0          0         68   __main.o
       104          0          0          0          0         84   __printf.o
        52          8          0          0          0          0   __scatter.o
        26          0          0          0          0          0   __scatter_copy.o
        28          0          0          0          0          0   __scatter_zi.o
        48          6          0          0          0         96   _printf_char_common.o
         6          0          0          0          0          0   _printf_d.o
       120         18          0          0          0         92   _printf_dec.o
       184          0          0          0          0         88   _printf_intcommon.o
         0          0          0          0          0          0   _printf_percent.o
         4          0          0          0          0          0   _printf_percent_end.o
        10          0          0          0          0         68   _sputc.o
        16          0          0          0          0         72   abort.o
        48         34          0          0          0         76   defsig_abrt_inner.o
        14          0          0          0          0         80   defsig_abrt_outer.o
        10          0          0          0          0         68   defsig_exit.o
        50          0          0          0          0         88   defsig_general.o
        12          0          0          0          0         72   exit.o
         6          0          0          0          0        152   heapauxi.o
         0          0          0          0          0          0   indicate_semi.o
         2          0          0          0          0          0   libinit.o
         6          0          0          0          0          0   libinit2.o
         2          0          0          0          0          0   libshutdown.o
         2          0          0          0          0          0   libshutdown2.o
         8          4          0          0         96         68   libspace.o
       238          0          0          0          0        100   lludivv7m.o
        40          6          0          0          0         84   noretval__2sprintf.o
        78          0          0          0          0         80   rt_memclr_w.o
       138          0          0          0          0         68   rt_memcpy_v6.o
       100          0          0          0          0         80   rt_memcpy_w.o
         0          0          0          0          0          0   rtentry.o
        12          0          0          0          0          0   rtentry2.o
         6          0          0          0          0          0   rtentry4.o
         2          0          0          0          0          0   rtexit.o
        10          0          0          0          0          0   rtexit2.o
        12          4          0          0          0         68   sys_exit.o
        74          0          0          0          0         80   sys_stackheap_outer.o
        14          0          0          0          0         76   sys_wrch.o
         2          0          0          0          0         68   use_no_semi.o
        10          0          0          0          0        116   fpinit.o

    ----------------------------------------------------------------------
      1510         80          0          0        100       1992   Library Totals
         8          0          0          0          4          0   (incl. Padding)

    ----------------------------------------------------------------------

      Code (inc. data)   RO Data    RW Data    ZI Data      Debug   Library Name

      1492         80          0          0         96       1876   c_w.l
        10          0          0          0          0        116   fz_wm.l

    ----------------------------------------------------------------------
      1510         80          0          0        100       1992   Library Totals

    ----------------------------------------------------------------------

==============================================================================


      Code (inc. data)   RO Data    RW Data    ZI Data      Debug   

     20998       1314       2514        200      31448     938122   Grand Totals
     20998       1314       2514        200      31448     938122   ELF Image Totals
     20998       1314       2514        200          0          0   ROM Totals

==============================================================================

    Total RO  Size (Code + RO Data)                23512 (  22.96kB)
    Total RW  Size (RW Data + ZI Data)             31648 (  30.91kB)
    Total ROM Size (Code + RO Data + RW Data)      23712 (  23.16kB)

==============================================================================

