<html>
<body>
<pre>
<h1>µVision Build Log</h1>
<h2>Tool Versions:</h2>
IDE-Version: µVision V5.41.0.0
Copyright (C) 2024 ARM Ltd and ARM Germany GmbH. All rights reserved.
License Information: A A, A, LIC=----
 
Tool Versions:
Toolchain:       MDK-Lite  Version: 5.41.0.0
Toolchain Path:  D:\KeilC\KeilCDownload\ARM\ARM_Compiler_5\Bin
C Compiler:      Armcc.exe V5.03 [Build 24]
Assembler:       Armasm.exe V5.03.0.24 [Evaluation]
Linker/Locator:  ArmLink.exe V5.03.0.24 [Evaluation]
Library Manager: ArmAr.exe V5.03.0.24 [Evaluation]
Hex Converter:   FromElf.exe V5.03.0.24 [Evaluation]
CPU DLL:         SARMCM3.DLL V5.41.0.0
Dialog DLL:      DCM.DLL V1.17.5.0
Target DLL:      STLink\ST-LINKIII-KEIL_SWO.dll V3.3.0.0
Dialog DLL:      TCM.DLL V1.56.4.0
 
<h2>Project:</h2>
D:\HKI_NAM4\EmbeddedSystem\Project_RTOS\htn-rtos\RTOS_Project\MDK-ARM\RTOS_Project.uvprojx
Project File Date:  11/24/2024

<h2>Output:</h2>
*** Using Compiler 'V5.03 [Build 24]', folder: 'D:\KeilC\KeilCDownload\ARM\ARM_Compiler_5\Bin'
Rebuild target 'RTOS_Project'
assembling startup_stm32f405xx.s...
compiling fonts.c...
compiling st7789.c...
..\Core\Touch_LCD\st7789.c(239): warning:  #186-D: pointless comparison of unsigned integer with zero
  	if ((x < 0) || (x >= ST7789_WIDTH) ||
..\Core\Touch_LCD\st7789.c(240): warning:  #186-D: pointless comparison of unsigned integer with zero
  		 (y < 0) || (y >= ST7789_HEIGHT))	return;
..\Core\Touch_LCD\st7789.c(258): warning:  #186-D: pointless comparison of unsigned integer with zero
  	if ((xEnd < 0) || (xEnd >= ST7789_WIDTH) ||
..\Core\Touch_LCD\st7789.c(259): warning:  #186-D: pointless comparison of unsigned integer with zero
  		 (yEnd < 0) || (yEnd >= ST7789_HEIGHT))	return;
..\Core\Touch_LCD\st7789.c: 4 warnings, 0 errors
compiling freertos.c...
compiling main.c...
compiling stm32f4xx_it.c...
compiling stm32f4xx_hal_timebase_tim.c...
compiling stm32f4xx_hal_msp.c...
compiling stm32f4xx_ll_adc.c...
compiling stm32f4xx_hal_adc_ex.c...
compiling stm32f4xx_hal_rcc.c...
compiling stm32f4xx_hal_adc.c...
compiling stm32f4xx_hal_rcc_ex.c...
compiling stm32f4xx_hal_flash_ex.c...
compiling stm32f4xx_hal_flash.c...
compiling stm32f4xx_hal_flash_ramfunc.c...
compiling stm32f4xx_hal_gpio.c...
compiling stm32f4xx_hal_dma_ex.c...
compiling stm32f4xx_hal_pwr_ex.c...
compiling stm32f4xx_hal_dma.c...
compiling stm32f4xx_hal_pwr.c...
compiling stm32f4xx_hal_exti.c...
compiling stm32f4xx_hal.c...
compiling stm32f4xx_hal_cortex.c...
compiling stm32f4xx_hal_can.c...
compiling stm32f4xx_hal_spi.c...
compiling stm32f4xx_hal_tim.c...
compiling croutine.c...
compiling event_groups.c...
compiling list.c...
compiling queue.c...
compiling stream_buffer.c...
compiling tasks.c...
compiling timers.c...
compiling cmsis_os.c...
compiling heap_4.c...
compiling port.c...
compiling system_stm32f4xx.c...
compiling stm32f4xx_hal_tim_ex.c...
linking...
Program Size: Code=20998 RO-data=2514 RW-data=200 ZI-data=31448  
FromELF: creating hex file...
"RTOS_Project\RTOS_Project.axf" - 0 Error(s), 4 Warning(s).

<h2>Software Packages used:</h2>

Package Vendor: ARM
                https://www.keil.com/pack/ARM.CMSIS.6.1.0.pack
                ARM::CMSIS@6.1.0
                CMSIS (Common Microcontroller Software Interface Standard)
   * Component: CORE Version: 6.1.0

Package Vendor: Keil
                https://www.keil.com/pack/Keil.STM32F4xx_DFP.2.17.1.pack
                Keil::STM32F4xx_DFP@2.17.1
                STMicroelectronics STM32F4 Series Device Support, Drivers and Examples

<h2>Collection of Component include folders:</h2>
  ./RTE/_RTOS_Project
  D:/KeilC/KeilCPack/ARM/CMSIS/6.1.0/CMSIS/Core/Include
  D:/KeilC/KeilCPack/Keil/STM32F4xx_DFP/2.17.1/Drivers/CMSIS/Device/ST/STM32F4xx/Include

<h2>Collection of Component Files used:</h2>

   * Component: ARM::CMSIS:CORE@6.1.0
      Include file:  CMSIS/Core/Include/tz_context.h
Build Time Elapsed:  00:00:48
</pre>
</body>
</html>
